Archive member included to satisfy reference by file (symbol)

c:/st/stm32cubeide_1.0.2/stm32cubeide/plugins/com.st.stm32cube.ide.mcu.externaltools.gnu-tools-for-stm32.7-2018-q2-update.win32_1.0.0.201904181610/tools/bin/../lib/gcc/arm-none-eabi/7.3.1/../../../../arm-none-eabi/lib/thumb/v7e-m/fpv4-sp/hard\libc_nano.a(lib_a-errno.o)
                              Src/syscalls.o (__errno)
c:/st/stm32cubeide_1.0.2/stm32cubeide/plugins/com.st.stm32cube.ide.mcu.externaltools.gnu-tools-for-stm32.7-2018-q2-update.win32_1.0.0.201904181610/tools/bin/../lib/gcc/arm-none-eabi/7.3.1/../../../../arm-none-eabi/lib/thumb/v7e-m/fpv4-sp/hard\libc_nano.a(lib_a-exit.o)
                              c:/st/stm32cubeide_1.0.2/stm32cubeide/plugins/com.st.stm32cube.ide.mcu.externaltools.gnu-tools-for-stm32.7-2018-q2-update.win32_1.0.0.201904181610/tools/bin/../lib/gcc/arm-none-eabi/7.3.1/../../../../arm-none-eabi/lib/thumb/v7e-m/fpv4-sp/hard/crt0.o (exit)
c:/st/stm32cubeide_1.0.2/stm32cubeide/plugins/com.st.stm32cube.ide.mcu.externaltools.gnu-tools-for-stm32.7-2018-q2-update.win32_1.0.0.201904181610/tools/bin/../lib/gcc/arm-none-eabi/7.3.1/../../../../arm-none-eabi/lib/thumb/v7e-m/fpv4-sp/hard\libc_nano.a(lib_a-impure.o)
                              c:/st/stm32cubeide_1.0.2/stm32cubeide/plugins/com.st.stm32cube.ide.mcu.externaltools.gnu-tools-for-stm32.7-2018-q2-update.win32_1.0.0.201904181610/tools/bin/../lib/gcc/arm-none-eabi/7.3.1/../../../../arm-none-eabi/lib/thumb/v7e-m/fpv4-sp/hard\libc_nano.a(lib_a-exit.o) (_global_impure_ptr)
c:/st/stm32cubeide_1.0.2/stm32cubeide/plugins/com.st.stm32cube.ide.mcu.externaltools.gnu-tools-for-stm32.7-2018-q2-update.win32_1.0.0.201904181610/tools/bin/../lib/gcc/arm-none-eabi/7.3.1/../../../../arm-none-eabi/lib/thumb/v7e-m/fpv4-sp/hard\libc_nano.a(lib_a-init.o)
                              c:/st/stm32cubeide_1.0.2/stm32cubeide/plugins/com.st.stm32cube.ide.mcu.externaltools.gnu-tools-for-stm32.7-2018-q2-update.win32_1.0.0.201904181610/tools/bin/../lib/gcc/arm-none-eabi/7.3.1/../../../../arm-none-eabi/lib/thumb/v7e-m/fpv4-sp/hard/crt0.o (__libc_init_array)
c:/st/stm32cubeide_1.0.2/stm32cubeide/plugins/com.st.stm32cube.ide.mcu.externaltools.gnu-tools-for-stm32.7-2018-q2-update.win32_1.0.0.201904181610/tools/bin/../lib/gcc/arm-none-eabi/7.3.1/../../../../arm-none-eabi/lib/thumb/v7e-m/fpv4-sp/hard\libc_nano.a(lib_a-memset.o)
                              c:/st/stm32cubeide_1.0.2/stm32cubeide/plugins/com.st.stm32cube.ide.mcu.externaltools.gnu-tools-for-stm32.7-2018-q2-update.win32_1.0.0.201904181610/tools/bin/../lib/gcc/arm-none-eabi/7.3.1/../../../../arm-none-eabi/lib/thumb/v7e-m/fpv4-sp/hard/crt0.o (memset)

Allocating common symbols
Common symbol       size              file

Digital_In_Interrupt_Can_Falling
                    0x5               Src/main.o
sample_voltage      0x4               Src/main.o
Digital_In_Interrupt_Can_Rising
                    0x5               Src/main.o
T_rolling_average_position
                    0x4               Src/main.o
U6T                 0x200             Src/main.o
Digital_In_Interrupt_PWM_Falling
                    0x5               Src/main.o
warn_undervoltage_U7
                    0x2               Src/main.o
Digital_In_EN       0x1               Src/main.o
Can_Timed_Enable    0x1               Src/main.o
warn_undercurrent_U7I1
                    0x2               Src/main.o
Can_Interval        0x2               Src/main.o
U7I1_active_counter
                    0x1               Src/checks.o
U5GNDV              0x200             Src/main.o
htim8               0x40              Src/main.o
Can_Config_Datas    0x40              Src/main.o
CanBufferWritePos   0x1               Src/main.o
SampleVoltageBurst  0x1               Src/main.o
htim4               0x40              Src/main.o
warn_undercurrent_U5I0
                    0x2               Src/main.o
canErrors           0x20              Src/main.o
warn_overcurrent_U6I0
                    0x2               Src/main.o
warn_overtemperature_U7
                    0x2               Src/main.o
hadc2               0x6c              Src/main.o
U7T                 0x200             Src/main.o
Can_Config_Bytes    0x40              Src/main.o
htim15              0x40              Src/main.o
cutoff_overcurrent_U7
                    0x2               Src/main.o
U7I0_real           0x4               Src/main.o
U7I1                0x80              Src/main.o
cutoff_overcurrent_U6
                    0x2               Src/main.o
U7I0_active         0x1               Src/main.o
U7GNDV              0x200             Src/main.o
htim17              0x40              Src/main.o
Can_Sync_Delay      0x2               Src/main.o
U7I1_active         0x1               Src/main.o
hfdcan              0x64              Src/main.o
warn_overcurrent_U7I1
                    0x2               Src/main.o
PWM_In_EN           0x1               Src/main.o
[...]
Memory Configuration

Name             Origin             Length             Attributes
RAM              0x0000000020000000 0x0000000000008000 xrw
FLASH            0x0000000008000000 0x0000000000020000 xr
*default*        0x0000000000000000 0xffffffffffffffff

Linker script and memory map

LOAD c:/st/stm32cubeide_1.0.2/stm32cubeide/plugins/com.st.stm32cube.ide.mcu.externaltools.gnu-tools-for-stm32.7-2018-q2-update.win32_1.0.0.201904181610/tools/bin/../lib/gcc/arm-none-eabi/7.3.1/thumb/v7e-m/fpv4-sp/hard/crti.o
LOAD c:/st/stm32cubeide_1.0.2/stm32cubeide/plugins/com.st.stm32cube.ide.mcu.externaltools.gnu-tools-for-stm32.7-2018-q2-update.win32_1.0.0.201904181610/tools/bin/../lib/gcc/arm-none-eabi/7.3.1/thumb/v7e-m/fpv4-sp/hard/crtbegin.o
LOAD c:/st/stm32cubeide_1.0.2/stm32cubeide/plugins/com.st.stm32cube.ide.mcu.externaltools.gnu-tools-for-stm32.7-2018-q2-update.win32_1.0.0.201904181610/tools/bin/../lib/gcc/arm-none-eabi/7.3.1/../../../../arm-none-eabi/lib/thumb/v7e-m/fpv4-sp/hard/crt0.o
LOAD Drivers/STM32G4xx_HAL_Driver/Src/stm32g4xx_hal.o
LOAD Drivers/STM32G4xx_HAL_Driver/Src/stm32g4xx_hal_adc.o
LOAD Drivers/STM32G4xx_HAL_Driver/Src/stm32g4xx_hal_adc_ex.o
LOAD Drivers/STM32G4xx_HAL_Driver/Src/stm32g4xx_hal_cortex.o
LOAD Drivers/STM32G4xx_HAL_Driver/Src/stm32g4xx_hal_dma.o
LOAD Drivers/STM32G4xx_HAL_Driver/Src/stm32g4xx_hal_dma_ex.o
LOAD Drivers/STM32G4xx_HAL_Driver/Src/stm32g4xx_hal_exti.o
LOAD Drivers/STM32G4xx_HAL_Driver/Src/stm32g4xx_hal_fdcan.o
LOAD Drivers/STM32G4xx_HAL_Driver/Src/stm32g4xx_hal_flash.o
LOAD Drivers/STM32G4xx_HAL_Driver/Src/stm32g4xx_hal_flash_ex.o
LOAD Drivers/STM32G4xx_HAL_Driver/Src/stm32g4xx_hal_flash_ramfunc.o
LOAD Drivers/STM32G4xx_HAL_Driver/Src/stm32g4xx_hal_gpio.o
LOAD Drivers/STM32G4xx_HAL_Driver/Src/stm32g4xx_hal_lptim.o
LOAD Drivers/STM32G4xx_HAL_Driver/Src/stm32g4xx_hal_pwr.o
LOAD Drivers/STM32G4xx_HAL_Driver/Src/stm32g4xx_hal_pwr_ex.o
LOAD Drivers/STM32G4xx_HAL_Driver/Src/stm32g4xx_hal_rcc.o
LOAD Drivers/STM32G4xx_HAL_Driver/Src/stm32g4xx_hal_rcc_ex.o
LOAD Drivers/STM32G4xx_HAL_Driver/Src/stm32g4xx_hal_tim.o
LOAD Drivers/STM32G4xx_HAL_Driver/Src/stm32g4xx_hal_tim_ex.o
LOAD Drivers/STM32G4xx_HAL_Driver/Src/stm32g4xx_ll_adc.o
LOAD Drivers/STM32G4xx_HAL_Driver/Src/stm32g4xx_ll_pwr.o
LOAD Src/canconfig.o
LOAD Src/checks.o
LOAD Src/commands.o
LOAD Src/config.o
LOAD Src/main.o
LOAD Src/parse.o
LOAD Src/stm32g4xx_hal_msp.o
LOAD Src/stm32g4xx_it.o
LOAD Src/syscalls.o
LOAD Src/sysmem.o
LOAD Src/system_stm32g4xx.o
LOAD Startup/startup_stm32g441kbtx.o
START GROUP
LOAD c:/st/stm32cubeide_1.0.2/stm32cubeide/plugins/com.st.stm32cube.ide.mcu.externaltools.gnu-tools-for-stm32.7-2018-q2-update.win32_1.0.0.201904181610/tools/bin/../lib/gcc/arm-none-eabi/7.3.1/../../../../arm-none-eabi/lib/thumb/v7e-m/fpv4-sp/hard\libc_nano.a
LOAD c:/st/stm32cubeide_1.0.2/stm32cubeide/plugins/com.st.stm32cube.ide.mcu.externaltools.gnu-tools-for-stm32.7-2018-q2-update.win32_1.0.0.201904181610/tools/bin/../lib/gcc/arm-none-eabi/7.3.1/../../../../arm-none-eabi/lib/thumb/v7e-m/fpv4-sp/hard\libm.a
END GROUP
START GROUP
LOAD c:/st/stm32cubeide_1.0.2/stm32cubeide/plugins/com.st.stm32cube.ide.mcu.externaltools.gnu-tools-for-stm32.7-2018-q2-update.win32_1.0.0.201904181610/tools/bin/../lib/gcc/arm-none-eabi/7.3.1/thumb/v7e-m/fpv4-sp/hard\libgcc.a
LOAD c:/st/stm32cubeide_1.0.2/stm32cubeide/plugins/com.st.stm32cube.ide.mcu.externaltools.gnu-tools-for-stm32.7-2018-q2-update.win32_1.0.0.201904181610/tools/bin/../lib/gcc/arm-none-eabi/7.3.1/../../../../arm-none-eabi/lib/thumb/v7e-m/fpv4-sp/hard\libc_nano.a
END GROUP
START GROUP
LOAD c:/st/stm32cubeide_1.0.2/stm32cubeide/plugins/com.st.stm32cube.ide.mcu.externaltools.gnu-tools-for-stm32.7-2018-q2-update.win32_1.0.0.201904181610/tools/bin/../lib/gcc/arm-none-eabi/7.3.1/thumb/v7e-m/fpv4-sp/hard\libgcc.a
LOAD c:/st/stm32cubeide_1.0.2/stm32cubeide/plugins/com.st.stm32cube.ide.mcu.externaltools.gnu-tools-for-stm32.7-2018-q2-update.win32_1.0.0.201904181610/tools/bin/../lib/gcc/arm-none-eabi/7.3.1/../../../../arm-none-eabi/lib/thumb/v7e-m/fpv4-sp/hard\libc_nano.a
LOAD c:/st/stm32cubeide_1.0.2/stm32cubeide/plugins/com.st.stm32cube.ide.mcu.externaltools.gnu-tools-for-stm32.7-2018-q2-update.win32_1.0.0.201904181610/tools/bin/../lib/gcc/arm-none-eabi/7.3.1/../../../../arm-none-eabi/lib/thumb/v7e-m/fpv4-sp/hard\libnosys.a
END GROUP
START GROUP
LOAD c:/st/stm32cubeide_1.0.2/stm32cubeide/plugins/com.st.stm32cube.ide.mcu.externaltools.gnu-tools-for-stm32.7-2018-q2-update.win32_1.0.0.201904181610/tools/bin/../lib/gcc/arm-none-eabi/7.3.1/thumb/v7e-m/fpv4-sp/hard\libgcc.a
LOAD c:/st/stm32cubeide_1.0.2/stm32cubeide/plugins/com.st.stm32cube.ide.mcu.externaltools.gnu-tools-for-stm32.7-2018-q2-update.win32_1.0.0.201904181610/tools/bin/../lib/gcc/arm-none-eabi/7.3.1/../../../../arm-none-eabi/lib/thumb/v7e-m/fpv4-sp/hard\libc_nano.a
LOAD c:/st/stm32cubeide_1.0.2/stm32cubeide/plugins/com.st.stm32cube.ide.mcu.externaltools.gnu-tools-for-stm32.7-2018-q2-update.win32_1.0.0.201904181610/tools/bin/../lib/gcc/arm-none-eabi/7.3.1/../../../../arm-none-eabi/lib/thumb/v7e-m/fpv4-sp/hard\libnosys.a
END GROUP
LOAD c:/st/stm32cubeide_1.0.2/stm32cubeide/plugins/com.st.stm32cube.ide.mcu.externaltools.gnu-tools-for-stm32.7-2018-q2-update.win32_1.0.0.201904181610/tools/bin/../lib/gcc/arm-none-eabi/7.3.1/thumb/v7e-m/fpv4-sp/hard/crtend.o
LOAD c:/st/stm32cubeide_1.0.2/stm32cubeide/plugins/com.st.stm32cube.ide.mcu.externaltools.gnu-tools-for-stm32.7-2018-q2-update.win32_1.0.0.201904181610/tools/bin/../lib/gcc/arm-none-eabi/7.3.1/thumb/v7e-m/fpv4-sp/hard/crtn.o
                0x0000000020008000                _estack = 0x20008000
                0x0000000000000200                _Min_Heap_Size = 0x200
                0x0000000000000400                _Min_Stack_Size = 0x400

.isr_vector     0x0000000008000000      0x1d8
                0x0000000008000000                . = ALIGN (0x4)
 *(.isr_vector)
 .isr_vector    0x0000000008000000      0x1d8 Startup/startup_stm32g441kbtx.o
                0x0000000008000000                g_pfnVectors
                0x00000000080001d8                . = ALIGN (0x4)

.text           0x00000000080001d8     0xc45c
                0x00000000080001d8                . = ALIGN (0x4)
 *(.text)
 .text          0x00000000080001d8       0x40 c:/st/stm32cubeide_1.0.2/stm32cubeide/plugins/com.st.stm32cube.ide.mcu.externaltools.gnu-tools-for-stm32.7-2018-q2-update.win32_1.0.0.201904181610/tools/bin/../lib/gcc/arm-none-eabi/7.3.1/thumb/v7e-m/fpv4-sp/hard/crtbegin.o
 *(.text*)
 .text.HAL_Init
                0x0000000008000218       0x30 Drivers/STM32G4xx_HAL_Driver/Src/stm32g4xx_hal.o
                0x0000000008000218                HAL_Init
 .text.HAL_InitTick
                0x0000000008000248       0x74 Drivers/STM32G4xx_HAL_Driver/Src/stm32g4xx_hal.o
                0x0000000008000248                HAL_InitTick
 .text.HAL_IncTick
                0x00000000080002bc       0x24 Drivers/STM32G4xx_HAL_Driver/Src/stm32g4xx_hal.o
                0x00000000080002bc                HAL_IncTick
 .text.HAL_GetTick
                0x00000000080002e0       0x18 Drivers/STM32G4xx_HAL_Driver/Src/stm32g4xx_hal.o
                0x00000000080002e0                HAL_GetTick
 .text.HAL_Delay
                0x00000000080002f8       0x44 Drivers/STM32G4xx_HAL_Driver/Src/stm32g4xx_hal.o
                0x00000000080002f8                HAL_Delay
 .text.LL_ADC_SetCommonClock
                0x000000000800033c       0x26 Drivers/STM32G4xx_HAL_Driver/Src/stm32g4xx_hal_adc.o
 .text.LL_ADC_SetCommonPathInternalCh
                0x0000000008000362       0x26 Drivers/STM32G4xx_HAL_Driver/Src/stm32g4xx_hal_adc.o
 .text.LL_ADC_GetCommonPathInternalCh
                0x0000000008000388       0x1c Drivers/STM32G4xx_HAL_Driver/Src/stm32g4xx_hal_adc.o
 .text.LL_ADC_SetOffset
                0x00000000080003a4       0x44 Drivers/STM32G4xx_HAL_Driver/Src/stm32g4xx_hal_adc.o
 .text.LL_ADC_GetOffsetChannel
                0x00000000080003e8       0x28 Drivers/STM32G4xx_HAL_Driver/Src/stm32g4xx_hal_adc.o
 .text.LL_ADC_SetOffsetState
                0x0000000008000410       0x30 Drivers/STM32G4xx_HAL_Driver/Src/stm32g4xx_hal_adc.o
 .text.LL_ADC_SetOffsetSign
                0x0000000008000440       0x30 Drivers/STM32G4xx_HAL_Driver/Src/stm32g4xx_hal_adc.o
 .text.LL_ADC_SetOffsetSaturation
                0x0000000008000470       0x30 Drivers/STM32G4xx_HAL_Driver/Src/stm32g4xx_hal_adc.o
 .text.LL_ADC_SetSamplingTimeCommonConfig
                0x00000000080004a0       0x26 Drivers/STM32G4xx_HAL_Driver/Src/stm32g4xx_hal_adc.o
 .text.LL_ADC_REG_IsTriggerSourceSWStart
                0x00000000080004c6       0x26 Drivers/STM32G4xx_HAL_Driver/Src/stm32g4xx_hal_adc.o
 .text.LL_ADC_REG_SetSequencerRanks
                0x00000000080004ec       0x52 Drivers/STM32G4xx_HAL_Driver/Src/stm32g4xx_hal_adc.o
 .text.LL_ADC_SetChannelSamplingTime
                0x000000000800053e       0x50 Drivers/STM32G4xx_HAL_Driver/Src/stm32g4xx_hal_adc.o
 *fill*         0x000000000800058e        0x2 
 .text.LL_ADC_SetChannelSingleDiff
                0x0000000008000590       0x48 Drivers/STM32G4xx_HAL_Driver/Src/stm32g4xx_hal_adc.o
 .text.LL_ADC_DisableDeepPowerDown
                0x00000000080005d8       0x24 Drivers/STM32G4xx_HAL_Driver/Src/stm32g4xx_hal_adc.o
 .text.LL_ADC_IsDeepPowerDownEnabled
                0x00000000080005fc       0x28 Drivers/STM32G4xx_HAL_Driver/Src/stm32g4xx_hal_adc.o
 .text.LL_ADC_EnableInternalRegulator
                0x0000000008000624       0x28 Drivers/STM32G4xx_HAL_Driver/Src/stm32g4xx_hal_adc.o
 .text.LL_ADC_IsInternalRegulatorEnabled
                0x000000000800064c       0x28 Drivers/STM32G4xx_HAL_Driver/Src/stm32g4xx_hal_adc.o
 .text.LL_ADC_Enable
                0x0000000008000674       0x28 Drivers/STM32G4xx_HAL_Driver/Src/stm32g4xx_hal_adc.o
 .text.LL_ADC_Disable
                0x000000000800069c       0x28 Drivers/STM32G4xx_HAL_Driver/Src/stm32g4xx_hal_adc.o
 .text.LL_ADC_IsEnabled
                0x00000000080006c4       0x26 Drivers/STM32G4xx_HAL_Driver/Src/stm32g4xx_hal_adc.o
 .text.LL_ADC_IsDisableOngoing
                0x00000000080006ea       0x26 Drivers/STM32G4xx_HAL_Driver/Src/stm32g4xx_hal_adc.o
 .text.LL_ADC_REG_StopConversion
                0x0000000008000710       0x28 Drivers/STM32G4xx_HAL_Driver/Src/stm32g4xx_hal_adc.o
 .text.LL_ADC_REG_IsConversionOngoing
                0x0000000008000738       0x26 Drivers/STM32G4xx_HAL_Driver/Src/stm32g4xx_hal_adc.o
 .text.LL_ADC_INJ_StopConversion
                0x000000000800075e       0x28 Drivers/STM32G4xx_HAL_Driver/Src/stm32g4xx_hal_adc.o
 .text.LL_ADC_INJ_IsConversionOngoing
                0x0000000008000786       0x26 Drivers/STM32G4xx_HAL_Driver/Src/stm32g4xx_hal_adc.o
 .text.HAL_ADC_Init
                0x00000000080007ac      0x310 Drivers/STM32G4xx_HAL_Driver/Src/stm32g4xx_hal_adc.o
                0x00000000080007ac                HAL_ADC_Init
 .text.HAL_ADC_ConvHalfCpltCallback
                0x0000000008000abc       0x14 Drivers/STM32G4xx_HAL_Driver/Src/stm32g4xx_hal_adc.o
                0x0000000008000abc                HAL_ADC_ConvHalfCpltCallback
 .text.HAL_ADC_ErrorCallback
                0x0000000008000ad0       0x14 Drivers/STM32G4xx_HAL_Driver/Src/stm32g4xx_hal_adc.o
                0x0000000008000ad0                HAL_ADC_ErrorCallback
 .text.HAL_ADC_ConfigChannel
                0x0000000008000ae4      0x6c8 Drivers/STM32G4xx_HAL_Driver/Src/stm32g4xx_hal_adc.o
                0x0000000008000ae4                HAL_ADC_ConfigChannel
 .text.ADC_ConversionStop
                0x00000000080011ac      0x168 Drivers/STM32G4xx_HAL_Driver/Src/stm32g4xx_hal_adc.o
                0x00000000080011ac                ADC_ConversionStop
 .text.ADC_Enable
                0x0000000008001314       0xb4 Drivers/STM32G4xx_HAL_Driver/Src/stm32g4xx_hal_adc.o
                0x0000000008001314                ADC_Enable
 .text.ADC_Disable
                0x00000000080013c8       0xb0 Drivers/STM32G4xx_HAL_Driver/Src/stm32g4xx_hal_adc.o
                0x00000000080013c8                ADC_Disable
 .text.ADC_DMAConvCplt
                0x0000000008001478       0xd8 Drivers/STM32G4xx_HAL_Driver/Src/stm32g4xx_hal_adc.o
                0x0000000008001478                ADC_DMAConvCplt
 .text.ADC_DMAHalfConvCplt
                0x0000000008001550       0x1c Drivers/STM32G4xx_HAL_Driver/Src/stm32g4xx_hal_adc.o
                0x0000000008001550                ADC_DMAHalfConvCplt
 .text.ADC_DMAError
                0x000000000800156c       0x34 Drivers/STM32G4xx_HAL_Driver/Src/stm32g4xx_hal_adc.o
                0x000000000800156c                ADC_DMAError
 .text.LL_ADC_IsEnabled
                0x00000000080015a0       0x26 Drivers/STM32G4xx_HAL_Driver/Src/stm32g4xx_hal_adc_ex.o
 .text.LL_ADC_StartCalibration
                0x00000000080015c6       0x32 Drivers/STM32G4xx_HAL_Driver/Src/stm32g4xx_hal_adc_ex.o
 .text.LL_ADC_IsCalibrationOnGoing
                0x00000000080015f8       0x28 Drivers/STM32G4xx_HAL_Driver/Src/stm32g4xx_hal_adc_ex.o
 .text.LL_ADC_REG_StartConversion
                0x0000000008001620       0x28 Drivers/STM32G4xx_HAL_Driver/Src/stm32g4xx_hal_adc_ex.o
 .text.LL_ADC_REG_IsConversionOngoing
                0x0000000008001648       0x26 Drivers/STM32G4xx_HAL_Driver/Src/stm32g4xx_hal_adc_ex.o
 *fill*         0x000000000800166e        0x2 
 .text.HAL_ADCEx_Calibration_Start
                0x0000000008001670       0xc4 Drivers/STM32G4xx_HAL_Driver/Src/stm32g4xx_hal_adc_ex.o
                0x0000000008001670                HAL_ADCEx_Calibration_Start
 .text.HAL_ADCEx_MultiModeStart_DMA
                0x0000000008001734      0x13c Drivers/STM32G4xx_HAL_Driver/Src/stm32g4xx_hal_adc_ex.o
                0x0000000008001734                HAL_ADCEx_MultiModeStart_DMA
 .text.HAL_ADCEx_MultiModeStop_DMA
                0x0000000008001870      0x16c Drivers/STM32G4xx_HAL_Driver/Src/stm32g4xx_hal_adc_ex.o
                0x0000000008001870                HAL_ADCEx_MultiModeStop_DMA
 .text.HAL_ADCEx_MultiModeConfigChannel
                0x00000000080019dc      0x140 Drivers/STM32G4xx_HAL_Driver/Src/stm32g4xx_hal_adc_ex.o
                0x00000000080019dc                HAL_ADCEx_MultiModeConfigChannel
 .text.__NVIC_SetPriorityGrouping
                0x0000000008001b1c       0x48 Drivers/STM32G4xx_HAL_Driver/Src/stm32g4xx_hal_cortex.o
 .text.__NVIC_GetPriorityGrouping
                0x0000000008001b64       0x1c Drivers/STM32G4xx_HAL_Driver/Src/stm32g4xx_hal_cortex.o
 .text.__NVIC_EnableIRQ
                0x0000000008001b80       0x3c Drivers/STM32G4xx_HAL_Driver/Src/stm32g4xx_hal_cortex.o
 .text.__NVIC_SetPriority
                0x0000000008001bbc       0x54 Drivers/STM32G4xx_HAL_Driver/Src/stm32g4xx_hal_cortex.o
 .text.NVIC_EncodePriority
                0x0000000008001c10       0x66 Drivers/STM32G4xx_HAL_Driver/Src/stm32g4xx_hal_cortex.o
 *fill*         0x0000000008001c76        0x2 
 .text.SysTick_Config
                0x0000000008001c78       0x44 Drivers/STM32G4xx_HAL_Driver/Src/stm32g4xx_hal_cortex.o
 .text.HAL_NVIC_SetPriorityGrouping
                0x0000000008001cbc       0x16 Drivers/STM32G4xx_HAL_Driver/Src/stm32g4xx_hal_cortex.o
                0x0000000008001cbc                HAL_NVIC_SetPriorityGrouping
 .text.HAL_NVIC_SetPriority
                0x0000000008001cd2       0x34 Drivers/STM32G4xx_HAL_Driver/Src/stm32g4xx_hal_cortex.o
                0x0000000008001cd2                HAL_NVIC_SetPriority
 .text.HAL_NVIC_EnableIRQ
                0x0000000008001d06       0x1c Drivers/STM32G4xx_HAL_Driver/Src/stm32g4xx_hal_cortex.o
                0x0000000008001d06                HAL_NVIC_EnableIRQ
 .text.HAL_SYSTICK_Config
                0x0000000008001d22       0x18 Drivers/STM32G4xx_HAL_Driver/Src/stm32g4xx_hal_cortex.o
                0x0000000008001d22                HAL_SYSTICK_Config
 *fill*         0x0000000008001d3a        0x2 
 .text.HAL_DMA_Init
                0x0000000008001d3c      0x150 Drivers/STM32G4xx_HAL_Driver/Src/stm32g4xx_hal_dma.o
                0x0000000008001d3c                HAL_DMA_Init
 .text.HAL_DMA_Start_IT
                0x0000000008001e8c       0xf6 Drivers/STM32G4xx_HAL_Driver/Src/stm32g4xx_hal_dma.o
                0x0000000008001e8c                HAL_DMA_Start_IT
 .text.HAL_DMA_Abort
                0x0000000008001f82       0xb2 Drivers/STM32G4xx_HAL_Driver/Src/stm32g4xx_hal_dma.o
                0x0000000008001f82                HAL_DMA_Abort
 .text.HAL_DMA_IRQHandler
                0x0000000008002034      0x15e Drivers/STM32G4xx_HAL_Driver/Src/stm32g4xx_hal_dma.o
                0x0000000008002034                HAL_DMA_IRQHandler
 .text.DMA_SetConfig
                0x0000000008002192       0x7c Drivers/STM32G4xx_HAL_Driver/Src/stm32g4xx_hal_dma.o
 *fill*         0x000000000800220e        0x2 
 .text.DMA_CalcDMAMUXChannelBaseAndMask
                0x0000000008002210       0x7c Drivers/STM32G4xx_HAL_Driver/Src/stm32g4xx_hal_dma.o
 .text.DMA_CalcDMAMUXRequestGenBaseAndMask
                0x000000000800228c       0x48 Drivers/STM32G4xx_HAL_Driver/Src/stm32g4xx_hal_dma.o
 .text.HAL_FDCAN_Init
                0x00000000080022d4      0x2b4 Drivers/STM32G4xx_HAL_Driver/Src/stm32g4xx_hal_fdcan.o
                0x00000000080022d4                HAL_FDCAN_Init
 .text.HAL_FDCAN_ConfigFilter
                0x0000000008002588       0xb4 Drivers/STM32G4xx_HAL_Driver/Src/stm32g4xx_hal_fdcan.o
                0x0000000008002588                HAL_FDCAN_ConfigFilter
 .text.HAL_FDCAN_ConfigGlobalFilter
                0x000000000800263c       0x62 Drivers/STM32G4xx_HAL_Driver/Src/stm32g4xx_hal_fdcan.o
                0x000000000800263c                HAL_FDCAN_ConfigGlobalFilter
 .text.HAL_FDCAN_ConfigRxFifoOverwrite
                0x000000000800269e       0x72 Drivers/STM32G4xx_HAL_Driver/Src/stm32g4xx_hal_fdcan.o
                0x000000000800269e                HAL_FDCAN_ConfigRxFifoOverwrite
 .text.HAL_FDCAN_Start
                0x0000000008002710       0x50 Drivers/STM32G4xx_HAL_Driver/Src/stm32g4xx_hal_fdcan.o
                0x0000000008002710                HAL_FDCAN_Start
 .text.HAL_FDCAN_AddMessageToTxFifoQ
                0x0000000008002760       0x88 Drivers/STM32G4xx_HAL_Driver/Src/stm32g4xx_hal_fdcan.o
                0x0000000008002760                HAL_FDCAN_AddMessageToTxFifoQ
 .text.HAL_FDCAN_GetRxMessage
                0x00000000080027e8      0x1b4 Drivers/STM32G4xx_HAL_Driver/Src/stm32g4xx_hal_fdcan.o
                0x00000000080027e8                HAL_FDCAN_GetRxMessage
 .text.HAL_FDCAN_GetTxFifoFreeLevel
                0x000000000800299c       0x24 Drivers/STM32G4xx_HAL_Driver/Src/stm32g4xx_hal_fdcan.o
                0x000000000800299c                HAL_FDCAN_GetTxFifoFreeLevel
 .text.HAL_FDCAN_ActivateNotification
                0x00000000080029c0      0x1cc Drivers/STM32G4xx_HAL_Driver/Src/stm32g4xx_hal_fdcan.o
                0x00000000080029c0                HAL_FDCAN_ActivateNotification
 .text.HAL_FDCAN_IRQHandler
                0x0000000008002b8c      0x272 Drivers/STM32G4xx_HAL_Driver/Src/stm32g4xx_hal_fdcan.o
                0x0000000008002b8c                HAL_FDCAN_IRQHandler
 .text.HAL_FDCAN_TxEventFifoCallback
                0x0000000008002dfe       0x16 Drivers/STM32G4xx_HAL_Driver/Src/stm32g4xx_hal_fdcan.o
                0x0000000008002dfe                HAL_FDCAN_TxEventFifoCallback
 .text.HAL_FDCAN_RxFifo1Callback
                0x0000000008002e14       0x16 Drivers/STM32G4xx_HAL_Driver/Src/stm32g4xx_hal_fdcan.o
                0x0000000008002e14                HAL_FDCAN_RxFifo1Callback
 .text.HAL_FDCAN_TxFifoEmptyCallback
                0x0000000008002e2a       0x14 Drivers/STM32G4xx_HAL_Driver/Src/stm32g4xx_hal_fdcan.o
                0x0000000008002e2a                HAL_FDCAN_TxFifoEmptyCallback
 .text.HAL_FDCAN_TxBufferCompleteCallback
                0x0000000008002e3e       0x16 Drivers/STM32G4xx_HAL_Driver/Src/stm32g4xx_hal_fdcan.o
                0x0000000008002e3e                HAL_FDCAN_TxBufferCompleteCallback
 .text.HAL_FDCAN_TxBufferAbortCallback
                0x0000000008002e54       0x16 Drivers/STM32G4xx_HAL_Driver/Src/stm32g4xx_hal_fdcan.o
                0x0000000008002e54                HAL_FDCAN_TxBufferAbortCallback
 .text.HAL_FDCAN_TimestampWraparoundCallback
                0x0000000008002e6a       0x14 Drivers/STM32G4xx_HAL_Driver/Src/stm32g4xx_hal_fdcan.o
                0x0000000008002e6a                HAL_FDCAN_TimestampWraparoundCallback
 .text.HAL_FDCAN_TimeoutOccurredCallback
                0x0000000008002e7e       0x14 Drivers/STM32G4xx_HAL_Driver/Src/stm32g4xx_hal_fdcan.o
                0x0000000008002e7e                HAL_FDCAN_TimeoutOccurredCallback
 .text.HAL_FDCAN_HighPriorityMessageCallback
                0x0000000008002e92       0x14 Drivers/STM32G4xx_HAL_Driver/Src/stm32g4xx_hal_fdcan.o
                0x0000000008002e92                HAL_FDCAN_HighPriorityMessageCallback
 .text.HAL_FDCAN_ErrorCallback
                0x0000000008002ea6       0x14 Drivers/STM32G4xx_HAL_Driver/Src/stm32g4xx_hal_fdcan.o
                0x0000000008002ea6                HAL_FDCAN_ErrorCallback
 .text.HAL_FDCAN_ErrorStatusCallback
                0x0000000008002eba       0x16 Drivers/STM32G4xx_HAL_Driver/Src/stm32g4xx_hal_fdcan.o
                0x0000000008002eba                HAL_FDCAN_ErrorStatusCallback
 .text.FDCAN_CalcultateRamBlockAddresses
                0x0000000008002ed0       0xac Drivers/STM32G4xx_HAL_Driver/Src/stm32g4xx_hal_fdcan.o
 .text.FDCAN_CopyMessageToRAM
                0x0000000008002f7c       0xf8 Drivers/STM32G4xx_HAL_Driver/Src/stm32g4xx_hal_fdcan.o
 .text.HAL_FLASH_Program
                0x0000000008003074       0xac Drivers/STM32G4xx_HAL_Driver/Src/stm32g4xx_hal_flash.o
                0x0000000008003074                HAL_FLASH_Program
 .text.HAL_FLASH_Unlock
                0x0000000008003120       0x44 Drivers/STM32G4xx_HAL_Driver/Src/stm32g4xx_hal_flash.o
                0x0000000008003120                HAL_FLASH_Unlock
 .text.HAL_FLASH_Lock
                0x0000000008003164       0x34 Drivers/STM32G4xx_HAL_Driver/Src/stm32g4xx_hal_flash.o
                0x0000000008003164                HAL_FLASH_Lock
 .text.FLASH_WaitForLastOperation
                0x0000000008003198       0xa8 Drivers/STM32G4xx_HAL_Driver/Src/stm32g4xx_hal_flash.o
                0x0000000008003198                FLASH_WaitForLastOperation
 .text.FLASH_Program_DoubleWord
                0x0000000008003240       0x48 Drivers/STM32G4xx_HAL_Driver/Src/stm32g4xx_hal_flash.o
 .text.FLASH_Program_Fast
                0x0000000008003288       0x68 Drivers/STM32G4xx_HAL_Driver/Src/stm32g4xx_hal_flash.o
 .text.HAL_FLASHEx_Erase
                0x00000000080032f0      0x13c Drivers/STM32G4xx_HAL_Driver/Src/stm32g4xx_hal_flash_ex.o
                0x00000000080032f0                HAL_FLASHEx_Erase
 .text.FLASH_MassErase
                0x000000000800342c       0x3c Drivers/STM32G4xx_HAL_Driver/Src/stm32g4xx_hal_flash_ex.o
 .text.FLASH_PageErase
                0x0000000008003468       0x48 Drivers/STM32G4xx_HAL_Driver/Src/stm32g4xx_hal_flash_ex.o
                0x0000000008003468                FLASH_PageErase
 .text.FLASH_FlushCaches
                0x00000000080034b0       0x88 Drivers/STM32G4xx_HAL_Driver/Src/stm32g4xx_hal_flash_ex.o
                0x00000000080034b0                FLASH_FlushCaches
 .text.HAL_GPIO_Init
                0x0000000008003538      0x304 Drivers/STM32G4xx_HAL_Driver/Src/stm32g4xx_hal_gpio.o
                0x0000000008003538                HAL_GPIO_Init
 .text.HAL_GPIO_ReadPin
                0x000000000800383c       0x30 Drivers/STM32G4xx_HAL_Driver/Src/stm32g4xx_hal_gpio.o
                0x000000000800383c                HAL_GPIO_ReadPin
 .text.HAL_GPIO_WritePin
                0x000000000800386c       0x30 Drivers/STM32G4xx_HAL_Driver/Src/stm32g4xx_hal_gpio.o
                0x000000000800386c                HAL_GPIO_WritePin
 .text.HAL_GPIO_TogglePin
                0x000000000800389c       0x32 Drivers/STM32G4xx_HAL_Driver/Src/stm32g4xx_hal_gpio.o
                0x000000000800389c                HAL_GPIO_TogglePin
 *fill*         0x00000000080038ce        0x2 
 .text.HAL_GPIO_EXTI_IRQHandler
                0x00000000080038d0       0x30 Drivers/STM32G4xx_HAL_Driver/Src/stm32g4xx_hal_gpio.o
                0x00000000080038d0                HAL_GPIO_EXTI_IRQHandler
 .text.HAL_LPTIM_Init
                0x0000000008003900      0x118 Drivers/STM32G4xx_HAL_Driver/Src/stm32g4xx_hal_lptim.o
                0x0000000008003900                HAL_LPTIM_Init
 .text.HAL_LPTIM_TimeOut_Start_IT
                0x0000000008003a18       0x8c Drivers/STM32G4xx_HAL_Driver/Src/stm32g4xx_hal_lptim.o
                0x0000000008003a18                HAL_LPTIM_TimeOut_Start_IT
 .text.HAL_LPTIM_TimeOut_Stop_IT
                0x0000000008003aa4       0x58 Drivers/STM32G4xx_HAL_Driver/Src/stm32g4xx_hal_lptim.o
                0x0000000008003aa4                HAL_LPTIM_TimeOut_Stop_IT
 .text.HAL_LPTIM_IRQHandler
                0x0000000008003afc      0x136 Drivers/STM32G4xx_HAL_Driver/Src/stm32g4xx_hal_lptim.o
                0x0000000008003afc                HAL_LPTIM_IRQHandler
 .text.HAL_LPTIM_AutoReloadMatchCallback
                0x0000000008003c32       0x14 Drivers/STM32G4xx_HAL_Driver/Src/stm32g4xx_hal_lptim.o
                0x0000000008003c32                HAL_LPTIM_AutoReloadMatchCallback
 .text.HAL_LPTIM_TriggerCallback
                0x0000000008003c46       0x14 Drivers/STM32G4xx_HAL_Driver/Src/stm32g4xx_hal_lptim.o
                0x0000000008003c46                HAL_LPTIM_TriggerCallback
 .text.HAL_LPTIM_CompareWriteCallback
                0x0000000008003c5a       0x14 Drivers/STM32G4xx_HAL_Driver/Src/stm32g4xx_hal_lptim.o
                0x0000000008003c5a                HAL_LPTIM_CompareWriteCallback
 .text.HAL_LPTIM_AutoReloadWriteCallback
                0x0000000008003c6e       0x14 Drivers/STM32G4xx_HAL_Driver/Src/stm32g4xx_hal_lptim.o
                0x0000000008003c6e                HAL_LPTIM_AutoReloadWriteCallback
 .text.HAL_LPTIM_DirectionUpCallback
                0x0000000008003c82       0x14 Drivers/STM32G4xx_HAL_Driver/Src/stm32g4xx_hal_lptim.o
                0x0000000008003c82                HAL_LPTIM_DirectionUpCallback
 .text.HAL_LPTIM_DirectionDownCallback
                0x0000000008003c96       0x14 Drivers/STM32G4xx_HAL_Driver/Src/stm32g4xx_hal_lptim.o
                0x0000000008003c96                HAL_LPTIM_DirectionDownCallback
 *fill*         0x0000000008003caa        0x2 
 .text.LPTIM_Disable
                0x0000000008003cac      0x1a4 Drivers/STM32G4xx_HAL_Driver/Src/stm32g4xx_hal_lptim.o
                0x0000000008003cac                LPTIM_Disable
 .text.HAL_PWREx_ControlVoltageScaling
                0x0000000008003e50      0x148 Drivers/STM32G4xx_HAL_Driver/Src/stm32g4xx_hal_pwr_ex.o
                0x0000000008003e50                HAL_PWREx_ControlVoltageScaling
 .text.HAL_RCC_OscConfig
                0x0000000008003f98      0x630 Drivers/STM32G4xx_HAL_Driver/Src/stm32g4xx_hal_rcc.o
                0x0000000008003f98                HAL_RCC_OscConfig
 .text.HAL_RCC_ClockConfig
                0x00000000080045c8      0x278 Drivers/STM32G4xx_HAL_Driver/Src/stm32g4xx_hal_rcc.o
                0x00000000080045c8                HAL_RCC_ClockConfig
 .text.HAL_RCC_GetSysClockFreq
                0x0000000008004840       0xc0 Drivers/STM32G4xx_HAL_Driver/Src/stm32g4xx_hal_rcc.o
                0x0000000008004840                HAL_RCC_GetSysClockFreq
 .text.HAL_RCC_GetHCLKFreq
                0x0000000008004900       0x18 Drivers/STM32G4xx_HAL_Driver/Src/stm32g4xx_hal_rcc.o
                0x0000000008004900                HAL_RCC_GetHCLKFreq
 .text.RCC_GetSysClockFreqFromPLLSource
                0x0000000008004918       0x88 Drivers/STM32G4xx_HAL_Driver/Src/stm32g4xx_hal_rcc.o
 .text.HAL_RCCEx_PeriphCLKConfig
                0x00000000080049a0      0x3e0 Drivers/STM32G4xx_HAL_Driver/Src/stm32g4xx_hal_rcc_ex.o
                0x00000000080049a0                HAL_RCCEx_PeriphCLKConfig
 .text.HAL_TIM_Base_Init
                0x0000000008004d80       0x56 Drivers/STM32G4xx_HAL_Driver/Src/stm32g4xx_hal_tim.o
                0x0000000008004d80                HAL_TIM_Base_Init
 *fill*         0x0000000008004dd6        0x2 
 .text.HAL_TIM_Base_Start_IT
                0x0000000008004dd8       0x54 Drivers/STM32G4xx_HAL_Driver/Src/stm32g4xx_hal_tim.o
                0x0000000008004dd8                HAL_TIM_Base_Start_IT
 .text.HAL_TIM_Base_Stop_IT
                0x0000000008004e2c       0x56 Drivers/STM32G4xx_HAL_Driver/Src/stm32g4xx_hal_tim.o
                0x0000000008004e2c                HAL_TIM_Base_Stop_IT
 .text.HAL_TIM_PWM_Init
                0x0000000008004e82       0x56 Drivers/STM32G4xx_HAL_Driver/Src/stm32g4xx_hal_tim.o
                0x0000000008004e82                HAL_TIM_PWM_Init
 .text.HAL_TIM_PWM_Start
                0x0000000008004ed8       0xb0 Drivers/STM32G4xx_HAL_Driver/Src/stm32g4xx_hal_tim.o
                0x0000000008004ed8                HAL_TIM_PWM_Start
 .text.HAL_TIM_PWM_Stop
                0x0000000008004f88       0xdc Drivers/STM32G4xx_HAL_Driver/Src/stm32g4xx_hal_tim.o
                0x0000000008004f88                HAL_TIM_PWM_Stop
 .text.HAL_TIM_IC_Init
                0x0000000008005064       0x56 Drivers/STM32G4xx_HAL_Driver/Src/stm32g4xx_hal_tim.o
                0x0000000008005064                HAL_TIM_IC_Init
 .text.HAL_TIM_IRQHandler
                0x00000000080050ba      0x2fe Drivers/STM32G4xx_HAL_Driver/Src/stm32g4xx_hal_tim.o
                0x00000000080050ba                HAL_TIM_IRQHandler
 .text.HAL_TIM_IC_ConfigChannel
                0x00000000080053b8      0x138 Drivers/STM32G4xx_HAL_Driver/Src/stm32g4xx_hal_tim.o
                0x00000000080053b8                HAL_TIM_IC_ConfigChannel
 .text.HAL_TIM_PWM_ConfigChannel
                0x00000000080054f0      0x230 Drivers/STM32G4xx_HAL_Driver/Src/stm32g4xx_hal_tim.o
                0x00000000080054f0                HAL_TIM_PWM_ConfigChannel
 .text.HAL_TIM_SlaveConfigSynchro
                0x0000000008005720       0x84 Drivers/STM32G4xx_HAL_Driver/Src/stm32g4xx_hal_tim.o
                0x0000000008005720                HAL_TIM_SlaveConfigSynchro
 .text.HAL_TIM_ReadCapturedValue
                0x00000000080057a4       0x88 Drivers/STM32G4xx_HAL_Driver/Src/stm32g4xx_hal_tim.o
                0x00000000080057a4                HAL_TIM_ReadCapturedValue
 .text.HAL_TIM_OC_DelayElapsedCallback
                0x000000000800582c       0x14 Drivers/STM32G4xx_HAL_Driver/Src/stm32g4xx_hal_tim.o
                0x000000000800582c                HAL_TIM_OC_DelayElapsedCallback
 .text.HAL_TIM_IC_CaptureCallback
                0x0000000008005840       0x14 Drivers/STM32G4xx_HAL_Driver/Src/stm32g4xx_hal_tim.o
                0x0000000008005840                HAL_TIM_IC_CaptureCallback
 .text.HAL_TIM_PWM_PulseFinishedCallback
                0x0000000008005854       0x14 Drivers/STM32G4xx_HAL_Driver/Src/stm32g4xx_hal_tim.o
                0x0000000008005854                HAL_TIM_PWM_PulseFinishedCallback
 .text.HAL_TIM_TriggerCallback
                0x0000000008005868       0x14 Drivers/STM32G4xx_HAL_Driver/Src/stm32g4xx_hal_tim.o
                0x0000000008005868                HAL_TIM_TriggerCallback
 .text.TIM_Base_SetConfig
                0x000000000800587c      0x120 Drivers/STM32G4xx_HAL_Driver/Src/stm32g4xx_hal_tim.o
                0x000000000800587c                TIM_Base_SetConfig
 .text.TIM_OC1_SetConfig
                0x000000000800599c      0x120 Drivers/STM32G4xx_HAL_Driver/Src/stm32g4xx_hal_tim.o
 .text.TIM_OC2_SetConfig
                0x0000000008005abc      0x114 Drivers/STM32G4xx_HAL_Driver/Src/stm32g4xx_hal_tim.o
                0x0000000008005abc                TIM_OC2_SetConfig
 .text.TIM_OC3_SetConfig
                0x0000000008005bd0      0x110 Drivers/STM32G4xx_HAL_Driver/Src/stm32g4xx_hal_tim.o
 .text.TIM_OC4_SetConfig
                0x0000000008005ce0      0x114 Drivers/STM32G4xx_HAL_Driver/Src/stm32g4xx_hal_tim.o
 .text.TIM_OC5_SetConfig
                0x0000000008005df4       0xc8 Drivers/STM32G4xx_HAL_Driver/Src/stm32g4xx_hal_tim.o
 .text.TIM_OC6_SetConfig
                0x0000000008005ebc       0xcc Drivers/STM32G4xx_HAL_Driver/Src/stm32g4xx_hal_tim.o
 .text.TIM_SlaveTimer_SetConfig
                0x0000000008005f88      0x160 Drivers/STM32G4xx_HAL_Driver/Src/stm32g4xx_hal_tim.o
 .text.TIM_TI1_SetConfig
                0x00000000080060e8       0xd0 Drivers/STM32G4xx_HAL_Driver/Src/stm32g4xx_hal_tim.o
                0x00000000080060e8                TIM_TI1_SetConfig
 .text.TIM_TI1_ConfigInputStage
                0x00000000080061b8       0x5e Drivers/STM32G4xx_HAL_Driver/Src/stm32g4xx_hal_tim.o
 .text.TIM_TI2_SetConfig
                0x0000000008006216       0x7a Drivers/STM32G4xx_HAL_Driver/Src/stm32g4xx_hal_tim.o
 .text.TIM_TI2_ConfigInputStage
                0x0000000008006290       0x60 Drivers/STM32G4xx_HAL_Driver/Src/stm32g4xx_hal_tim.o
 .text.TIM_TI3_SetConfig
                0x00000000080062f0       0x78 Drivers/STM32G4xx_HAL_Driver/Src/stm32g4xx_hal_tim.o
 .text.TIM_TI4_SetConfig
                0x0000000008006368       0x7a Drivers/STM32G4xx_HAL_Driver/Src/stm32g4xx_hal_tim.o
 .text.TIM_ETR_SetConfig
                0x00000000080063e2       0x40 Drivers/STM32G4xx_HAL_Driver/Src/stm32g4xx_hal_tim.o
                0x00000000080063e2                TIM_ETR_SetConfig
 .text.TIM_CCxChannelCmd
                0x0000000008006422       0x4a Drivers/STM32G4xx_HAL_Driver/Src/stm32g4xx_hal_tim.o
                0x0000000008006422                TIM_CCxChannelCmd
 .text.HAL_TIMEx_MasterConfigSynchronization
                0x000000000800646c       0xbc Drivers/STM32G4xx_HAL_Driver/Src/stm32g4xx_hal_tim_ex.o
                0x000000000800646c                HAL_TIMEx_MasterConfigSynchronization
 .text.HAL_TIMEx_ConfigBreakDeadTime
                0x0000000008006528      0x140 Drivers/STM32G4xx_HAL_Driver/Src/stm32g4xx_hal_tim_ex.o
                0x0000000008006528                HAL_TIMEx_ConfigBreakDeadTime
 .text.HAL_TIMEx_CommutCallback
                0x0000000008006668       0x14 Drivers/STM32G4xx_HAL_Driver/Src/stm32g4xx_hal_tim_ex.o
                0x0000000008006668                HAL_TIMEx_CommutCallback
 .text.HAL_TIMEx_BreakCallback
                0x000000000800667c       0x14 Drivers/STM32G4xx_HAL_Driver/Src/stm32g4xx_hal_tim_ex.o
                0x000000000800667c                HAL_TIMEx_BreakCallback
 .text.HAL_TIMEx_Break2Callback
                0x0000000008006690       0x14 Drivers/STM32G4xx_HAL_Driver/Src/stm32g4xx_hal_tim_ex.o
                0x0000000008006690                HAL_TIMEx_Break2Callback
 .text.HAL_TIMEx_EncoderIndexCallback
                0x00000000080066a4       0x14 Drivers/STM32G4xx_HAL_Driver/Src/stm32g4xx_hal_tim_ex.o
                0x00000000080066a4                HAL_TIMEx_EncoderIndexCallback
 .text.HAL_TIMEx_DirectionChangeCallback
                0x00000000080066b8       0x14 Drivers/STM32G4xx_HAL_Driver/Src/stm32g4xx_hal_tim_ex.o
                0x00000000080066b8                HAL_TIMEx_DirectionChangeCallback
 .text.HAL_TIMEx_IndexErrorCallback
                0x00000000080066cc       0x14 Drivers/STM32G4xx_HAL_Driver/Src/stm32g4xx_hal_tim_ex.o
                0x00000000080066cc                HAL_TIMEx_IndexErrorCallback
 .text.HAL_TIMEx_TransitionErrorCallback
                0x00000000080066e0       0x14 Drivers/STM32G4xx_HAL_Driver/Src/stm32g4xx_hal_tim_ex.o
                0x00000000080066e0                HAL_TIMEx_TransitionErrorCallback
 .text.Set_Can_Bytes
                0x00000000080066f4      0x4fc Src/canconfig.o
                0x00000000080066f4                Set_Can_Bytes
 .text.Check_I0_Warn
                0x0000000008006bf0      0x190 Src/checks.o
                0x0000000008006bf0                Check_I0_Warn
 .text.Check_I1_Warn
                0x0000000008006d80      0x190 Src/checks.o
                0x0000000008006d80                Check_I1_Warn
 .text.Check_T_Warn
                0x0000000008006f10      0x134 Src/checks.o
                0x0000000008006f10                Check_T_Warn
 .text.Check_V_Warn
                0x0000000008007044      0x190 Src/checks.o
                0x0000000008007044                Check_V_Warn
 .text.Acknowledge
                0x00000000080071d4      0x100 Src/commands.o
                0x00000000080071d4                Acknowledge
 .text.Save_Config
                0x00000000080072d4       0x16 Src/commands.o
                0x00000000080072d4                Save_Config
 *fill*         0x00000000080072ea        0x2 
 .text.Switch_Power
                0x00000000080072ec       0x90 Src/commands.o
                0x00000000080072ec                Switch_Power
 .text.Switch_DC
                0x000000000800737c       0x58 Src/commands.o
                0x000000000800737c                Switch_DC
 .text.Buffer_Can_Message
                0x00000000080073d4       0x68 Src/commands.o
                0x00000000080073d4                Buffer_Can_Message
 .text.Sample_Temperature_Voltage
                0x000000000800743c       0x44 Src/commands.o
                0x000000000800743c                Sample_Temperature_Voltage
 .text.Clear_Error
                0x0000000008007480       0x88 Src/commands.o
                0x0000000008007480                Clear_Error
 .text.Config_Message
                0x0000000008007508       0xa4 Src/commands.o
                0x0000000008007508                Config_Message
 .text.Config_Switch_Defaults
                0x00000000080075ac       0x90 Src/commands.o
                0x00000000080075ac                Config_Switch_Defaults
 .text.Config_Can_Sync
                0x000000000800763c       0x90 Src/commands.o
                0x000000000800763c                Config_Can_Sync
 .text.Config_Can_Timed
                0x00000000080076cc       0x90 Src/commands.o
                0x00000000080076cc                Config_Can_Timed
 .text.Config_Can_Interval
                0x000000000800775c       0x24 Src/commands.o
                0x000000000800775c                Config_Can_Interval
 .text.Config_Can_Sync_Delay
                0x0000000008007780       0x24 Src/commands.o
                0x0000000008007780                Config_Can_Sync_Delay
 .text.Config_Temperature_Voltage_Reading
                0x00000000080077a4       0x7c Src/commands.o
                0x00000000080077a4                Config_Temperature_Voltage_Reading
 .text.Config_Default_DC
                0x0000000008007820       0x5c Src/commands.o
                0x0000000008007820                Config_Default_DC
 .text.Config_PWM_Prescalers
                0x000000000800787c       0x5c Src/commands.o
                0x000000000800787c                Config_PWM_Prescalers
 .text.Config_DIO_Pins
                0x00000000080078d8      0x14c Src/commands.o
                0x00000000080078d8                Config_DIO_Pins
 .text.Config_Interrupt_Power
                0x0000000008007a24       0x5c Src/commands.o
                0x0000000008007a24                Config_Interrupt_Power
 .text.Config_Interrupt_Can
                0x0000000008007a80       0x38 Src/commands.o
                0x0000000008007a80                Config_Interrupt_Can
 .text.Config_Setup
                0x0000000008007ab8       0x28 Src/config.o
                0x0000000008007ab8                Config_Setup
 .text.Config_0
                0x0000000008007ae0      0x4c0 Src/config.o
                0x0000000008007ae0                Config_0
 .text.Config_Write_Flash
                0x0000000008007fa0      0x654 Src/config.o
                0x0000000008007fa0                Config_Write_Flash
 .text.Config_Read_Flash
                0x00000000080085f4      0x6c4 Src/config.o
                0x00000000080085f4                Config_Read_Flash
 .text.Flash_Write
                0x0000000008008cb8      0x12c Src/config.o
                0x0000000008008cb8                Flash_Write
 .text.Flash_Read
                0x0000000008008de4       0x18 Src/config.o
                0x0000000008008de4                Flash_Read
 .text.main     0x0000000008008dfc      0x290 Src/main.o
                0x0000000008008dfc                main
 .text.HAL_TIM_PeriodElapsedCallback
                0x000000000800908c       0xf8 Src/main.o
                0x000000000800908c                HAL_TIM_PeriodElapsedCallback
 .text.HAL_LPTIM_CompareMatchCallback
                0x0000000008009184      0x348 Src/main.o
                0x0000000008009184                HAL_LPTIM_CompareMatchCallback
 .text.HAL_GPIO_EXTI_Callback
                0x00000000080094cc      0x1bc Src/main.o
                0x00000000080094cc                HAL_GPIO_EXTI_Callback
 .text.HAL_ADC_ConvCpltCallback
                0x0000000008009688      0x64c Src/main.o
                0x0000000008009688                HAL_ADC_ConvCpltCallback
 .text.Can_Send
                0x0000000008009cd4      0x114 Src/main.o
                0x0000000008009cd4                Can_Send
 .text.Can_Sync
                0x0000000008009de8       0x54 Src/main.o
                0x0000000008009de8                Can_Sync
 .text.HAL_FDCAN_RxFifo0Callback
                0x0000000008009e3c      0x620 Src/main.o
                0x0000000008009e3c                HAL_FDCAN_RxFifo0Callback
 .text.Set_Error
                0x000000000800a45c       0x58 Src/main.o
                0x000000000800a45c                Set_Error
 .text.Send_Error
                0x000000000800a4b4      0x104 Src/main.o
                0x000000000800a4b4                Send_Error
 .text.Write_PWM
                0x000000000800a5b8      0x1a8 Src/main.o
                0x000000000800a5b8                Write_PWM
 .text.SystemClock_Config
                0x000000000800a760       0xcc Src/main.o
                0x000000000800a760                SystemClock_Config
 .text.MX_ADC1_Init
                0x000000000800a82c      0x14c Src/main.o
 .text.MX_ADC2_Init
                0x000000000800a978      0x100 Src/main.o
 .text.MX_FDCAN_Init
                0x000000000800aa78      0x158 Src/main.o
 .text.MX_DMA_Init
                0x000000000800abd0       0x64 Src/main.o
 .text.MX_GPIO_Init
                0x000000000800ac34      0x3dc Src/main.o
 .text.MX_TIM1_Init
                0x000000000800b010       0x44 Src/main.o
 .text.MX_TIM6_Init
                0x000000000800b054       0x48 Src/main.o
 .text.MX_TIM7_Init
                0x000000000800b09c       0x44 Src/main.o
 .text.MX_TIM15_Init
                0x000000000800b0e0       0x3c Src/main.o
 .text.MX_TIM16_Init
                0x000000000800b11c       0x50 Src/main.o
 .text.MX_TIM17_Init
                0x000000000800b16c       0xdc Src/main.o
 .text.MX_TIM2_Init
                0x000000000800b248      0x1c0 Src/main.o
 .text.MX_TIM3_Init
                0x000000000800b408       0xb8 Src/main.o
 .text.MX_TIM4_Init
                0x000000000800b4c0      0x1c0 Src/main.o
 .text.MX_TIM8_Init
                0x000000000800b680      0x210 Src/main.o
 .text.MX_LPTIM1_Init
                0x000000000800b890       0x5c Src/main.o
 .text.Error_Handler
                0x000000000800b8ec       0x1c Src/main.o
                0x000000000800b8ec                Error_Handler
 .text.Parse_Current
                0x000000000800b908       0x4e Src/parse.o
                0x000000000800b908                Parse_Current
 .text.Parse_Voltage
                0x000000000800b956       0x3a Src/parse.o
                0x000000000800b956                Parse_Voltage
 .text.Parse_Temperature
                0x000000000800b990       0x1a Src/parse.o
                0x000000000800b990                Parse_Temperature
 *fill*         0x000000000800b9aa        0x2 
 .text.Calculate_PWM_DC
                0x000000000800b9ac       0xe0 Src/parse.o
                0x000000000800b9ac                Calculate_PWM_DC
 .text.Calculate_PWM_Freq
                0x000000000800ba8c       0xc0 Src/parse.o
                0x000000000800ba8c                Calculate_PWM_Freq
 .text.LL_PWR_DisableDeadBatteryPD
                0x000000000800bb4c       0x20 Src/stm32g4xx_hal_msp.o
 .text.HAL_MspInit
                0x000000000800bb6c       0x48 Src/stm32g4xx_hal_msp.o
                0x000000000800bb6c                HAL_MspInit
 .text.HAL_ADC_MspInit
                0x000000000800bbb4      0x1bc Src/stm32g4xx_hal_msp.o
                0x000000000800bbb4                HAL_ADC_MspInit
 .text.HAL_FDCAN_MspInit
                0x000000000800bd70       0x98 Src/stm32g4xx_hal_msp.o
                0x000000000800bd70                HAL_FDCAN_MspInit
 .text.HAL_TIM_Base_MspInit
                0x000000000800be08      0x17c Src/stm32g4xx_hal_msp.o
                0x000000000800be08                HAL_TIM_Base_MspInit
 .text.HAL_TIM_MspPostInit
                0x000000000800bf84      0x1d4 Src/stm32g4xx_hal_msp.o
                0x000000000800bf84                HAL_TIM_MspPostInit
 .text.HAL_TIM_PWM_MspInit
                0x000000000800c158       0xb4 Src/stm32g4xx_hal_msp.o
                0x000000000800c158                HAL_TIM_PWM_MspInit
 .text.HAL_TIM_IC_MspInit
                0x000000000800c20c      0x178 Src/stm32g4xx_hal_msp.o
                0x000000000800c20c                HAL_TIM_IC_MspInit
 .text.HAL_LPTIM_MspInit
                0x000000000800c384       0x4c Src/stm32g4xx_hal_msp.o
                0x000000000800c384                HAL_LPTIM_MspInit
 .text.NMI_Handler
                0x000000000800c3d0        0xe Src/stm32g4xx_it.o
                0x000000000800c3d0                NMI_Handler
 .text.HardFault_Handler
                0x000000000800c3de        0x6 Src/stm32g4xx_it.o
                0x000000000800c3de                HardFault_Handler
 .text.MemManage_Handler
                0x000000000800c3e4        0x6 Src/stm32g4xx_it.o
                0x000000000800c3e4                MemManage_Handler
 .text.BusFault_Handler
                0x000000000800c3ea        0x6 Src/stm32g4xx_it.o
                0x000000000800c3ea                BusFault_Handler
 .text.UsageFault_Handler
                0x000000000800c3f0        0x6 Src/stm32g4xx_it.o
                0x000000000800c3f0                UsageFault_Handler
 .text.SVC_Handler
                0x000000000800c3f6        0xe Src/stm32g4xx_it.o
                0x000000000800c3f6                SVC_Handler
 .text.DebugMon_Handler
                0x000000000800c404        0xe Src/stm32g4xx_it.o
                0x000000000800c404                DebugMon_Handler
 .text.PendSV_Handler
                0x000000000800c412        0xe Src/stm32g4xx_it.o
                0x000000000800c412                PendSV_Handler
 .text.SysTick_Handler
                0x000000000800c420        0xc Src/stm32g4xx_it.o
                0x000000000800c420                SysTick_Handler
 .text.DMA1_Channel1_IRQHandler
                0x000000000800c42c       0x14 Src/stm32g4xx_it.o
                0x000000000800c42c                DMA1_Channel1_IRQHandler
 .text.DMA1_Channel2_IRQHandler
                0x000000000800c440       0x14 Src/stm32g4xx_it.o
                0x000000000800c440                DMA1_Channel2_IRQHandler
 .text.FDCAN1_IT0_IRQHandler
                0x000000000800c454       0x14 Src/stm32g4xx_it.o
                0x000000000800c454                FDCAN1_IT0_IRQHandler
 .text.TIM6_DAC_IRQHandler
                0x000000000800c468       0x14 Src/stm32g4xx_it.o
                0x000000000800c468                TIM6_DAC_IRQHandler
 .text.TIM7_IRQHandler
                0x000000000800c47c       0x14 Src/stm32g4xx_it.o
                0x000000000800c47c                TIM7_IRQHandler
 .text.TIM1_BRK_TIM15_IRQHandler
                0x000000000800c490       0x14 Src/stm32g4xx_it.o
                0x000000000800c490                TIM1_BRK_TIM15_IRQHandler
 .text.TIM1_UP_TIM16_IRQHandler
                0x000000000800c4a4       0x1c Src/stm32g4xx_it.o
                0x000000000800c4a4                TIM1_UP_TIM16_IRQHandler
 .text.TIM2_IRQHandler
                0x000000000800c4c0       0x14 Src/stm32g4xx_it.o
                0x000000000800c4c0                TIM2_IRQHandler
 .text.TIM4_IRQHandler
                0x000000000800c4d4       0x14 Src/stm32g4xx_it.o
                0x000000000800c4d4                TIM4_IRQHandler
 .text.TIM8_CC_IRQHandler
                0x000000000800c4e8       0x14 Src/stm32g4xx_it.o
                0x000000000800c4e8                TIM8_CC_IRQHandler
 .text.LPTIM1_IRQHandler
                0x000000000800c4fc       0x14 Src/stm32g4xx_it.o
                0x000000000800c4fc                LPTIM1_IRQHandler
 .text.EXTI3_IRQHandler
                0x000000000800c510        0xe Src/stm32g4xx_it.o
                0x000000000800c510                EXTI3_IRQHandler
 .text.EXTI9_5_IRQHandler
                0x000000000800c51e       0x14 Src/stm32g4xx_it.o
                0x000000000800c51e                EXTI9_5_IRQHandler
 .text.EXTI15_10_IRQHandler
                0x000000000800c532       0x10 Src/stm32g4xx_it.o
                0x000000000800c532                EXTI15_10_IRQHandler
 *fill*         0x000000000800c542        0x2 
 .text.SystemInit
                0x000000000800c544       0x2c Src/system_stm32g4xx.o
                0x000000000800c544                SystemInit
 .text.Reset_Handler
                0x000000000800c570       0x50 Startup/startup_stm32g441kbtx.o
                0x000000000800c570                Reset_Handler
 .text.Default_Handler
                0x000000000800c5c0        0x2 Startup/startup_stm32g441kbtx.o
                0x000000000800c5c0                RTC_Alarm_IRQHandler
                0x000000000800c5c0                EXTI2_IRQHandler
                0x000000000800c5c0                TIM8_TRG_COM_IRQHandler
                0x000000000800c5c0                TIM1_CC_IRQHandler
                0x000000000800c5c0                USB_HP_IRQHandler
                0x000000000800c5c0                CORDIC_IRQHandler
                0x000000000800c5c0                I2C3_ER_IRQHandler
                0x000000000800c5c0                EXTI0_IRQHandler
                0x000000000800c5c0                I2C2_EV_IRQHandler
                0x000000000800c5c0                FPU_IRQHandler
                0x000000000800c5c0                FDCAN1_IT1_IRQHandler
                0x000000000800c5c0                ADC1_2_IRQHandler
                0x000000000800c5c0                SPI1_IRQHandler
                0x000000000800c5c0                TIM8_UP_IRQHandler
                0x000000000800c5c0                DMA2_Channel2_IRQHandler
                0x000000000800c5c0                DMA1_Channel4_IRQHandler
                0x000000000800c5c0                USART3_IRQHandler
                0x000000000800c5c0                DMA2_Channel1_IRQHandler
                0x000000000800c5c0                I2C1_EV_IRQHandler
                0x000000000800c5c0                DMA1_Channel6_IRQHandler
                0x000000000800c5c0                UART4_IRQHandler
                0x000000000800c5c0                DMA2_Channel4_IRQHandler
                0x000000000800c5c0                TIM3_IRQHandler
                0x000000000800c5c0                RCC_IRQHandler
                0x000000000800c5c0                Default_Handler
                0x000000000800c5c0                RTC_TAMP_LSECSS_IRQHandler
                0x000000000800c5c0                FMAC_IRQHandler
                0x000000000800c5c0                UCPD1_IRQHandler
                0x000000000800c5c0                I2C3_EV_IRQHandler
                0x000000000800c5c0                RTC_WKUP_IRQHandler
                0x000000000800c5c0                PVD_PVM_IRQHandler
                0x000000000800c5c0                SPI2_IRQHandler
                0x000000000800c5c0                DMA2_Channel5_IRQHandler
                0x000000000800c5c0                CRS_IRQHandler
                0x000000000800c5c0                DMA1_Channel5_IRQHandler
                0x000000000800c5c0                USB_LP_IRQHandler
                0x000000000800c5c0                EXTI4_IRQHandler
                0x000000000800c5c0                RNG_IRQHandler
                0x000000000800c5c0                TIM1_TRG_COM_TIM17_IRQHandler
                0x000000000800c5c0                DMA1_Channel3_IRQHandler
                0x000000000800c5c0                WWDG_IRQHandler
                0x000000000800c5c0                LPUART1_IRQHandler
                0x000000000800c5c0                DMA2_Channel6_IRQHandler
                0x000000000800c5c0                COMP1_2_3_IRQHandler
                0x000000000800c5c0                EXTI1_IRQHandler
                0x000000000800c5c0                AES_IRQHandler
                0x000000000800c5c0                USART2_IRQHandler
                0x000000000800c5c0                I2C2_ER_IRQHandler
                0x000000000800c5c0                TIM8_BRK_IRQHandler
                0x000000000800c5c0                FLASH_IRQHandler
                0x000000000800c5c0                USART1_IRQHandler
                0x000000000800c5c0                SPI3_IRQHandler
                0x000000000800c5c0                I2C1_ER_IRQHandler
                0x000000000800c5c0                DMAMUX_OVR_IRQHandler
                0x000000000800c5c0                USBWakeUp_IRQHandler
                0x000000000800c5c0                SAI1_IRQHandler
                0x000000000800c5c0                DMA2_Channel3_IRQHandler
                0x000000000800c5c0                COMP4_IRQHandler
 *fill*         0x000000000800c5c2        0x2 
 .text.__libc_init_array
                0x000000000800c5c4       0x48 c:/st/stm32cubeide_1.0.2/stm32cubeide/plugins/com.st.stm32cube.ide.mcu.externaltools.gnu-tools-for-stm32.7-2018-q2-update.win32_1.0.0.201904181610/tools/bin/../lib/gcc/arm-none-eabi/7.3.1/../../../../arm-none-eabi/lib/thumb/v7e-m/fpv4-sp/hard\libc_nano.a(lib_a-init.o)
                0x000000000800c5c4                __libc_init_array
 .text.memset   0x000000000800c60c       0x10 c:/st/stm32cubeide_1.0.2/stm32cubeide/plugins/com.st.stm32cube.ide.mcu.externaltools.gnu-tools-for-stm32.7-2018-q2-update.win32_1.0.0.201904181610/tools/bin/../lib/gcc/arm-none-eabi/7.3.1/../../../../arm-none-eabi/lib/thumb/v7e-m/fpv4-sp/hard\libc_nano.a(lib_a-memset.o)
                0x000000000800c60c                memset
 *(.glue_7)
 .glue_7        0x000000000800c61c        0x0 linker stubs
 *(.glue_7t)
 .glue_7t       0x000000000800c61c        0x0 linker stubs
 *(.eh_frame)
 .eh_frame      0x000000000800c61c        0x0 c:/st/stm32cubeide_1.0.2/stm32cubeide/plugins/com.st.stm32cube.ide.mcu.externaltools.gnu-tools-for-stm32.7-2018-q2-update.win32_1.0.0.201904181610/tools/bin/../lib/gcc/arm-none-eabi/7.3.1/thumb/v7e-m/fpv4-sp/hard/crtbegin.o
 *(.init)
 .init          0x000000000800c61c        0x4 c:/st/stm32cubeide_1.0.2/stm32cubeide/plugins/com.st.stm32cube.ide.mcu.externaltools.gnu-tools-for-stm32.7-2018-q2-update.win32_1.0.0.201904181610/tools/bin/../lib/gcc/arm-none-eabi/7.3.1/thumb/v7e-m/fpv4-sp/hard/crti.o
                0x000000000800c61c                _init
 .init          0x000000000800c620        0x8 c:/st/stm32cubeide_1.0.2/stm32cubeide/plugins/com.st.stm32cube.ide.mcu.externaltools.gnu-tools-for-stm32.7-2018-q2-update.win32_1.0.0.201904181610/tools/bin/../lib/gcc/arm-none-eabi/7.3.1/thumb/v7e-m/fpv4-sp/hard/crtn.o
 *(.fini)
 .fini          0x000000000800c628        0x4 c:/st/stm32cubeide_1.0.2/stm32cubeide/plugins/com.st.stm32cube.ide.mcu.externaltools.gnu-tools-for-stm32.7-2018-q2-update.win32_1.0.0.201904181610/tools/bin/../lib/gcc/arm-none-eabi/7.3.1/thumb/v7e-m/fpv4-sp/hard/crti.o
                0x000000000800c628                _fini
 .fini          0x000000000800c62c        0x8 c:/st/stm32cubeide_1.0.2/stm32cubeide/plugins/com.st.stm32cube.ide.mcu.externaltools.gnu-tools-for-stm32.7-2018-q2-update.win32_1.0.0.201904181610/tools/bin/../lib/gcc/arm-none-eabi/7.3.1/thumb/v7e-m/fpv4-sp/hard/crtn.o
                0x000000000800c634                . = ALIGN (0x4)
                0x000000000800c634                _etext = .

.vfp11_veneer   0x000000000800c634        0x0
 .vfp11_veneer  0x000000000800c634        0x0 linker stubs

.v4_bx          0x000000000800c634        0x0
 .v4_bx         0x000000000800c634        0x0 linker stubs

.iplt           0x000000000800c634        0x0
 .iplt          0x000000000800c634        0x0 c:/st/stm32cubeide_1.0.2/stm32cubeide/plugins/com.st.stm32cube.ide.mcu.externaltools.gnu-tools-for-stm32.7-2018-q2-update.win32_1.0.0.201904181610/tools/bin/../lib/gcc/arm-none-eabi/7.3.1/thumb/v7e-m/fpv4-sp/hard/crtbegin.o

.rodata         0x000000000800c634      0x120
                0x000000000800c634                . = ALIGN (0x4)
 *(.rodata)
 .rodata        0x000000000800c634       0xa0 Src/config.o
 *(.rodata*)
 .rodata.DLCtoBytes
                0x000000000800c6d4       0x10 Drivers/STM32G4xx_HAL_Driver/Src/stm32g4xx_hal_fdcan.o
 .rodata.LED    0x000000000800c6e4        0x8 Src/main.o
                0x000000000800c6e4                LED
 .rodata.DIO3   0x000000000800c6ec        0x8 Src/main.o
                0x000000000800c6ec                DIO3
 .rodata.DIO4   0x000000000800c6f4        0x8 Src/main.o
                0x000000000800c6f4                DIO4
 .rodata.DIO5   0x000000000800c6fc        0x8 Src/main.o
                0x000000000800c6fc                DIO5
 .rodata.DIO6   0x000000000800c704        0x8 Src/main.o
                0x000000000800c704                DIO6
 .rodata.DIO15  0x000000000800c70c        0x8 Src/main.o
                0x000000000800c70c                DIO15
 .rodata.U5IN0  0x000000000800c714        0x8 Src/main.o
                0x000000000800c714                U5IN0
 .rodata.U5IN1  0x000000000800c71c        0x8 Src/main.o
                0x000000000800c71c                U5IN1
 .rodata.U6IN0  0x000000000800c724        0x8 Src/main.o
                0x000000000800c724                U6IN0
 .rodata.U6IN1  0x000000000800c72c        0x8 Src/main.o
                0x000000000800c72c                U6IN1
 .rodata.U7IN0  0x000000000800c734        0x8 Src/main.o
                0x000000000800c734                U7IN0
 .rodata.U7IN1  0x000000000800c73c        0x8 Src/main.o
                0x000000000800c73c                U7IN1
 .rodata.AHBPrescTable
                0x000000000800c744       0x10 Src/system_stm32g4xx.o
                0x000000000800c744                AHBPrescTable
                0x000000000800c754                . = ALIGN (0x4)

.rel.dyn        0x000000000800c754        0x0
 .rel.iplt      0x000000000800c754        0x0 c:/st/stm32cubeide_1.0.2/stm32cubeide/plugins/com.st.stm32cube.ide.mcu.externaltools.gnu-tools-for-stm32.7-2018-q2-update.win32_1.0.0.201904181610/tools/bin/../lib/gcc/arm-none-eabi/7.3.1/thumb/v7e-m/fpv4-sp/hard/crtbegin.o

.ARM.extab      0x000000000800c754        0x0
                0x000000000800c754                . = ALIGN (0x4)
 *(.ARM.extab* .gnu.linkonce.armextab.*)
                0x000000000800c754                . = ALIGN (0x4)

.ARM            0x000000000800c754        0x0
                0x000000000800c754                . = ALIGN (0x4)
                0x000000000800c754                __exidx_start = .
 *(.ARM.exidx*)
                0x000000000800c754                __exidx_end = .
                0x000000000800c754                . = ALIGN (0x4)

.preinit_array  0x000000000800c754        0x0
                0x000000000800c754                . = ALIGN (0x4)
                0x000000000800c754                PROVIDE (__preinit_array_start = .)
 *(.preinit_array*)
                0x000000000800c754                PROVIDE (__preinit_array_end = .)
                0x000000000800c754                . = ALIGN (0x4)

.init_array     0x000000000800c754        0x4
                0x000000000800c754                . = ALIGN (0x4)
                0x000000000800c754                PROVIDE (__init_array_start = .)
 *(SORT_BY_NAME(.init_array.*))
 *(.init_array*)
 .init_array    0x000000000800c754        0x4 c:/st/stm32cubeide_1.0.2/stm32cubeide/plugins/com.st.stm32cube.ide.mcu.externaltools.gnu-tools-for-stm32.7-2018-q2-update.win32_1.0.0.201904181610/tools/bin/../lib/gcc/arm-none-eabi/7.3.1/thumb/v7e-m/fpv4-sp/hard/crtbegin.o
                0x000000000800c758                PROVIDE (__init_array_end = .)
                0x000000000800c758                . = ALIGN (0x4)

.fini_array     0x000000000800c758        0x4
                0x000000000800c758                . = ALIGN (0x4)
                [!provide]                        PROVIDE (__fini_array_start = .)
 *(SORT_BY_NAME(.fini_array.*))
 *(.fini_array*)
 .fini_array    0x000000000800c758        0x4 c:/st/stm32cubeide_1.0.2/stm32cubeide/plugins/com.st.stm32cube.ide.mcu.externaltools.gnu-tools-for-stm32.7-2018-q2-update.win32_1.0.0.201904181610/tools/bin/../lib/gcc/arm-none-eabi/7.3.1/thumb/v7e-m/fpv4-sp/hard/crtbegin.o
                [!provide]                        PROVIDE (__fini_array_end = .)
                0x000000000800c75c                . = ALIGN (0x4)
                0x000000000800c75c                _sidata = LOADADDR (.data)

.data           0x0000000020000000       0x98 load address 0x000000000800c75c
                0x0000000020000000                . = ALIGN (0x4)
                0x0000000020000000                _sdata = .
 *(.data)
 *(.data*)
 .data.uwTickPrio
                0x0000000020000000        0x4 Drivers/STM32G4xx_HAL_Driver/Src/stm32g4xx_hal.o
                0x0000000020000000                uwTickPrio
 .data.uwTickFreq
                0x0000000020000004        0x4 Drivers/STM32G4xx_HAL_Driver/Src/stm32g4xx_hal.o
                0x0000000020000004                uwTickFreq
 .data.pFlash   0x0000000020000008       0x20 Drivers/STM32G4xx_HAL_Driver/Src/stm32g4xx_hal_flash.o
                0x0000000020000008                pFlash
 .data.switches
                0x0000000020000028       0x18 Src/commands.o
                0x0000000020000028                switches
 .data.actives  0x0000000020000040       0x18 Src/commands.o
                0x0000000020000040                actives
 .data.errors   0x0000000020000058       0x18 Src/commands.o
                0x0000000020000058                errors
 .data.CanBuffer
                0x0000000020000070       0x1f Src/main.o
                0x0000000020000070                CanBuffer
 *fill*         0x000000002000008f        0x1 
 .data.GPIO_Timer_Ready
                0x0000000020000090        0x4 Src/main.o
                0x0000000020000090                GPIO_Timer_Ready
 .data.SystemCoreClock
                0x0000000020000094        0x4 Src/system_stm32g4xx.o
                0x0000000020000094                SystemCoreClock
                0x0000000020000098                . = ALIGN (0x4)
                0x0000000020000098                _edata = .

.igot.plt       0x0000000020000098        0x0 load address 0x000000000800c7f4
 .igot.plt      0x0000000020000098        0x0 c:/st/stm32cubeide_1.0.2/stm32cubeide/plugins/com.st.stm32cube.ide.mcu.externaltools.gnu-tools-for-stm32.7-2018-q2-update.win32_1.0.0.201904181610/tools/bin/../lib/gcc/arm-none-eabi/7.3.1/thumb/v7e-m/fpv4-sp/hard/crtbegin.o
                0x0000000020000098                . = ALIGN (0x4)

.bss            0x0000000020000098     0x1c3c load address 0x000000000800c7f4
                0x0000000020000098                _sbss = .
                0x0000000020000098                __bss_start__ = _sbss
 *(.bss)
 .bss           0x0000000020000098       0x1c c:/st/stm32cubeide_1.0.2/stm32cubeide/plugins/com.st.stm32cube.ide.mcu.externaltools.gnu-tools-for-stm32.7-2018-q2-update.win32_1.0.0.201904181610/tools/bin/../lib/gcc/arm-none-eabi/7.3.1/thumb/v7e-m/fpv4-sp/hard/crtbegin.o
 *(.bss*)
 .bss.ack_k     0x00000000200000b4        0x4 Src/commands.o
                0x00000000200000b4                ack_k
 .bss.blnk_k    0x00000000200000b8        0x4 Src/commands.o
                0x00000000200000b8                blnk_k
 .bss.HAL_RCC_ADC12_CLK_ENABLED
                0x00000000200000bc        0x4 Src/stm32g4xx_hal_msp.o
 .bss.HAL_NVIC_TIM1_UP_TIM16_IRQn_ENABLED
                0x00000000200000c0        0x4 Src/stm32g4xx_hal_msp.o
 *(COMMON)
 COMMON         0x00000000200000c4        0x4 Drivers/STM32G4xx_HAL_Driver/Src/stm32g4xx_hal.o
                0x00000000200000c4                uwTick
 COMMON         0x00000000200000c8        0x6 Src/checks.o
                0x00000000200000c8                U7I1_active_counter
                0x00000000200000c9                U5I0_active_counter
                0x00000000200000ca                U7I0_active_counter
                0x00000000200000cb                U6I0_active_counter
                0x00000000200000cc                U6I1_active_counter
                0x00000000200000cd                U5I1_active_counter
 *fill*         0x00000000200000ce        0x2 
 COMMON         0x00000000200000d0     0x1c04 Src/main.o
                0x00000000200000d0                Digital_In_Interrupt_Can_Falling
                0x00000000200000d8                sample_voltage
                0x00000000200000dc                Digital_In_Interrupt_Can_Rising
                0x00000000200000e4                T_rolling_average_position
                0x00000000200000e8                U6T
                0x00000000200002e8                Digital_In_Interrupt_PWM_Falling
                0x00000000200002ee                warn_undervoltage_U7
                0x00000000200002f0                Digital_In_EN
                0x00000000200002f1                Can_Timed_Enable
                0x00000000200002f2                warn_undercurrent_U7I1
                0x00000000200002f4                Can_Interval
                0x00000000200002f8                U5GNDV
                0x00000000200004f8                htim8
                0x0000000020000538                Can_Config_Datas
                0x0000000020000578                CanBufferWritePos
                0x0000000020000579                SampleVoltageBurst
                0x000000002000057c                htim4
                0x00000000200005bc                warn_undercurrent_U5I0
                0x00000000200005c0                canErrors
                0x00000000200005e0                warn_overcurrent_U6I0
                0x00000000200005e2                warn_overtemperature_U7
                0x00000000200005e4                hadc2
                0x0000000020000650                U7T
                0x0000000020000850                Can_Config_Bytes
                0x0000000020000890                htim15
                0x00000000200008d0                cutoff_overcurrent_U7
                0x00000000200008d4                U7I0_real
                0x00000000200008d8                U7I1
                0x0000000020000958                cutoff_overcurrent_U6
                0x000000002000095a                U7I0_active
                0x000000002000095c                U7GNDV
                0x0000000020000b5c                htim17
                0x0000000020000b9c                Can_Sync_Delay
                0x0000000020000b9e                U7I1_active
                0x0000000020000ba0                hfdcan
                0x0000000020000c04                warn_overcurrent_U7I1
                0x0000000020000c06                PWM_In_EN
                0x0000000020000c07                Default_Switch_State
                0x0000000020000c08                Digital_In_Interrupt_PWM_Rising
                0x0000000020000c10                sample_temperature
                0x0000000020000c14                Digital_In_Interrupt_Power_Low_Rising
                0x0000000020000c1c                U6V
                0x0000000020000e1c                Can_Sync_Enable
                0x0000000020000e20                U5V
                0x0000000020001020                U6I0_error
                0x0000000020001024                htim3
                0x0000000020001064                warn_overtemperature_U6
                0x0000000020001068                Digital_In_Interrupt_Power_High_Rising
                0x000000002000106e                cutoff_overcurrent_U5
                0x0000000020001070                U7I1_real
                0x0000000020001074                warn_overvoltage_U7
                0x0000000020001076                warn_undervoltage_U6
                0x0000000020001078                canErrorToTransmit
                0x000000002000107c                PWM_Prescalers
                0x0000000020001088                U5I0_real
                0x000000002000108c                U6I1_error
                0x0000000020001090                U7I0
                0x0000000020001110                warn_overcurrent_U5I0
                0x0000000020001114                hadc1
                0x0000000020001180                warn_undertemperature_U7
                0x0000000020001182                Check_T_Flag
                0x0000000020001183                Check_V_Flag
                0x0000000020001184                warn_overcurrent_U7I0
                0x0000000020001186                U5I0_error
                0x0000000020001188                GPIO_Interrupt
                0x000000002000119c                hlptim1
                0x00000000200011d4                U5I1_real
                0x00000000200011d8                CanMessagesToSend
                0x00000000200011d9                U6I1_active
                0x00000000200011dc                U5T_real
                0x00000000200011e0                Check_I0_Flag
                0x00000000200011e4                hdma_adc1
                0x0000000020001244                I1_rolling_average_position
                0x0000000020001248                Digital_In_Interrupt_EN
                0x000000002000124c                U7V_real
                0x0000000020001250                warn_overtemperature_U5
                0x0000000020001252                U5I1_error
                0x0000000020001254                ADCDualConvertedValues
                0x0000000020001260                U5I1
                0x00000000200012e0                CanTimerFlag
                0x00000000200012e1                U6I0_active
                0x00000000200012e2                Check_I1_Flag
                0x00000000200012e4                U7T_real
                0x00000000200012e8                U5I0_active
                0x00000000200012ec                U6I0_real
                0x00000000200012f0                Digital_In_Interrupt_Power_High_Falling
                0x00000000200012f8                U6GNDV
                0x00000000200014f8                GPIO_Interrupt_Active
                0x000000002000150c                htim6
                0x000000002000154c                PWM_Pulses
                0x0000000020001558                htim1
                0x0000000020001598                warn_overcurrent_U6I1
                0x000000002000159a                CanBufferReadPos
                0x000000002000159c                adc_selection
                0x00000000200015a0                Can_IDs
                0x00000000200015b0                U5I1_active
                0x00000000200015b4                U6I0
                0x0000000020001634                U6I1
                0x00000000200016b4                GPIO_Interrupt_Write_Pos
                0x00000000200016b8                warn_undercurrent_U6I1
                0x00000000200016bc                Digital_In_Interrupt_Power_Low_Falling
                0x00000000200016c1                SampleTemperatureBurst
                0x00000000200016c4                CANTxData
                0x00000000200016cc                warn_undervoltage_U5
                0x00000000200016d0                Can_DLCs
                0x00000000200016d8                I0_rolling_average_position
                0x00000000200016dc                U6V_real
                0x00000000200016e0                warn_undercurrent_U7I0
                0x00000000200016e4                U6T_real
                0x00000000200016e8                warn_undertemperature_U5
                0x00000000200016ec                htim2
                0x000000002000172c                SampleTemperatureVoltagePeriod
                0x000000002000172e                U7I1_error
                0x0000000020001730                warn_undercurrent_U5I1
                0x0000000020001732                warn_overvoltage_U5
                0x0000000020001734                warn_undertemperature_U6
                0x0000000020001738                hdma_adc2
                0x0000000020001798                PWM_Out_EN
                0x000000002000179a                warn_overvoltage_U6
                0x000000002000179c                canSendErrorFlag
                0x00000000200017a0                U5I0
                0x0000000020001820                GPIO_Interrupt_Read_Pos
                0x0000000020001824                V_rolling_average_position
                0x0000000020001828                U7V
                0x0000000020001a28                warn_overcurrent_U5I1
                0x0000000020001a2c                htim16
                0x0000000020001a6c                htim7
                0x0000000020001aac                GPIO_States
                0x0000000020001ac0                GPIO_Current_Interrupts
                0x0000000020001ac4                warn_undercurrent_U6I0
                0x0000000020001ac8                U6I1_real
                0x0000000020001acc                U7I0_error
                0x0000000020001ad0                U5V_real
                0x0000000020001ad4                U5T
                0x0000000020001cd4                . = ALIGN (0x4)
                0x0000000020001cd4                _ebss = .
                0x0000000020001cd4                __bss_end__ = _ebss

._user_heap_stack
                0x0000000020001cd4      0x604 load address 0x000000000800c7f4
                0x0000000020001cd8                . = ALIGN (0x8)
 *fill*         0x0000000020001cd4        0x4 
                0x0000000020001cd8                PROVIDE (end = .)
                [!provide]                        PROVIDE (_end = .)
                0x0000000020001ed8                . = (. + _Min_Heap_Size)
 *fill*         0x0000000020001cd8      0x200 
                0x00000000200022d8                . = (. + _Min_Stack_Size)
 *fill*         0x0000000020001ed8      0x400 
                0x00000000200022d8                . = ALIGN (0x8)

/DISCARD/
 libc.a(*)
 libm.a(*)
 libgcc.a(*)

.ARM.attributes
                0x0000000000000000       0x30
 *(.ARM.attributes)
 .ARM.attributes
                0x0000000000000000       0x22 c:/st/stm32cubeide_1.0.2/stm32cubeide/plugins/com.st.stm32cube.ide.mcu.externaltools.gnu-tools-for-stm32.7-2018-q2-update.win32_1.0.0.201904181610/tools/bin/../lib/gcc/arm-none-eabi/7.3.1/thumb/v7e-m/fpv4-sp/hard/crti.o
 .ARM.attributes
                0x0000000000000022       0x34 c:/st/stm32cubeide_1.0.2/stm32cubeide/plugins/com.st.stm32cube.ide.mcu.externaltools.gnu-tools-for-stm32.7-2018-q2-update.win32_1.0.0.201904181610/tools/bin/../lib/gcc/arm-none-eabi/7.3.1/thumb/v7e-m/fpv4-sp/hard/crtbegin.o
 .ARM.attributes
                0x0000000000000056       0x39 Drivers/STM32G4xx_HAL_Driver/Src/stm32g4xx_hal.o
 .ARM.attributes
                0x000000000000008f       0x39 Drivers/STM32G4xx_HAL_Driver/Src/stm32g4xx_hal_adc.o
 .ARM.attributes
                0x00000000000000c8       0x39 Drivers/STM32G4xx_HAL_Driver/Src/stm32g4xx_hal_adc_ex.o
 .ARM.attributes
                0x0000000000000101       0x39 Drivers/STM32G4xx_HAL_Driver/Src/stm32g4xx_hal_cortex.o
 .ARM.attributes
                0x000000000000013a       0x39 Drivers/STM32G4xx_HAL_Driver/Src/stm32g4xx_hal_dma.o
 .ARM.attributes
                0x0000000000000173       0x39 Drivers/STM32G4xx_HAL_Driver/Src/stm32g4xx_hal_fdcan.o
 .ARM.attributes
                0x00000000000001ac       0x39 Drivers/STM32G4xx_HAL_Driver/Src/stm32g4xx_hal_flash.o
 .ARM.attributes
                0x00000000000001e5       0x39 Drivers/STM32G4xx_HAL_Driver/Src/stm32g4xx_hal_flash_ex.o
 .ARM.attributes
                0x000000000000021e       0x39 Drivers/STM32G4xx_HAL_Driver/Src/stm32g4xx_hal_gpio.o
 .ARM.attributes
                0x0000000000000257       0x39 Drivers/STM32G4xx_HAL_Driver/Src/stm32g4xx_hal_lptim.o
 .ARM.attributes
                0x0000000000000290       0x39 Drivers/STM32G4xx_HAL_Driver/Src/stm32g4xx_hal_pwr_ex.o
 .ARM.attributes
                0x00000000000002c9       0x39 Drivers/STM32G4xx_HAL_Driver/Src/stm32g4xx_hal_rcc.o
 .ARM.attributes
                0x0000000000000302       0x39 Drivers/STM32G4xx_HAL_Driver/Src/stm32g4xx_hal_rcc_ex.o
 .ARM.attributes
                0x000000000000033b       0x39 Drivers/STM32G4xx_HAL_Driver/Src/stm32g4xx_hal_tim.o
 .ARM.attributes
                0x0000000000000374       0x39 Drivers/STM32G4xx_HAL_Driver/Src/stm32g4xx_hal_tim_ex.o
 .ARM.attributes
                0x00000000000003ad       0x39 Src/canconfig.o
 .ARM.attributes
                0x00000000000003e6       0x39 Src/checks.o
 .ARM.attributes
                0x000000000000041f       0x39 Src/commands.o
 .ARM.attributes
                0x0000000000000458       0x39 Src/config.o
 .ARM.attributes
                0x0000000000000491       0x39 Src/main.o
 .ARM.attributes
                0x00000000000004ca       0x39 Src/parse.o
 .ARM.attributes
                0x0000000000000503       0x39 Src/stm32g4xx_hal_msp.o
 .ARM.attributes
                0x000000000000053c       0x39 Src/stm32g4xx_it.o
 .ARM.attributes
                0x0000000000000575       0x39 Src/system_stm32g4xx.o
 .ARM.attributes
                0x00000000000005ae       0x21 Startup/startup_stm32g441kbtx.o
 .ARM.attributes
                0x00000000000005cf       0x34 c:/st/stm32cubeide_1.0.2/stm32cubeide/plugins/com.st.stm32cube.ide.mcu.externaltools.gnu-tools-for-stm32.7-2018-q2-update.win32_1.0.0.201904181610/tools/bin/../lib/gcc/arm-none-eabi/7.3.1/../../../../arm-none-eabi/lib/thumb/v7e-m/fpv4-sp/hard\libc_nano.a(lib_a-init.o)
 .ARM.attributes
                0x0000000000000603       0x34 c:/st/stm32cubeide_1.0.2/stm32cubeide/plugins/com.st.stm32cube.ide.mcu.externaltools.gnu-tools-for-stm32.7-2018-q2-update.win32_1.0.0.201904181610/tools/bin/../lib/gcc/arm-none-eabi/7.3.1/../../../../arm-none-eabi/lib/thumb/v7e-m/fpv4-sp/hard\libc_nano.a(lib_a-memset.o)
 .ARM.attributes
                0x0000000000000637       0x22 c:/st/stm32cubeide_1.0.2/stm32cubeide/plugins/com.st.stm32cube.ide.mcu.externaltools.gnu-tools-for-stm32.7-2018-q2-update.win32_1.0.0.201904181610/tools/bin/../lib/gcc/arm-none-eabi/7.3.1/thumb/v7e-m/fpv4-sp/hard/crtn.o
OUTPUT(motorsport_PowerNode.elf elf32-littlearm)

.debug_info     0x0000000000000000    0x1cb16
 .debug_info    0x0000000000000000      0xba1 Drivers/STM32G4xx_HAL_Driver/Src/stm32g4xx_hal.o
 .debug_info    0x0000000000000ba1     0x1ec4 Drivers/STM32G4xx_HAL_Driver/Src/stm32g4xx_hal_adc.o
 .debug_info    0x0000000000002a65     0x1c12 Drivers/STM32G4xx_HAL_Driver/Src/stm32g4xx_hal_adc_ex.o
 .debug_info    0x0000000000004677      0xec1 Drivers/STM32G4xx_HAL_Driver/Src/stm32g4xx_hal_cortex.o
 .debug_info    0x0000000000005538      0xa07 Drivers/STM32G4xx_HAL_Driver/Src/stm32g4xx_hal_dma.o
 .debug_info    0x0000000000005f3f     0x1958 Drivers/STM32G4xx_HAL_Driver/Src/stm32g4xx_hal_fdcan.o
 .debug_info    0x0000000000007897      0x748 Drivers/STM32G4xx_HAL_Driver/Src/stm32g4xx_hal_flash.o
 .debug_info    0x0000000000007fdf      0x95b Drivers/STM32G4xx_HAL_Driver/Src/stm32g4xx_hal_flash_ex.o
 .debug_info    0x000000000000893a      0x969 Drivers/STM32G4xx_HAL_Driver/Src/stm32g4xx_hal_gpio.o
 .debug_info    0x00000000000092a3     0x103f Drivers/STM32G4xx_HAL_Driver/Src/stm32g4xx_hal_lptim.o
 .debug_info    0x000000000000a2e2      0xa9c Drivers/STM32G4xx_HAL_Driver/Src/stm32g4xx_hal_pwr_ex.o
 .debug_info    0x000000000000ad7e      0xca5 Drivers/STM32G4xx_HAL_Driver/Src/stm32g4xx_hal_rcc.o
 .debug_info    0x000000000000ba23      0xd92 Drivers/STM32G4xx_HAL_Driver/Src/stm32g4xx_hal_rcc_ex.o
 .debug_info    0x000000000000c7b5     0x2884 Drivers/STM32G4xx_HAL_Driver/Src/stm32g4xx_hal_tim.o
 .debug_info    0x000000000000f039     0x1a34 Drivers/STM32G4xx_HAL_Driver/Src/stm32g4xx_hal_tim_ex.o
 .debug_info    0x0000000000010a6d      0x8fd Src/canconfig.o
 .debug_info    0x000000000001136a      0x9f1 Src/checks.o
 .debug_info    0x0000000000011d5b     0x192a Src/commands.o
 .debug_info    0x0000000000013685      0xd92 Src/config.o
 .debug_info    0x0000000000014417     0x3465 Src/main.o
 .debug_info    0x000000000001787c     0x1001 Src/parse.o
 .debug_info    0x000000000001887d     0x2480 Src/stm32g4xx_hal_msp.o
 .debug_info    0x000000000001acfd     0x1748 Src/stm32g4xx_it.o
 .debug_info    0x000000000001c445      0x6af Src/system_stm32g4xx.o
 .debug_info    0x000000000001caf4       0x22 Startup/startup_stm32g441kbtx.o

.debug_abbrev   0x0000000000000000     0x3228
 .debug_abbrev  0x0000000000000000      0x1fb Drivers/STM32G4xx_HAL_Driver/Src/stm32g4xx_hal.o
 .debug_abbrev  0x00000000000001fb      0x24a Drivers/STM32G4xx_HAL_Driver/Src/stm32g4xx_hal_adc.o
 .debug_abbrev  0x0000000000000445      0x26a Drivers/STM32G4xx_HAL_Driver/Src/stm32g4xx_hal_adc_ex.o
 .debug_abbrev  0x00000000000006af      0x2f1 Drivers/STM32G4xx_HAL_Driver/Src/stm32g4xx_hal_cortex.o
 .debug_abbrev  0x00000000000009a0      0x1d9 Drivers/STM32G4xx_HAL_Driver/Src/stm32g4xx_hal_dma.o
 .debug_abbrev  0x0000000000000b79      0x1be Drivers/STM32G4xx_HAL_Driver/Src/stm32g4xx_hal_fdcan.o
 .debug_abbrev  0x0000000000000d37      0x2b6 Drivers/STM32G4xx_HAL_Driver/Src/stm32g4xx_hal_flash.o
 .debug_abbrev  0x0000000000000fed      0x24d Drivers/STM32G4xx_HAL_Driver/Src/stm32g4xx_hal_flash_ex.o
 .debug_abbrev  0x000000000000123a      0x1c0 Drivers/STM32G4xx_HAL_Driver/Src/stm32g4xx_hal_gpio.o
 .debug_abbrev  0x00000000000013fa      0x1de Drivers/STM32G4xx_HAL_Driver/Src/stm32g4xx_hal_lptim.o
 .debug_abbrev  0x00000000000015d8      0x1fd Drivers/STM32G4xx_HAL_Driver/Src/stm32g4xx_hal_pwr_ex.o
 .debug_abbrev  0x00000000000017d5      0x245 Drivers/STM32G4xx_HAL_Driver/Src/stm32g4xx_hal_rcc.o
 .debug_abbrev  0x0000000000001a1a      0x204 Drivers/STM32G4xx_HAL_Driver/Src/stm32g4xx_hal_rcc_ex.o
 .debug_abbrev  0x0000000000001c1e      0x25b Drivers/STM32G4xx_HAL_Driver/Src/stm32g4xx_hal_tim.o
 .debug_abbrev  0x0000000000001e79      0x249 Drivers/STM32G4xx_HAL_Driver/Src/stm32g4xx_hal_tim_ex.o
 .debug_abbrev  0x00000000000020c2      0x181 Src/canconfig.o
 .debug_abbrev  0x0000000000002243      0x188 Src/checks.o
 .debug_abbrev  0x00000000000023cb      0x25a Src/commands.o
 .debug_abbrev  0x0000000000002625      0x242 Src/config.o
 .debug_abbrev  0x0000000000002867      0x28e Src/main.o
 .debug_abbrev  0x0000000000002af5      0x203 Src/parse.o
 .debug_abbrev  0x0000000000002cf8      0x232 Src/stm32g4xx_hal_msp.o
 .debug_abbrev  0x0000000000002f2a      0x1a5 Src/stm32g4xx_it.o
 .debug_abbrev  0x00000000000030cf      0x147 Src/system_stm32g4xx.o
 .debug_abbrev  0x0000000000003216       0x12 Startup/startup_stm32g441kbtx.o

.debug_aranges  0x0000000000000000     0x18b0
 .debug_aranges
                0x0000000000000000      0x130 Drivers/STM32G4xx_HAL_Driver/Src/stm32g4xx_hal.o
 .debug_aranges
                0x0000000000000130      0x248 Drivers/STM32G4xx_HAL_Driver/Src/stm32g4xx_hal_adc.o
 .debug_aranges
                0x0000000000000378      0x1c0 Drivers/STM32G4xx_HAL_Driver/Src/stm32g4xx_hal_adc_ex.o
 .debug_aranges
                0x0000000000000538      0x118 Drivers/STM32G4xx_HAL_Driver/Src/stm32g4xx_hal_cortex.o
 .debug_aranges
                0x0000000000000650       0x90 Drivers/STM32G4xx_HAL_Driver/Src/stm32g4xx_hal_dma.o
 .debug_aranges
                0x00000000000006e0      0x208 Drivers/STM32G4xx_HAL_Driver/Src/stm32g4xx_hal_fdcan.o
 .debug_aranges
                0x00000000000008e8       0x88 Drivers/STM32G4xx_HAL_Driver/Src/stm32g4xx_hal_flash.o
 .debug_aranges
                0x0000000000000970       0xc8 Drivers/STM32G4xx_HAL_Driver/Src/stm32g4xx_hal_flash_ex.o
 .debug_aranges
                0x0000000000000a38       0x58 Drivers/STM32G4xx_HAL_Driver/Src/stm32g4xx_hal_gpio.o
 .debug_aranges
                0x0000000000000a90      0x160 Drivers/STM32G4xx_HAL_Driver/Src/stm32g4xx_hal_lptim.o
 .debug_aranges
                0x0000000000000bf0      0x140 Drivers/STM32G4xx_HAL_Driver/Src/stm32g4xx_hal_pwr_ex.o
 .debug_aranges
                0x0000000000000d30       0x98 Drivers/STM32G4xx_HAL_Driver/Src/stm32g4xx_hal_rcc.o
 .debug_aranges
                0x0000000000000dc8       0xb0 Drivers/STM32G4xx_HAL_Driver/Src/stm32g4xx_hal_rcc_ex.o
 .debug_aranges
                0x0000000000000e78      0x3c8 Drivers/STM32G4xx_HAL_Driver/Src/stm32g4xx_hal_tim.o
 .debug_aranges
                0x0000000000001240      0x228 Drivers/STM32G4xx_HAL_Driver/Src/stm32g4xx_hal_tim_ex.o
 .debug_aranges
                0x0000000000001468       0x20 Src/canconfig.o
 .debug_aranges
                0x0000000000001488       0x38 Src/checks.o
 .debug_aranges
                0x00000000000014c0       0xb0 Src/commands.o
 .debug_aranges
                0x0000000000001570       0x50 Src/config.o
 .debug_aranges
                0x00000000000015c0      0x100 Src/main.o
 .debug_aranges
                0x00000000000016c0       0x40 Src/parse.o
 .debug_aranges
                0x0000000000001700       0x90 Src/stm32g4xx_hal_msp.o
 .debug_aranges
                0x0000000000001790       0xd0 Src/stm32g4xx_it.o
 .debug_aranges
                0x0000000000001860       0x28 Src/system_stm32g4xx.o
 .debug_aranges
                0x0000000000001888       0x28 Startup/startup_stm32g441kbtx.o

.debug_ranges   0x0000000000000000     0x1740
 .debug_ranges  0x0000000000000000      0x120 Drivers/STM32G4xx_HAL_Driver/Src/stm32g4xx_hal.o
 .debug_ranges  0x0000000000000120      0x238 Drivers/STM32G4xx_HAL_Driver/Src/stm32g4xx_hal_adc.o
 .debug_ranges  0x0000000000000358      0x1b0 Drivers/STM32G4xx_HAL_Driver/Src/stm32g4xx_hal_adc_ex.o
 .debug_ranges  0x0000000000000508      0x108 Drivers/STM32G4xx_HAL_Driver/Src/stm32g4xx_hal_cortex.o
 .debug_ranges  0x0000000000000610       0x80 Drivers/STM32G4xx_HAL_Driver/Src/stm32g4xx_hal_dma.o
 .debug_ranges  0x0000000000000690      0x1f8 Drivers/STM32G4xx_HAL_Driver/Src/stm32g4xx_hal_fdcan.o
 .debug_ranges  0x0000000000000888       0x78 Drivers/STM32G4xx_HAL_Driver/Src/stm32g4xx_hal_flash.o
 .debug_ranges  0x0000000000000900       0xb8 Drivers/STM32G4xx_HAL_Driver/Src/stm32g4xx_hal_flash_ex.o
 .debug_ranges  0x00000000000009b8       0x48 Drivers/STM32G4xx_HAL_Driver/Src/stm32g4xx_hal_gpio.o
 .debug_ranges  0x0000000000000a00      0x150 Drivers/STM32G4xx_HAL_Driver/Src/stm32g4xx_hal_lptim.o
 .debug_ranges  0x0000000000000b50      0x130 Drivers/STM32G4xx_HAL_Driver/Src/stm32g4xx_hal_pwr_ex.o
 .debug_ranges  0x0000000000000c80       0x88 Drivers/STM32G4xx_HAL_Driver/Src/stm32g4xx_hal_rcc.o
 .debug_ranges  0x0000000000000d08       0xa0 Drivers/STM32G4xx_HAL_Driver/Src/stm32g4xx_hal_rcc_ex.o
 .debug_ranges  0x0000000000000da8      0x3b8 Drivers/STM32G4xx_HAL_Driver/Src/stm32g4xx_hal_tim.o
 .debug_ranges  0x0000000000001160      0x218 Drivers/STM32G4xx_HAL_Driver/Src/stm32g4xx_hal_tim_ex.o
 .debug_ranges  0x0000000000001378       0x10 Src/canconfig.o
 .debug_ranges  0x0000000000001388       0x28 Src/checks.o
 .debug_ranges  0x00000000000013b0       0xa0 Src/commands.o
 .debug_ranges  0x0000000000001450       0x40 Src/config.o
 .debug_ranges  0x0000000000001490      0x108 Src/main.o
 .debug_ranges  0x0000000000001598       0x30 Src/parse.o
 .debug_ranges  0x00000000000015c8       0x80 Src/stm32g4xx_hal_msp.o
 .debug_ranges  0x0000000000001648       0xc0 Src/stm32g4xx_it.o
 .debug_ranges  0x0000000000001708       0x18 Src/system_stm32g4xx.o
 .debug_ranges  0x0000000000001720       0x20 Startup/startup_stm32g441kbtx.o

.debug_macro    0x0000000000000000    0x216ab
 .debug_macro   0x0000000000000000      0x247 Drivers/STM32G4xx_HAL_Driver/Src/stm32g4xx_hal.o
 .debug_macro   0x0000000000000247      0xa5a Drivers/STM32G4xx_HAL_Driver/Src/stm32g4xx_hal.o
 .debug_macro   0x0000000000000ca1      0x15a Drivers/STM32G4xx_HAL_Driver/Src/stm32g4xx_hal.o
 .debug_macro   0x0000000000000dfb       0x2e Drivers/STM32G4xx_HAL_Driver/Src/stm32g4xx_hal.o
 .debug_macro   0x0000000000000e29       0x28 Drivers/STM32G4xx_HAL_Driver/Src/stm32g4xx_hal.o
 .debug_macro   0x0000000000000e51       0x22 Drivers/STM32G4xx_HAL_Driver/Src/stm32g4xx_hal.o
 .debug_macro   0x0000000000000e73       0x8e Drivers/STM32G4xx_HAL_Driver/Src/stm32g4xx_hal.o
 .debug_macro   0x0000000000000f01       0x51 Drivers/STM32G4xx_HAL_Driver/Src/stm32g4xx_hal.o
 .debug_macro   0x0000000000000f52       0xef Drivers/STM32G4xx_HAL_Driver/Src/stm32g4xx_hal.o
 .debug_macro   0x0000000000001041       0x6a Drivers/STM32G4xx_HAL_Driver/Src/stm32g4xx_hal.o
 .debug_macro   0x00000000000010ab      0x1df Drivers/STM32G4xx_HAL_Driver/Src/stm32g4xx_hal.o
 .debug_macro   0x000000000000128a       0x1c Drivers/STM32G4xx_HAL_Driver/Src/stm32g4xx_hal.o
 .debug_macro   0x00000000000012a6       0x22 Drivers/STM32G4xx_HAL_Driver/Src/stm32g4xx_hal.o
 .debug_macro   0x00000000000012c8       0xdf Drivers/STM32G4xx_HAL_Driver/Src/stm32g4xx_hal.o
 .debug_macro   0x00000000000013a7     0x102d Drivers/STM32G4xx_HAL_Driver/Src/stm32g4xx_hal.o
 .debug_macro   0x00000000000023d4      0x11f Drivers/STM32G4xx_HAL_Driver/Src/stm32g4xx_hal.o
 .debug_macro   0x00000000000024f3    0x1178d Drivers/STM32G4xx_HAL_Driver/Src/stm32g4xx_hal.o
 .debug_macro   0x0000000000013c80       0x43 Drivers/STM32G4xx_HAL_Driver/Src/stm32g4xx_hal.o
 .debug_macro   0x0000000000013cc3     0x34ae Drivers/STM32G4xx_HAL_Driver/Src/stm32g4xx_hal.o
 .debug_macro   0x0000000000017171      0x174 Drivers/STM32G4xx_HAL_Driver/Src/stm32g4xx_hal.o
 .debug_macro   0x00000000000172e5       0x5a Drivers/STM32G4xx_HAL_Driver/Src/stm32g4xx_hal.o
 .debug_macro   0x000000000001733f     0x1424 Drivers/STM32G4xx_HAL_Driver/Src/stm32g4xx_hal.o
 .debug_macro   0x0000000000018763      0x535 Drivers/STM32G4xx_HAL_Driver/Src/stm32g4xx_hal.o
 .debug_macro   0x0000000000018c98      0x137 Drivers/STM32G4xx_HAL_Driver/Src/stm32g4xx_hal.o
 .debug_macro   0x0000000000018dcf      0x26d Drivers/STM32G4xx_HAL_Driver/Src/stm32g4xx_hal.o
 .debug_macro   0x000000000001903c      0x41d Drivers/STM32G4xx_HAL_Driver/Src/stm32g4xx_hal.o
 .debug_macro   0x0000000000019459      0x18b Drivers/STM32G4xx_HAL_Driver/Src/stm32g4xx_hal.o
 .debug_macro   0x00000000000195e4       0x43 Drivers/STM32G4xx_HAL_Driver/Src/stm32g4xx_hal.o
 .debug_macro   0x0000000000019627      0x23d Drivers/STM32G4xx_HAL_Driver/Src/stm32g4xx_hal.o
 .debug_macro   0x0000000000019864     0x10fd Drivers/STM32G4xx_HAL_Driver/Src/stm32g4xx_hal.o
 .debug_macro   0x000000000001a961      0x72e Drivers/STM32G4xx_HAL_Driver/Src/stm32g4xx_hal.o
 .debug_macro   0x000000000001b08f      0x391 Drivers/STM32G4xx_HAL_Driver/Src/stm32g4xx_hal.o
 .debug_macro   0x000000000001b420      0x212 Drivers/STM32G4xx_HAL_Driver/Src/stm32g4xx_hal.o
 .debug_macro   0x000000000001b632      0x6af Drivers/STM32G4xx_HAL_Driver/Src/stm32g4xx_hal.o
 .debug_macro   0x000000000001bce1      0x401 Drivers/STM32G4xx_HAL_Driver/Src/stm32g4xx_hal.o
 .debug_macro   0x000000000001c0e2      0x107 Drivers/STM32G4xx_HAL_Driver/Src/stm32g4xx_hal.o
 .debug_macro   0x000000000001c1e9      0x2bf Drivers/STM32G4xx_HAL_Driver/Src/stm32g4xx_hal.o
 .debug_macro   0x000000000001c4a8      0x122 Drivers/STM32G4xx_HAL_Driver/Src/stm32g4xx_hal.o
 .debug_macro   0x000000000001c5ca      0x3d1 Drivers/STM32G4xx_HAL_Driver/Src/stm32g4xx_hal.o
 .debug_macro   0x000000000001c99b      0xb5c Drivers/STM32G4xx_HAL_Driver/Src/stm32g4xx_hal.o
 .debug_macro   0x000000000001d4f7      0x47e Drivers/STM32G4xx_HAL_Driver/Src/stm32g4xx_hal.o
 .debug_macro   0x000000000001d975      0x307 Drivers/STM32G4xx_HAL_Driver/Src/stm32g4xx_hal.o
 .debug_macro   0x000000000001dc7c      0x216 Drivers/STM32G4xx_HAL_Driver/Src/stm32g4xx_hal_adc.o
 .debug_macro   0x000000000001de92      0x205 Drivers/STM32G4xx_HAL_Driver/Src/stm32g4xx_hal_adc_ex.o
 .debug_macro   0x000000000001e097      0x1f9 Drivers/STM32G4xx_HAL_Driver/Src/stm32g4xx_hal_cortex.o
 .debug_macro   0x000000000001e290      0x1f9 Drivers/STM32G4xx_HAL_Driver/Src/stm32g4xx_hal_dma.o
 .debug_macro   0x000000000001e489      0x30b Drivers/STM32G4xx_HAL_Driver/Src/stm32g4xx_hal_fdcan.o
 .debug_macro   0x000000000001e794      0x1ff Drivers/STM32G4xx_HAL_Driver/Src/stm32g4xx_hal_flash.o
 .debug_macro   0x000000000001e993      0x1f9 Drivers/STM32G4xx_HAL_Driver/Src/stm32g4xx_hal_flash_ex.o
 .debug_macro   0x000000000001eb8c      0x231 Drivers/STM32G4xx_HAL_Driver/Src/stm32g4xx_hal_gpio.o
 .debug_macro   0x000000000001edbd      0x201 Drivers/STM32G4xx_HAL_Driver/Src/stm32g4xx_hal_lptim.o
 .debug_macro   0x000000000001efbe      0x223 Drivers/STM32G4xx_HAL_Driver/Src/stm32g4xx_hal_pwr_ex.o
 .debug_macro   0x000000000001f1e1      0x235 Drivers/STM32G4xx_HAL_Driver/Src/stm32g4xx_hal_rcc.o
 .debug_macro   0x000000000001f416      0x223 Drivers/STM32G4xx_HAL_Driver/Src/stm32g4xx_hal_rcc_ex.o
 .debug_macro   0x000000000001f639      0x201 Drivers/STM32G4xx_HAL_Driver/Src/stm32g4xx_hal_tim.o
 .debug_macro   0x000000000001f83a      0x1ff Drivers/STM32G4xx_HAL_Driver/Src/stm32g4xx_hal_tim_ex.o
 .debug_macro   0x000000000001fa39      0x243 Src/canconfig.o
 .debug_macro   0x000000000001fc7c      0x1eb Src/canconfig.o
 .debug_macro   0x000000000001fe67       0x1c Src/canconfig.o
 .debug_macro   0x000000000001fe83       0xa0 Src/canconfig.o
 .debug_macro   0x000000000001ff23       0x82 Src/canconfig.o
 .debug_macro   0x000000000001ffa5       0x1c Src/canconfig.o
 .debug_macro   0x000000000001ffc1      0x518 Src/canconfig.o
 .debug_macro   0x00000000000204d9      0x243 Src/checks.o
 .debug_macro   0x000000000002071c      0x243 Src/commands.o
 .debug_macro   0x000000000002095f      0x243 Src/config.o
 .debug_macro   0x0000000000020ba2      0x23f Src/main.o
 .debug_macro   0x0000000000020de1      0x243 Src/parse.o
 .debug_macro   0x0000000000021024      0x23f Src/stm32g4xx_hal_msp.o
 .debug_macro   0x0000000000021263      0x249 Src/stm32g4xx_it.o
 .debug_macro   0x00000000000214ac      0x1ff Src/system_stm32g4xx.o

.debug_line     0x0000000000000000    0x11f6d
 .debug_line    0x0000000000000000      0x9bb Drivers/STM32G4xx_HAL_Driver/Src/stm32g4xx_hal.o