Archive member included to satisfy reference by file (symbol)

c:/st/stm32cubeide_1.0.2/stm32cubeide/plugins/com.st.stm32cube.ide.mcu.externaltools.gnu-tools-for-stm32.7-2018-q2-update.win32_1.0.0.201904181610/tools/bin/../lib/gcc/arm-none-eabi/7.3.1/../../../../arm-none-eabi/lib/thumb/v7e-m/fpv4-sp/hard\libc_nano.a(lib_a-errno.o)
                              Src/syscalls.o (__errno)
c:/st/stm32cubeide_1.0.2/stm32cubeide/plugins/com.st.stm32cube.ide.mcu.externaltools.gnu-tools-for-stm32.7-2018-q2-update.win32_1.0.0.201904181610/tools/bin/../lib/gcc/arm-none-eabi/7.3.1/../../../../arm-none-eabi/lib/thumb/v7e-m/fpv4-sp/hard\libc_nano.a(lib_a-exit.o)
                              c:/st/stm32cubeide_1.0.2/stm32cubeide/plugins/com.st.stm32cube.ide.mcu.externaltools.gnu-tools-for-stm32.7-2018-q2-update.win32_1.0.0.201904181610/tools/bin/../lib/gcc/arm-none-eabi/7.3.1/../../../../arm-none-eabi/lib/thumb/v7e-m/fpv4-sp/hard/crt0.o (exit)
c:/st/stm32cubeide_1.0.2/stm32cubeide/plugins/com.st.stm32cube.ide.mcu.externaltools.gnu-tools-for-stm32.7-2018-q2-update.win32_1.0.0.201904181610/tools/bin/../lib/gcc/arm-none-eabi/7.3.1/../../../../arm-none-eabi/lib/thumb/v7e-m/fpv4-sp/hard\libc_nano.a(lib_a-impure.o)
                              c:/st/stm32cubeide_1.0.2/stm32cubeide/plugins/com.st.stm32cube.ide.mcu.externaltools.gnu-tools-for-stm32.7-2018-q2-update.win32_1.0.0.201904181610/tools/bin/../lib/gcc/arm-none-eabi/7.3.1/../../../../arm-none-eabi/lib/thumb/v7e-m/fpv4-sp/hard\libc_nano.a(lib_a-exit.o) (_global_impure_ptr)
c:/st/stm32cubeide_1.0.2/stm32cubeide/plugins/com.st.stm32cube.ide.mcu.externaltools.gnu-tools-for-stm32.7-2018-q2-update.win32_1.0.0.201904181610/tools/bin/../lib/gcc/arm-none-eabi/7.3.1/../../../../arm-none-eabi/lib/thumb/v7e-m/fpv4-sp/hard\libc_nano.a(lib_a-init.o)
                              c:/st/stm32cubeide_1.0.2/stm32cubeide/plugins/com.st.stm32cube.ide.mcu.externaltools.gnu-tools-for-stm32.7-2018-q2-update.win32_1.0.0.201904181610/tools/bin/../lib/gcc/arm-none-eabi/7.3.1/../../../../arm-none-eabi/lib/thumb/v7e-m/fpv4-sp/hard/crt0.o (__libc_init_array)
c:/st/stm32cubeide_1.0.2/stm32cubeide/plugins/com.st.stm32cube.ide.mcu.externaltools.gnu-tools-for-stm32.7-2018-q2-update.win32_1.0.0.201904181610/tools/bin/../lib/gcc/arm-none-eabi/7.3.1/../../../../arm-none-eabi/lib/thumb/v7e-m/fpv4-sp/hard\libc_nano.a(lib_a-memset.o)
                              c:/st/stm32cubeide_1.0.2/stm32cubeide/plugins/com.st.stm32cube.ide.mcu.externaltools.gnu-tools-for-stm32.7-2018-q2-update.win32_1.0.0.201904181610/tools/bin/../lib/gcc/arm-none-eabi/7.3.1/../../../../arm-none-eabi/lib/thumb/v7e-m/fpv4-sp/hard/crt0.o (memset)

Allocating common symbols
Common symbol       size              file

Digital_In_Interrupt_Can_Falling
                    0x1               Src/main.o
sample_voltage      0x4               Src/main.o
Digital_In_Interrupt_Can_Rising
                    0x1               Src/main.o
U6T                 0x10              Src/main.o
Digital_In_Interrupt_PWM_Falling
                    0x1               Src/main.o
warn_undervoltage_U7
                    0x2               Src/main.o
Digital_In_EN       0x1               Src/main.o
Can_Timed_Enable    0x1               Src/main.o
warn_undercurrent_U7I1
                    0x2               Src/main.o
Can_Interval        0x2               Src/main.o
U5GNDV              0x4               Src/main.o
Can_Config_Datas    0x40              Src/main.o
CanBufferWritePos   0x1               Src/main.o
warn_undercurrent_U5I0
                    0x2               Src/main.o
canErrors           0x20              Src/main.o
warn_overcurrent_U6I0
                    0x2               Src/main.o
warn_overtemperature_U7
                    0x2               Src/main.o
hadc2               0x6c              Src/main.o
U7T                 0x10              Src/main.o
Can_Config_Bytes    0x40              Src/main.o
htim15              0x40              Src/main.o
cutoff_overcurrent_U7
                    0x2               Src/main.o
U7I0_real           0x4               Src/main.o
U7I1                0x10              Src/main.o
cutoff_overcurrent_U6
                    0x2               Src/main.o
U7GNDV              0x4               Src/main.o
Can_Sync_Delay      0x2               Src/main.o
hfdcan              0x64              Src/main.o
warn_overcurrent_U7I1
                    0x2               Src/main.o
uwTick              0x4               Drivers/STM32G4xx_HAL_Driver/Src/stm32g4xx_hal.o
Default_Switch_State
                    0x1               Src/main.o
Digital_In_Interrupt_PWM_Rising
                    0x1               Src/main.o
sample_temperature  0x4               Src/main.o
U6V                 0x4               Src/main.o
Can_Sync_Enable     0x1               Src/main.o
U5V                 0x4               Src/main.o
warn_overtemperature_U6
                    0x2               Src/main.o
cutoff_overcurrent_U5
[...]
Memory Configuration

Name             Origin             Length             Attributes
RAM              0x0000000020000000 0x0000000000008000 xrw
FLASH            0x0000000008000000 0x0000000000020000 xr
*default*        0x0000000000000000 0xffffffffffffffff

Linker script and memory map

LOAD c:/st/stm32cubeide_1.0.2/stm32cubeide/plugins/com.st.stm32cube.ide.mcu.externaltools.gnu-tools-for-stm32.7-2018-q2-update.win32_1.0.0.201904181610/tools/bin/../lib/gcc/arm-none-eabi/7.3.1/thumb/v7e-m/fpv4-sp/hard/crti.o
LOAD c:/st/stm32cubeide_1.0.2/stm32cubeide/plugins/com.st.stm32cube.ide.mcu.externaltools.gnu-tools-for-stm32.7-2018-q2-update.win32_1.0.0.201904181610/tools/bin/../lib/gcc/arm-none-eabi/7.3.1/thumb/v7e-m/fpv4-sp/hard/crtbegin.o
LOAD c:/st/stm32cubeide_1.0.2/stm32cubeide/plugins/com.st.stm32cube.ide.mcu.externaltools.gnu-tools-for-stm32.7-2018-q2-update.win32_1.0.0.201904181610/tools/bin/../lib/gcc/arm-none-eabi/7.3.1/../../../../arm-none-eabi/lib/thumb/v7e-m/fpv4-sp/hard/crt0.o
LOAD Drivers/STM32G4xx_HAL_Driver/Src/stm32g4xx_hal.o
LOAD Drivers/STM32G4xx_HAL_Driver/Src/stm32g4xx_hal_adc.o
LOAD Drivers/STM32G4xx_HAL_Driver/Src/stm32g4xx_hal_adc_ex.o
LOAD Drivers/STM32G4xx_HAL_Driver/Src/stm32g4xx_hal_cortex.o
LOAD Drivers/STM32G4xx_HAL_Driver/Src/stm32g4xx_hal_dma.o
LOAD Drivers/STM32G4xx_HAL_Driver/Src/stm32g4xx_hal_dma_ex.o
LOAD Drivers/STM32G4xx_HAL_Driver/Src/stm32g4xx_hal_exti.o
LOAD Drivers/STM32G4xx_HAL_Driver/Src/stm32g4xx_hal_fdcan.o
LOAD Drivers/STM32G4xx_HAL_Driver/Src/stm32g4xx_hal_flash.o
LOAD Drivers/STM32G4xx_HAL_Driver/Src/stm32g4xx_hal_flash_ex.o
LOAD Drivers/STM32G4xx_HAL_Driver/Src/stm32g4xx_hal_flash_ramfunc.o
LOAD Drivers/STM32G4xx_HAL_Driver/Src/stm32g4xx_hal_gpio.o
LOAD Drivers/STM32G4xx_HAL_Driver/Src/stm32g4xx_hal_pwr.o
LOAD Drivers/STM32G4xx_HAL_Driver/Src/stm32g4xx_hal_pwr_ex.o
LOAD Drivers/STM32G4xx_HAL_Driver/Src/stm32g4xx_hal_rcc.o
LOAD Drivers/STM32G4xx_HAL_Driver/Src/stm32g4xx_hal_rcc_ex.o
LOAD Drivers/STM32G4xx_HAL_Driver/Src/stm32g4xx_hal_tim.o
LOAD Drivers/STM32G4xx_HAL_Driver/Src/stm32g4xx_hal_tim_ex.o
LOAD Drivers/STM32G4xx_HAL_Driver/Src/stm32g4xx_ll_adc.o
LOAD Drivers/STM32G4xx_HAL_Driver/Src/stm32g4xx_ll_pwr.o
LOAD Src/canconfig.o
LOAD Src/commands.o
LOAD Src/config.o
LOAD Src/main.o
LOAD Src/parse.o
LOAD Src/stm32g4xx_hal_msp.o
LOAD Src/stm32g4xx_it.o
LOAD Src/syscalls.o
LOAD Src/sysmem.o
LOAD Src/system_stm32g4xx.o
LOAD Startup/startup_stm32g441kbtx.o
START GROUP
LOAD c:/st/stm32cubeide_1.0.2/stm32cubeide/plugins/com.st.stm32cube.ide.mcu.externaltools.gnu-tools-for-stm32.7-2018-q2-update.win32_1.0.0.201904181610/tools/bin/../lib/gcc/arm-none-eabi/7.3.1/../../../../arm-none-eabi/lib/thumb/v7e-m/fpv4-sp/hard\libc_nano.a
LOAD c:/st/stm32cubeide_1.0.2/stm32cubeide/plugins/com.st.stm32cube.ide.mcu.externaltools.gnu-tools-for-stm32.7-2018-q2-update.win32_1.0.0.201904181610/tools/bin/../lib/gcc/arm-none-eabi/7.3.1/../../../../arm-none-eabi/lib/thumb/v7e-m/fpv4-sp/hard\libm.a
END GROUP
START GROUP
LOAD c:/st/stm32cubeide_1.0.2/stm32cubeide/plugins/com.st.stm32cube.ide.mcu.externaltools.gnu-tools-for-stm32.7-2018-q2-update.win32_1.0.0.201904181610/tools/bin/../lib/gcc/arm-none-eabi/7.3.1/thumb/v7e-m/fpv4-sp/hard\libgcc.a
LOAD c:/st/stm32cubeide_1.0.2/stm32cubeide/plugins/com.st.stm32cube.ide.mcu.externaltools.gnu-tools-for-stm32.7-2018-q2-update.win32_1.0.0.201904181610/tools/bin/../lib/gcc/arm-none-eabi/7.3.1/../../../../arm-none-eabi/lib/thumb/v7e-m/fpv4-sp/hard\libc_nano.a
END GROUP
START GROUP
LOAD c:/st/stm32cubeide_1.0.2/stm32cubeide/plugins/com.st.stm32cube.ide.mcu.externaltools.gnu-tools-for-stm32.7-2018-q2-update.win32_1.0.0.201904181610/tools/bin/../lib/gcc/arm-none-eabi/7.3.1/thumb/v7e-m/fpv4-sp/hard\libgcc.a
LOAD c:/st/stm32cubeide_1.0.2/stm32cubeide/plugins/com.st.stm32cube.ide.mcu.externaltools.gnu-tools-for-stm32.7-2018-q2-update.win32_1.0.0.201904181610/tools/bin/../lib/gcc/arm-none-eabi/7.3.1/../../../../arm-none-eabi/lib/thumb/v7e-m/fpv4-sp/hard\libc_nano.a
LOAD c:/st/stm32cubeide_1.0.2/stm32cubeide/plugins/com.st.stm32cube.ide.mcu.externaltools.gnu-tools-for-stm32.7-2018-q2-update.win32_1.0.0.201904181610/tools/bin/../lib/gcc/arm-none-eabi/7.3.1/../../../../arm-none-eabi/lib/thumb/v7e-m/fpv4-sp/hard\libnosys.a
END GROUP
START GROUP
LOAD c:/st/stm32cubeide_1.0.2/stm32cubeide/plugins/com.st.stm32cube.ide.mcu.externaltools.gnu-tools-for-stm32.7-2018-q2-update.win32_1.0.0.201904181610/tools/bin/../lib/gcc/arm-none-eabi/7.3.1/thumb/v7e-m/fpv4-sp/hard\libgcc.a
LOAD c:/st/stm32cubeide_1.0.2/stm32cubeide/plugins/com.st.stm32cube.ide.mcu.externaltools.gnu-tools-for-stm32.7-2018-q2-update.win32_1.0.0.201904181610/tools/bin/../lib/gcc/arm-none-eabi/7.3.1/../../../../arm-none-eabi/lib/thumb/v7e-m/fpv4-sp/hard\libc_nano.a
LOAD c:/st/stm32cubeide_1.0.2/stm32cubeide/plugins/com.st.stm32cube.ide.mcu.externaltools.gnu-tools-for-stm32.7-2018-q2-update.win32_1.0.0.201904181610/tools/bin/../lib/gcc/arm-none-eabi/7.3.1/../../../../arm-none-eabi/lib/thumb/v7e-m/fpv4-sp/hard\libnosys.a
END GROUP
LOAD c:/st/stm32cubeide_1.0.2/stm32cubeide/plugins/com.st.stm32cube.ide.mcu.externaltools.gnu-tools-for-stm32.7-2018-q2-update.win32_1.0.0.201904181610/tools/bin/../lib/gcc/arm-none-eabi/7.3.1/thumb/v7e-m/fpv4-sp/hard/crtend.o
LOAD c:/st/stm32cubeide_1.0.2/stm32cubeide/plugins/com.st.stm32cube.ide.mcu.externaltools.gnu-tools-for-stm32.7-2018-q2-update.win32_1.0.0.201904181610/tools/bin/../lib/gcc/arm-none-eabi/7.3.1/thumb/v7e-m/fpv4-sp/hard/crtn.o
                0x0000000020008000                _estack = 0x20008000
                0x0000000000000200                _Min_Heap_Size = 0x200
                0x0000000000000400                _Min_Stack_Size = 0x400

.isr_vector     0x0000000008000000      0x1d8
                0x0000000008000000                . = ALIGN (0x4)
 *(.isr_vector)
 .isr_vector    0x0000000008000000      0x1d8 Startup/startup_stm32g441kbtx.o
                0x0000000008000000                g_pfnVectors
                0x00000000080001d8                . = ALIGN (0x4)

.text           0x00000000080001d8     0x7bb0
                0x00000000080001d8                . = ALIGN (0x4)
 *(.text)
 .text          0x00000000080001d8       0x40 c:/st/stm32cubeide_1.0.2/stm32cubeide/plugins/com.st.stm32cube.ide.mcu.externaltools.gnu-tools-for-stm32.7-2018-q2-update.win32_1.0.0.201904181610/tools/bin/../lib/gcc/arm-none-eabi/7.3.1/thumb/v7e-m/fpv4-sp/hard/crtbegin.o
 *(.text*)
 .text.HAL_Init
                0x0000000008000218       0x30 Drivers/STM32G4xx_HAL_Driver/Src/stm32g4xx_hal.o
                0x0000000008000218                HAL_Init
 .text.HAL_InitTick
                0x0000000008000248       0x74 Drivers/STM32G4xx_HAL_Driver/Src/stm32g4xx_hal.o
                0x0000000008000248                HAL_InitTick
 .text.HAL_IncTick
                0x00000000080002bc       0x24 Drivers/STM32G4xx_HAL_Driver/Src/stm32g4xx_hal.o
                0x00000000080002bc                HAL_IncTick
 .text.HAL_GetTick
                0x00000000080002e0       0x18 Drivers/STM32G4xx_HAL_Driver/Src/stm32g4xx_hal.o
                0x00000000080002e0                HAL_GetTick
 .text.HAL_Delay
                0x00000000080002f8       0x44 Drivers/STM32G4xx_HAL_Driver/Src/stm32g4xx_hal.o
                0x00000000080002f8                HAL_Delay
 .text.LL_ADC_SetCommonClock
                0x000000000800033c       0x26 Drivers/STM32G4xx_HAL_Driver/Src/stm32g4xx_hal_adc.o
 .text.LL_ADC_SetCommonPathInternalCh
                0x0000000008000362       0x26 Drivers/STM32G4xx_HAL_Driver/Src/stm32g4xx_hal_adc.o
 .text.LL_ADC_GetCommonPathInternalCh
                0x0000000008000388       0x1c Drivers/STM32G4xx_HAL_Driver/Src/stm32g4xx_hal_adc.o
 .text.LL_ADC_SetOffset
                0x00000000080003a4       0x44 Drivers/STM32G4xx_HAL_Driver/Src/stm32g4xx_hal_adc.o
 .text.LL_ADC_GetOffsetChannel
                0x00000000080003e8       0x28 Drivers/STM32G4xx_HAL_Driver/Src/stm32g4xx_hal_adc.o
 .text.LL_ADC_SetOffsetState
                0x0000000008000410       0x30 Drivers/STM32G4xx_HAL_Driver/Src/stm32g4xx_hal_adc.o
 .text.LL_ADC_SetOffsetSign
                0x0000000008000440       0x30 Drivers/STM32G4xx_HAL_Driver/Src/stm32g4xx_hal_adc.o
 .text.LL_ADC_SetOffsetSaturation
                0x0000000008000470       0x30 Drivers/STM32G4xx_HAL_Driver/Src/stm32g4xx_hal_adc.o
 .text.LL_ADC_SetSamplingTimeCommonConfig
                0x00000000080004a0       0x26 Drivers/STM32G4xx_HAL_Driver/Src/stm32g4xx_hal_adc.o
 .text.LL_ADC_REG_IsTriggerSourceSWStart
                0x00000000080004c6       0x26 Drivers/STM32G4xx_HAL_Driver/Src/stm32g4xx_hal_adc.o
 .text.LL_ADC_REG_SetSequencerRanks
                0x00000000080004ec       0x52 Drivers/STM32G4xx_HAL_Driver/Src/stm32g4xx_hal_adc.o
 .text.LL_ADC_SetChannelSamplingTime
                0x000000000800053e       0x50 Drivers/STM32G4xx_HAL_Driver/Src/stm32g4xx_hal_adc.o
 *fill*         0x000000000800058e        0x2 
 .text.LL_ADC_SetChannelSingleDiff
                0x0000000008000590       0x48 Drivers/STM32G4xx_HAL_Driver/Src/stm32g4xx_hal_adc.o
 .text.LL_ADC_DisableDeepPowerDown
                0x00000000080005d8       0x24 Drivers/STM32G4xx_HAL_Driver/Src/stm32g4xx_hal_adc.o
 .text.LL_ADC_IsDeepPowerDownEnabled
                0x00000000080005fc       0x28 Drivers/STM32G4xx_HAL_Driver/Src/stm32g4xx_hal_adc.o
 .text.LL_ADC_EnableInternalRegulator
                0x0000000008000624       0x28 Drivers/STM32G4xx_HAL_Driver/Src/stm32g4xx_hal_adc.o
 .text.LL_ADC_IsInternalRegulatorEnabled
                0x000000000800064c       0x28 Drivers/STM32G4xx_HAL_Driver/Src/stm32g4xx_hal_adc.o
 .text.LL_ADC_Enable
                0x0000000008000674       0x28 Drivers/STM32G4xx_HAL_Driver/Src/stm32g4xx_hal_adc.o
 .text.LL_ADC_Disable
                0x000000000800069c       0x28 Drivers/STM32G4xx_HAL_Driver/Src/stm32g4xx_hal_adc.o
 .text.LL_ADC_IsEnabled
                0x00000000080006c4       0x26 Drivers/STM32G4xx_HAL_Driver/Src/stm32g4xx_hal_adc.o
 .text.LL_ADC_IsDisableOngoing
                0x00000000080006ea       0x26 Drivers/STM32G4xx_HAL_Driver/Src/stm32g4xx_hal_adc.o
 .text.LL_ADC_REG_StopConversion
                0x0000000008000710       0x28 Drivers/STM32G4xx_HAL_Driver/Src/stm32g4xx_hal_adc.o
 .text.LL_ADC_REG_IsConversionOngoing
                0x0000000008000738       0x26 Drivers/STM32G4xx_HAL_Driver/Src/stm32g4xx_hal_adc.o
 .text.LL_ADC_INJ_StopConversion
                0x000000000800075e       0x28 Drivers/STM32G4xx_HAL_Driver/Src/stm32g4xx_hal_adc.o
 .text.LL_ADC_INJ_IsConversionOngoing
                0x0000000008000786       0x26 Drivers/STM32G4xx_HAL_Driver/Src/stm32g4xx_hal_adc.o
 .text.HAL_ADC_Init
                0x00000000080007ac      0x310 Drivers/STM32G4xx_HAL_Driver/Src/stm32g4xx_hal_adc.o
                0x00000000080007ac                HAL_ADC_Init
 .text.HAL_ADC_ConvHalfCpltCallback
                0x0000000008000abc       0x14 Drivers/STM32G4xx_HAL_Driver/Src/stm32g4xx_hal_adc.o
                0x0000000008000abc                HAL_ADC_ConvHalfCpltCallback
 .text.HAL_ADC_ErrorCallback
                0x0000000008000ad0       0x14 Drivers/STM32G4xx_HAL_Driver/Src/stm32g4xx_hal_adc.o
                0x0000000008000ad0                HAL_ADC_ErrorCallback
 .text.HAL_ADC_ConfigChannel
                0x0000000008000ae4      0x6c8 Drivers/STM32G4xx_HAL_Driver/Src/stm32g4xx_hal_adc.o
                0x0000000008000ae4                HAL_ADC_ConfigChannel
 .text.ADC_ConversionStop
                0x00000000080011ac      0x168 Drivers/STM32G4xx_HAL_Driver/Src/stm32g4xx_hal_adc.o
                0x00000000080011ac                ADC_ConversionStop
 .text.ADC_Enable
                0x0000000008001314       0xb4 Drivers/STM32G4xx_HAL_Driver/Src/stm32g4xx_hal_adc.o
                0x0000000008001314                ADC_Enable
 .text.ADC_Disable
                0x00000000080013c8       0xb0 Drivers/STM32G4xx_HAL_Driver/Src/stm32g4xx_hal_adc.o
                0x00000000080013c8                ADC_Disable
 .text.ADC_DMAConvCplt
                0x0000000008001478       0xd8 Drivers/STM32G4xx_HAL_Driver/Src/stm32g4xx_hal_adc.o
                0x0000000008001478                ADC_DMAConvCplt
 .text.ADC_DMAHalfConvCplt
                0x0000000008001550       0x1c Drivers/STM32G4xx_HAL_Driver/Src/stm32g4xx_hal_adc.o
                0x0000000008001550                ADC_DMAHalfConvCplt
 .text.ADC_DMAError
                0x000000000800156c       0x34 Drivers/STM32G4xx_HAL_Driver/Src/stm32g4xx_hal_adc.o
                0x000000000800156c                ADC_DMAError
 .text.LL_ADC_IsEnabled
                0x00000000080015a0       0x26 Drivers/STM32G4xx_HAL_Driver/Src/stm32g4xx_hal_adc_ex.o
 .text.LL_ADC_StartCalibration
                0x00000000080015c6       0x32 Drivers/STM32G4xx_HAL_Driver/Src/stm32g4xx_hal_adc_ex.o
 .text.LL_ADC_IsCalibrationOnGoing
                0x00000000080015f8       0x28 Drivers/STM32G4xx_HAL_Driver/Src/stm32g4xx_hal_adc_ex.o
 .text.LL_ADC_REG_StartConversion
                0x0000000008001620       0x28 Drivers/STM32G4xx_HAL_Driver/Src/stm32g4xx_hal_adc_ex.o
 .text.LL_ADC_REG_IsConversionOngoing
                0x0000000008001648       0x26 Drivers/STM32G4xx_HAL_Driver/Src/stm32g4xx_hal_adc_ex.o
 *fill*         0x000000000800166e        0x2 
 .text.HAL_ADCEx_Calibration_Start
                0x0000000008001670       0xc4 Drivers/STM32G4xx_HAL_Driver/Src/stm32g4xx_hal_adc_ex.o
                0x0000000008001670                HAL_ADCEx_Calibration_Start
 .text.HAL_ADCEx_MultiModeStart_DMA
                0x0000000008001734      0x13c Drivers/STM32G4xx_HAL_Driver/Src/stm32g4xx_hal_adc_ex.o
                0x0000000008001734                HAL_ADCEx_MultiModeStart_DMA
 .text.HAL_ADCEx_MultiModeStop_DMA
                0x0000000008001870      0x16c Drivers/STM32G4xx_HAL_Driver/Src/stm32g4xx_hal_adc_ex.o
                0x0000000008001870                HAL_ADCEx_MultiModeStop_DMA
 .text.HAL_ADCEx_MultiModeConfigChannel
                0x00000000080019dc      0x140 Drivers/STM32G4xx_HAL_Driver/Src/stm32g4xx_hal_adc_ex.o
                0x00000000080019dc                HAL_ADCEx_MultiModeConfigChannel
 .text.__NVIC_SetPriorityGrouping
                0x0000000008001b1c       0x48 Drivers/STM32G4xx_HAL_Driver/Src/stm32g4xx_hal_cortex.o
 .text.__NVIC_GetPriorityGrouping
                0x0000000008001b64       0x1c Drivers/STM32G4xx_HAL_Driver/Src/stm32g4xx_hal_cortex.o
 .text.__NVIC_EnableIRQ
                0x0000000008001b80       0x3c Drivers/STM32G4xx_HAL_Driver/Src/stm32g4xx_hal_cortex.o
 .text.__NVIC_SetPriority
                0x0000000008001bbc       0x54 Drivers/STM32G4xx_HAL_Driver/Src/stm32g4xx_hal_cortex.o
 .text.NVIC_EncodePriority
                0x0000000008001c10       0x66 Drivers/STM32G4xx_HAL_Driver/Src/stm32g4xx_hal_cortex.o
 *fill*         0x0000000008001c76        0x2 
 .text.SysTick_Config
                0x0000000008001c78       0x44 Drivers/STM32G4xx_HAL_Driver/Src/stm32g4xx_hal_cortex.o
 .text.HAL_NVIC_SetPriorityGrouping
                0x0000000008001cbc       0x16 Drivers/STM32G4xx_HAL_Driver/Src/stm32g4xx_hal_cortex.o
                0x0000000008001cbc                HAL_NVIC_SetPriorityGrouping
 .text.HAL_NVIC_SetPriority
                0x0000000008001cd2       0x34 Drivers/STM32G4xx_HAL_Driver/Src/stm32g4xx_hal_cortex.o
                0x0000000008001cd2                HAL_NVIC_SetPriority
 .text.HAL_NVIC_EnableIRQ
                0x0000000008001d06       0x1c Drivers/STM32G4xx_HAL_Driver/Src/stm32g4xx_hal_cortex.o
                0x0000000008001d06                HAL_NVIC_EnableIRQ
 .text.HAL_SYSTICK_Config
                0x0000000008001d22       0x18 Drivers/STM32G4xx_HAL_Driver/Src/stm32g4xx_hal_cortex.o
                0x0000000008001d22                HAL_SYSTICK_Config
 *fill*         0x0000000008001d3a        0x2 
 .text.HAL_DMA_Init
                0x0000000008001d3c      0x150 Drivers/STM32G4xx_HAL_Driver/Src/stm32g4xx_hal_dma.o
                0x0000000008001d3c                HAL_DMA_Init
 .text.HAL_DMA_Start_IT
                0x0000000008001e8c       0xf6 Drivers/STM32G4xx_HAL_Driver/Src/stm32g4xx_hal_dma.o
                0x0000000008001e8c                HAL_DMA_Start_IT
 .text.HAL_DMA_Abort
                0x0000000008001f82       0xb2 Drivers/STM32G4xx_HAL_Driver/Src/stm32g4xx_hal_dma.o
                0x0000000008001f82                HAL_DMA_Abort
 .text.HAL_DMA_IRQHandler
                0x0000000008002034      0x15e Drivers/STM32G4xx_HAL_Driver/Src/stm32g4xx_hal_dma.o
                0x0000000008002034                HAL_DMA_IRQHandler
 .text.DMA_SetConfig
                0x0000000008002192       0x7c Drivers/STM32G4xx_HAL_Driver/Src/stm32g4xx_hal_dma.o
 *fill*         0x000000000800220e        0x2 
 .text.DMA_CalcDMAMUXChannelBaseAndMask
                0x0000000008002210       0x7c Drivers/STM32G4xx_HAL_Driver/Src/stm32g4xx_hal_dma.o
 .text.DMA_CalcDMAMUXRequestGenBaseAndMask
                0x000000000800228c       0x48 Drivers/STM32G4xx_HAL_Driver/Src/stm32g4xx_hal_dma.o
 .text.HAL_FDCAN_Init
                0x00000000080022d4      0x2b4 Drivers/STM32G4xx_HAL_Driver/Src/stm32g4xx_hal_fdcan.o
                0x00000000080022d4                HAL_FDCAN_Init
 .text.HAL_FDCAN_ConfigFilter
                0x0000000008002588       0xb4 Drivers/STM32G4xx_HAL_Driver/Src/stm32g4xx_hal_fdcan.o
                0x0000000008002588                HAL_FDCAN_ConfigFilter
 .text.HAL_FDCAN_ConfigGlobalFilter
                0x000000000800263c       0x62 Drivers/STM32G4xx_HAL_Driver/Src/stm32g4xx_hal_fdcan.o
                0x000000000800263c                HAL_FDCAN_ConfigGlobalFilter
 .text.HAL_FDCAN_ConfigRxFifoOverwrite
                0x000000000800269e       0x72 Drivers/STM32G4xx_HAL_Driver/Src/stm32g4xx_hal_fdcan.o
                0x000000000800269e                HAL_FDCAN_ConfigRxFifoOverwrite
 .text.HAL_FDCAN_Start
                0x0000000008002710       0x50 Drivers/STM32G4xx_HAL_Driver/Src/stm32g4xx_hal_fdcan.o
                0x0000000008002710                HAL_FDCAN_Start
 .text.HAL_FDCAN_AddMessageToTxFifoQ
                0x0000000008002760       0x88 Drivers/STM32G4xx_HAL_Driver/Src/stm32g4xx_hal_fdcan.o
                0x0000000008002760                HAL_FDCAN_AddMessageToTxFifoQ
 .text.HAL_FDCAN_GetRxMessage
                0x00000000080027e8      0x1b4 Drivers/STM32G4xx_HAL_Driver/Src/stm32g4xx_hal_fdcan.o
                0x00000000080027e8                HAL_FDCAN_GetRxMessage
 .text.HAL_FDCAN_GetTxFifoFreeLevel
                0x000000000800299c       0x24 Drivers/STM32G4xx_HAL_Driver/Src/stm32g4xx_hal_fdcan.o
                0x000000000800299c                HAL_FDCAN_GetTxFifoFreeLevel
 .text.HAL_FDCAN_ActivateNotification
                0x00000000080029c0      0x1cc Drivers/STM32G4xx_HAL_Driver/Src/stm32g4xx_hal_fdcan.o
                0x00000000080029c0                HAL_FDCAN_ActivateNotification
 .text.HAL_FDCAN_IRQHandler
                0x0000000008002b8c      0x272 Drivers/STM32G4xx_HAL_Driver/Src/stm32g4xx_hal_fdcan.o
                0x0000000008002b8c                HAL_FDCAN_IRQHandler
 .text.HAL_FDCAN_TxEventFifoCallback
                0x0000000008002dfe       0x16 Drivers/STM32G4xx_HAL_Driver/Src/stm32g4xx_hal_fdcan.o
                0x0000000008002dfe                HAL_FDCAN_TxEventFifoCallback
 .text.HAL_FDCAN_RxFifo1Callback
                0x0000000008002e14       0x16 Drivers/STM32G4xx_HAL_Driver/Src/stm32g4xx_hal_fdcan.o
                0x0000000008002e14                HAL_FDCAN_RxFifo1Callback
 .text.HAL_FDCAN_TxFifoEmptyCallback
                0x0000000008002e2a       0x14 Drivers/STM32G4xx_HAL_Driver/Src/stm32g4xx_hal_fdcan.o
                0x0000000008002e2a                HAL_FDCAN_TxFifoEmptyCallback
 .text.HAL_FDCAN_TxBufferCompleteCallback
                0x0000000008002e3e       0x16 Drivers/STM32G4xx_HAL_Driver/Src/stm32g4xx_hal_fdcan.o
                0x0000000008002e3e                HAL_FDCAN_TxBufferCompleteCallback
 .text.HAL_FDCAN_TxBufferAbortCallback
                0x0000000008002e54       0x16 Drivers/STM32G4xx_HAL_Driver/Src/stm32g4xx_hal_fdcan.o
                0x0000000008002e54                HAL_FDCAN_TxBufferAbortCallback
 .text.HAL_FDCAN_TimestampWraparoundCallback
                0x0000000008002e6a       0x14 Drivers/STM32G4xx_HAL_Driver/Src/stm32g4xx_hal_fdcan.o
                0x0000000008002e6a                HAL_FDCAN_TimestampWraparoundCallback
 .text.HAL_FDCAN_TimeoutOccurredCallback
                0x0000000008002e7e       0x14 Drivers/STM32G4xx_HAL_Driver/Src/stm32g4xx_hal_fdcan.o
                0x0000000008002e7e                HAL_FDCAN_TimeoutOccurredCallback
 .text.HAL_FDCAN_HighPriorityMessageCallback
                0x0000000008002e92       0x14 Drivers/STM32G4xx_HAL_Driver/Src/stm32g4xx_hal_fdcan.o
                0x0000000008002e92                HAL_FDCAN_HighPriorityMessageCallback
 .text.HAL_FDCAN_ErrorCallback
                0x0000000008002ea6       0x14 Drivers/STM32G4xx_HAL_Driver/Src/stm32g4xx_hal_fdcan.o
                0x0000000008002ea6                HAL_FDCAN_ErrorCallback
 .text.HAL_FDCAN_ErrorStatusCallback
                0x0000000008002eba       0x16 Drivers/STM32G4xx_HAL_Driver/Src/stm32g4xx_hal_fdcan.o
                0x0000000008002eba                HAL_FDCAN_ErrorStatusCallback
 .text.FDCAN_CalcultateRamBlockAddresses
                0x0000000008002ed0       0xac Drivers/STM32G4xx_HAL_Driver/Src/stm32g4xx_hal_fdcan.o
 .text.FDCAN_CopyMessageToRAM
                0x0000000008002f7c       0xf8 Drivers/STM32G4xx_HAL_Driver/Src/stm32g4xx_hal_fdcan.o
 .text.HAL_FLASH_Program
                0x0000000008003074       0xac Drivers/STM32G4xx_HAL_Driver/Src/stm32g4xx_hal_flash.o
                0x0000000008003074                HAL_FLASH_Program
 .text.HAL_FLASH_Unlock
                0x0000000008003120       0x44 Drivers/STM32G4xx_HAL_Driver/Src/stm32g4xx_hal_flash.o
                0x0000000008003120                HAL_FLASH_Unlock
 .text.HAL_FLASH_Lock
                0x0000000008003164       0x34 Drivers/STM32G4xx_HAL_Driver/Src/stm32g4xx_hal_flash.o
                0x0000000008003164                HAL_FLASH_Lock
 .text.FLASH_WaitForLastOperation
                0x0000000008003198       0xa8 Drivers/STM32G4xx_HAL_Driver/Src/stm32g4xx_hal_flash.o
                0x0000000008003198                FLASH_WaitForLastOperation
 .text.FLASH_Program_DoubleWord
                0x0000000008003240       0x48 Drivers/STM32G4xx_HAL_Driver/Src/stm32g4xx_hal_flash.o
 .text.FLASH_Program_Fast
                0x0000000008003288       0x68 Drivers/STM32G4xx_HAL_Driver/Src/stm32g4xx_hal_flash.o
 .text.HAL_FLASHEx_Erase
                0x00000000080032f0      0x13c Drivers/STM32G4xx_HAL_Driver/Src/stm32g4xx_hal_flash_ex.o
                0x00000000080032f0                HAL_FLASHEx_Erase
 .text.FLASH_MassErase
                0x000000000800342c       0x3c Drivers/STM32G4xx_HAL_Driver/Src/stm32g4xx_hal_flash_ex.o
 .text.FLASH_PageErase
                0x0000000008003468       0x48 Drivers/STM32G4xx_HAL_Driver/Src/stm32g4xx_hal_flash_ex.o
                0x0000000008003468                FLASH_PageErase
 .text.FLASH_FlushCaches
                0x00000000080034b0       0x88 Drivers/STM32G4xx_HAL_Driver/Src/stm32g4xx_hal_flash_ex.o
                0x00000000080034b0                FLASH_FlushCaches
 .text.HAL_GPIO_Init
                0x0000000008003538      0x304 Drivers/STM32G4xx_HAL_Driver/Src/stm32g4xx_hal_gpio.o
                0x0000000008003538                HAL_GPIO_Init
 .text.HAL_GPIO_ReadPin
                0x000000000800383c       0x30 Drivers/STM32G4xx_HAL_Driver/Src/stm32g4xx_hal_gpio.o
                0x000000000800383c                HAL_GPIO_ReadPin
 .text.HAL_GPIO_WritePin
                0x000000000800386c       0x30 Drivers/STM32G4xx_HAL_Driver/Src/stm32g4xx_hal_gpio.o
                0x000000000800386c                HAL_GPIO_WritePin
 .text.HAL_GPIO_TogglePin
                0x000000000800389c       0x32 Drivers/STM32G4xx_HAL_Driver/Src/stm32g4xx_hal_gpio.o
                0x000000000800389c                HAL_GPIO_TogglePin
 *fill*         0x00000000080038ce        0x2 
 .text.HAL_PWREx_ControlVoltageScaling
                0x00000000080038d0      0x148 Drivers/STM32G4xx_HAL_Driver/Src/stm32g4xx_hal_pwr_ex.o
                0x00000000080038d0                HAL_PWREx_ControlVoltageScaling
 .text.HAL_RCC_OscConfig
                0x0000000008003a18      0x630 Drivers/STM32G4xx_HAL_Driver/Src/stm32g4xx_hal_rcc.o
                0x0000000008003a18                HAL_RCC_OscConfig
 .text.HAL_RCC_ClockConfig
                0x0000000008004048      0x278 Drivers/STM32G4xx_HAL_Driver/Src/stm32g4xx_hal_rcc.o
                0x0000000008004048                HAL_RCC_ClockConfig
 .text.HAL_RCC_GetSysClockFreq
                0x00000000080042c0       0xc0 Drivers/STM32G4xx_HAL_Driver/Src/stm32g4xx_hal_rcc.o
                0x00000000080042c0                HAL_RCC_GetSysClockFreq
 .text.RCC_GetSysClockFreqFromPLLSource
                0x0000000008004380       0x88 Drivers/STM32G4xx_HAL_Driver/Src/stm32g4xx_hal_rcc.o
 .text.HAL_RCCEx_PeriphCLKConfig
                0x0000000008004408      0x3e0 Drivers/STM32G4xx_HAL_Driver/Src/stm32g4xx_hal_rcc_ex.o
                0x0000000008004408                HAL_RCCEx_PeriphCLKConfig
 .text.HAL_TIM_Base_Init
                0x00000000080047e8       0x56 Drivers/STM32G4xx_HAL_Driver/Src/stm32g4xx_hal_tim.o
                0x00000000080047e8                HAL_TIM_Base_Init
 *fill*         0x000000000800483e        0x2 
 .text.HAL_TIM_Base_Start_IT
                0x0000000008004840       0x54 Drivers/STM32G4xx_HAL_Driver/Src/stm32g4xx_hal_tim.o
                0x0000000008004840                HAL_TIM_Base_Start_IT
 .text.HAL_TIM_Base_Stop_IT
                0x0000000008004894       0x56 Drivers/STM32G4xx_HAL_Driver/Src/stm32g4xx_hal_tim.o
                0x0000000008004894                HAL_TIM_Base_Stop_IT
 .text.HAL_TIM_IRQHandler
                0x00000000080048ea      0x2fe Drivers/STM32G4xx_HAL_Driver/Src/stm32g4xx_hal_tim.o
                0x00000000080048ea                HAL_TIM_IRQHandler
 .text.HAL_TIM_OC_DelayElapsedCallback
                0x0000000008004be8       0x14 Drivers/STM32G4xx_HAL_Driver/Src/stm32g4xx_hal_tim.o
                0x0000000008004be8                HAL_TIM_OC_DelayElapsedCallback
 .text.HAL_TIM_IC_CaptureCallback
                0x0000000008004bfc       0x14 Drivers/STM32G4xx_HAL_Driver/Src/stm32g4xx_hal_tim.o
                0x0000000008004bfc                HAL_TIM_IC_CaptureCallback
 .text.HAL_TIM_PWM_PulseFinishedCallback
                0x0000000008004c10       0x14 Drivers/STM32G4xx_HAL_Driver/Src/stm32g4xx_hal_tim.o
                0x0000000008004c10                HAL_TIM_PWM_PulseFinishedCallback
 .text.HAL_TIM_TriggerCallback
                0x0000000008004c24       0x14 Drivers/STM32G4xx_HAL_Driver/Src/stm32g4xx_hal_tim.o
                0x0000000008004c24                HAL_TIM_TriggerCallback
 .text.TIM_Base_SetConfig
                0x0000000008004c38      0x120 Drivers/STM32G4xx_HAL_Driver/Src/stm32g4xx_hal_tim.o
                0x0000000008004c38                TIM_Base_SetConfig
 .text.HAL_TIMEx_CommutCallback
                0x0000000008004d58       0x14 Drivers/STM32G4xx_HAL_Driver/Src/stm32g4xx_hal_tim_ex.o
                0x0000000008004d58                HAL_TIMEx_CommutCallback
 .text.HAL_TIMEx_BreakCallback
                0x0000000008004d6c       0x14 Drivers/STM32G4xx_HAL_Driver/Src/stm32g4xx_hal_tim_ex.o
                0x0000000008004d6c                HAL_TIMEx_BreakCallback
 .text.HAL_TIMEx_Break2Callback
                0x0000000008004d80       0x14 Drivers/STM32G4xx_HAL_Driver/Src/stm32g4xx_hal_tim_ex.o
                0x0000000008004d80                HAL_TIMEx_Break2Callback
 .text.HAL_TIMEx_EncoderIndexCallback
                0x0000000008004d94       0x14 Drivers/STM32G4xx_HAL_Driver/Src/stm32g4xx_hal_tim_ex.o
                0x0000000008004d94                HAL_TIMEx_EncoderIndexCallback
 .text.HAL_TIMEx_DirectionChangeCallback
                0x0000000008004da8       0x14 Drivers/STM32G4xx_HAL_Driver/Src/stm32g4xx_hal_tim_ex.o
                0x0000000008004da8                HAL_TIMEx_DirectionChangeCallback
 .text.HAL_TIMEx_IndexErrorCallback
                0x0000000008004dbc       0x14 Drivers/STM32G4xx_HAL_Driver/Src/stm32g4xx_hal_tim_ex.o
                0x0000000008004dbc                HAL_TIMEx_IndexErrorCallback
 .text.HAL_TIMEx_TransitionErrorCallback
                0x0000000008004dd0       0x14 Drivers/STM32G4xx_HAL_Driver/Src/stm32g4xx_hal_tim_ex.o
                0x0000000008004dd0                HAL_TIMEx_TransitionErrorCallback
 .text.Set_Can_Bytes
                0x0000000008004de4      0x270 Src/canconfig.o
                0x0000000008004de4                Set_Can_Bytes
 .text.Acknowledge
                0x0000000008005054       0xcc Src/commands.o
                0x0000000008005054                Acknowledge
 .text.Save_Config
                0x0000000008005120       0x16 Src/commands.o
                0x0000000008005120                Save_Config
 *fill*         0x0000000008005136        0x2 
 .text.Switch_Power
                0x0000000008005138       0x70 Src/commands.o
                0x0000000008005138                Switch_Power
 .text.Config_Message
                0x00000000080051a8       0xa4 Src/commands.o
                0x00000000080051a8                Config_Message
 .text.Config_Switch_Defaults
                0x000000000800524c       0x90 Src/commands.o
                0x000000000800524c                Config_Switch_Defaults
 .text.Config_Can_Sync
                0x00000000080052dc       0x90 Src/commands.o
                0x00000000080052dc                Config_Can_Sync
 .text.Config_Can_Timed
                0x000000000800536c       0x90 Src/commands.o
                0x000000000800536c                Config_Can_Timed
 .text.Config_Can_Interval
                0x00000000080053fc       0x24 Src/commands.o
                0x00000000080053fc                Config_Can_Interval
 .text.Config_Can_Sync_Delay
                0x0000000008005420       0x24 Src/commands.o
                0x0000000008005420                Config_Can_Sync_Delay
 .text.Config_Setup
                0x0000000008005444       0x28 Src/config.o
                0x0000000008005444                Config_Setup
 .text.Config_0
                0x000000000800546c      0x294 Src/config.o
                0x000000000800546c                Config_0
 .text.Config_Write_Flash
                0x0000000008005700      0x408 Src/config.o
                0x0000000008005700                Config_Write_Flash
 .text.Config_Read_Flash
                0x0000000008005b08      0x39c Src/config.o
                0x0000000008005b08                Config_Read_Flash
 .text.Flash_Write
                0x0000000008005ea4      0x12c Src/config.o
                0x0000000008005ea4                Flash_Write
 .text.Flash_Read
                0x0000000008005fd0       0x18 Src/config.o
                0x0000000008005fd0                Flash_Read
 .text.main     0x0000000008005fe8      0x190 Src/main.o
                0x0000000008005fe8                main
 .text.HAL_TIM_PeriodElapsedCallback
                0x0000000008006178       0x9c Src/main.o
                0x0000000008006178                HAL_TIM_PeriodElapsedCallback
 .text.HAL_ADC_ConvCpltCallback
                0x0000000008006214      0x884 Src/main.o
                0x0000000008006214                HAL_ADC_ConvCpltCallback
 .text.Can_Send
                0x0000000008006a98      0x114 Src/main.o
                0x0000000008006a98                Can_Send
 .text.Can_Sync
                0x0000000008006bac       0x54 Src/main.o
                0x0000000008006bac                Can_Sync
 .text.HAL_FDCAN_RxFifo0Callback
                0x0000000008006c00      0x1d0 Src/main.o
                0x0000000008006c00                HAL_FDCAN_RxFifo0Callback
 .text.Set_Error
                0x0000000008006dd0       0x58 Src/main.o
                0x0000000008006dd0                Set_Error
 .text.Send_Error
                0x0000000008006e28      0x104 Src/main.o
                0x0000000008006e28                Send_Error
 .text.SystemClock_Config
                0x0000000008006f2c       0xcc Src/main.o
                0x0000000008006f2c                SystemClock_Config
 .text.MX_ADC1_Init
                0x0000000008006ff8      0x14c Src/main.o
 .text.MX_ADC2_Init
                0x0000000008007144      0x100 Src/main.o
 .text.MX_FDCAN_Init
                0x0000000008007244      0x158 Src/main.o
 .text.MX_DMA_Init
                0x000000000800739c       0x64 Src/main.o
 .text.MX_GPIO_Init
                0x0000000008007400      0x294 Src/main.o
 .text.MX_TIM6_Init
                0x0000000008007694       0x48 Src/main.o
 .text.MX_TIM7_Init
                0x00000000080076dc       0x44 Src/main.o
 .text.MX_TIM15_Init
                0x0000000008007720       0x38 Src/main.o
 .text.MX_TIM16_Init
                0x0000000008007758       0x50 Src/main.o
 .text.Error_Handler
                0x00000000080077a8       0x1c Src/main.o
                0x00000000080077a8                Error_Handler
 .text.Parse_Voltage
                0x00000000080077c4       0x3a Src/parse.o
                0x00000000080077c4                Parse_Voltage
 *fill*         0x00000000080077fe        0x2 
 .text.LL_PWR_DisableDeadBatteryPD
                0x0000000008007800       0x20 Src/stm32g4xx_hal_msp.o
 .text.HAL_MspInit
                0x0000000008007820       0x48 Src/stm32g4xx_hal_msp.o
                0x0000000008007820                HAL_MspInit
 .text.HAL_ADC_MspInit
                0x0000000008007868      0x1bc Src/stm32g4xx_hal_msp.o
                0x0000000008007868                HAL_ADC_MspInit
 .text.HAL_FDCAN_MspInit
                0x0000000008007a24       0x98 Src/stm32g4xx_hal_msp.o
                0x0000000008007a24                HAL_FDCAN_MspInit
 .text.HAL_TIM_Base_MspInit
                0x0000000008007abc       0xf4 Src/stm32g4xx_hal_msp.o
                0x0000000008007abc                HAL_TIM_Base_MspInit
 .text.NMI_Handler
                0x0000000008007bb0        0xe Src/stm32g4xx_it.o
                0x0000000008007bb0                NMI_Handler
 .text.HardFault_Handler
                0x0000000008007bbe        0x6 Src/stm32g4xx_it.o
                0x0000000008007bbe                HardFault_Handler
 .text.MemManage_Handler
                0x0000000008007bc4        0x6 Src/stm32g4xx_it.o
                0x0000000008007bc4                MemManage_Handler
 .text.BusFault_Handler
                0x0000000008007bca        0x6 Src/stm32g4xx_it.o
                0x0000000008007bca                BusFault_Handler
 .text.UsageFault_Handler
                0x0000000008007bd0        0x6 Src/stm32g4xx_it.o
                0x0000000008007bd0                UsageFault_Handler
 .text.SVC_Handler
                0x0000000008007bd6        0xe Src/stm32g4xx_it.o
                0x0000000008007bd6                SVC_Handler
 .text.DebugMon_Handler
                0x0000000008007be4        0xe Src/stm32g4xx_it.o
                0x0000000008007be4                DebugMon_Handler
 .text.PendSV_Handler
                0x0000000008007bf2        0xe Src/stm32g4xx_it.o
                0x0000000008007bf2                PendSV_Handler
 .text.SysTick_Handler
                0x0000000008007c00        0xc Src/stm32g4xx_it.o
                0x0000000008007c00                SysTick_Handler
 .text.DMA1_Channel1_IRQHandler
                0x0000000008007c0c       0x14 Src/stm32g4xx_it.o
                0x0000000008007c0c                DMA1_Channel1_IRQHandler
 .text.DMA1_Channel2_IRQHandler
                0x0000000008007c20       0x14 Src/stm32g4xx_it.o
                0x0000000008007c20                DMA1_Channel2_IRQHandler
 .text.FDCAN1_IT0_IRQHandler
                0x0000000008007c34       0x14 Src/stm32g4xx_it.o
                0x0000000008007c34                FDCAN1_IT0_IRQHandler
 .text.TIM6_DAC_IRQHandler
                0x0000000008007c48       0x14 Src/stm32g4xx_it.o
                0x0000000008007c48                TIM6_DAC_IRQHandler
 .text.TIM7_IRQHandler
                0x0000000008007c5c       0x14 Src/stm32g4xx_it.o
                0x0000000008007c5c                TIM7_IRQHandler
 .text.TIM1_BRK_TIM15_IRQHandler
                0x0000000008007c70       0x14 Src/stm32g4xx_it.o
                0x0000000008007c70                TIM1_BRK_TIM15_IRQHandler
 .text.TIM1_UP_TIM16_IRQHandler
                0x0000000008007c84       0x14 Src/stm32g4xx_it.o
                0x0000000008007c84                TIM1_UP_TIM16_IRQHandler
 .text.SystemInit
                0x0000000008007c98       0x2c Src/system_stm32g4xx.o
                0x0000000008007c98                SystemInit
 .text.Reset_Handler
                0x0000000008007cc4       0x50 Startup/startup_stm32g441kbtx.o
                0x0000000008007cc4                Reset_Handler
 .text.Default_Handler
                0x0000000008007d14        0x2 Startup/startup_stm32g441kbtx.o
                0x0000000008007d14                RTC_Alarm_IRQHandler
                0x0000000008007d14                EXTI2_IRQHandler
                0x0000000008007d14                TIM8_TRG_COM_IRQHandler
                0x0000000008007d14                TIM8_CC_IRQHandler
                0x0000000008007d14                TIM1_CC_IRQHandler
                0x0000000008007d14                USB_HP_IRQHandler
                0x0000000008007d14                CORDIC_IRQHandler
                0x0000000008007d14                EXTI3_IRQHandler
                0x0000000008007d14                I2C3_ER_IRQHandler
                0x0000000008007d14                EXTI0_IRQHandler
                0x0000000008007d14                I2C2_EV_IRQHandler
                0x0000000008007d14                FPU_IRQHandler
                0x0000000008007d14                FDCAN1_IT1_IRQHandler
                0x0000000008007d14                ADC1_2_IRQHandler
                0x0000000008007d14                SPI1_IRQHandler
                0x0000000008007d14                TIM8_UP_IRQHandler
                0x0000000008007d14                DMA2_Channel2_IRQHandler
                0x0000000008007d14                DMA1_Channel4_IRQHandler
                0x0000000008007d14                USART3_IRQHandler
                0x0000000008007d14                TIM4_IRQHandler
                0x0000000008007d14                DMA2_Channel1_IRQHandler
                0x0000000008007d14                I2C1_EV_IRQHandler
                0x0000000008007d14                DMA1_Channel6_IRQHandler
                0x0000000008007d14                UART4_IRQHandler
                0x0000000008007d14                DMA2_Channel4_IRQHandler
                0x0000000008007d14                TIM3_IRQHandler
                0x0000000008007d14                RCC_IRQHandler
                0x0000000008007d14                Default_Handler
                0x0000000008007d14                RTC_TAMP_LSECSS_IRQHandler
                0x0000000008007d14                FMAC_IRQHandler
                0x0000000008007d14                EXTI15_10_IRQHandler
                0x0000000008007d14                UCPD1_IRQHandler
                0x0000000008007d14                I2C3_EV_IRQHandler
                0x0000000008007d14                EXTI9_5_IRQHandler
                0x0000000008007d14                RTC_WKUP_IRQHandler
                0x0000000008007d14                PVD_PVM_IRQHandler
                0x0000000008007d14                SPI2_IRQHandler
                0x0000000008007d14                DMA2_Channel5_IRQHandler
                0x0000000008007d14                CRS_IRQHandler
                0x0000000008007d14                DMA1_Channel5_IRQHandler
                0x0000000008007d14                USB_LP_IRQHandler
                0x0000000008007d14                EXTI4_IRQHandler
                0x0000000008007d14                RNG_IRQHandler
                0x0000000008007d14                TIM1_TRG_COM_TIM17_IRQHandler
                0x0000000008007d14                DMA1_Channel3_IRQHandler
                0x0000000008007d14                WWDG_IRQHandler
                0x0000000008007d14                LPUART1_IRQHandler
                0x0000000008007d14                DMA2_Channel6_IRQHandler
                0x0000000008007d14                TIM2_IRQHandler
                0x0000000008007d14                COMP1_2_3_IRQHandler
                0x0000000008007d14                EXTI1_IRQHandler
                0x0000000008007d14                AES_IRQHandler
                0x0000000008007d14                USART2_IRQHandler
                0x0000000008007d14                I2C2_ER_IRQHandler
                0x0000000008007d14                TIM8_BRK_IRQHandler
                0x0000000008007d14                FLASH_IRQHandler
                0x0000000008007d14                USART1_IRQHandler
                0x0000000008007d14                SPI3_IRQHandler
                0x0000000008007d14                I2C1_ER_IRQHandler
                0x0000000008007d14                LPTIM1_IRQHandler
                0x0000000008007d14                DMAMUX_OVR_IRQHandler
                0x0000000008007d14                USBWakeUp_IRQHandler
                0x0000000008007d14                SAI1_IRQHandler
                0x0000000008007d14                DMA2_Channel3_IRQHandler
                0x0000000008007d14                COMP4_IRQHandler
 *fill*         0x0000000008007d16        0x2 
 .text.__libc_init_array
                0x0000000008007d18       0x48 c:/st/stm32cubeide_1.0.2/stm32cubeide/plugins/com.st.stm32cube.ide.mcu.externaltools.gnu-tools-for-stm32.7-2018-q2-update.win32_1.0.0.201904181610/tools/bin/../lib/gcc/arm-none-eabi/7.3.1/../../../../arm-none-eabi/lib/thumb/v7e-m/fpv4-sp/hard\libc_nano.a(lib_a-init.o)
                0x0000000008007d18                __libc_init_array
 .text.memset   0x0000000008007d60       0x10 c:/st/stm32cubeide_1.0.2/stm32cubeide/plugins/com.st.stm32cube.ide.mcu.externaltools.gnu-tools-for-stm32.7-2018-q2-update.win32_1.0.0.201904181610/tools/bin/../lib/gcc/arm-none-eabi/7.3.1/../../../../arm-none-eabi/lib/thumb/v7e-m/fpv4-sp/hard\libc_nano.a(lib_a-memset.o)
                0x0000000008007d60                memset
 *(.glue_7)
 .glue_7        0x0000000008007d70        0x0 linker stubs
 *(.glue_7t)
 .glue_7t       0x0000000008007d70        0x0 linker stubs
 *(.eh_frame)
 .eh_frame      0x0000000008007d70        0x0 c:/st/stm32cubeide_1.0.2/stm32cubeide/plugins/com.st.stm32cube.ide.mcu.externaltools.gnu-tools-for-stm32.7-2018-q2-update.win32_1.0.0.201904181610/tools/bin/../lib/gcc/arm-none-eabi/7.3.1/thumb/v7e-m/fpv4-sp/hard/crtbegin.o
 *(.init)
 .init          0x0000000008007d70        0x4 c:/st/stm32cubeide_1.0.2/stm32cubeide/plugins/com.st.stm32cube.ide.mcu.externaltools.gnu-tools-for-stm32.7-2018-q2-update.win32_1.0.0.201904181610/tools/bin/../lib/gcc/arm-none-eabi/7.3.1/thumb/v7e-m/fpv4-sp/hard/crti.o
                0x0000000008007d70                _init
 .init          0x0000000008007d74        0x8 c:/st/stm32cubeide_1.0.2/stm32cubeide/plugins/com.st.stm32cube.ide.mcu.externaltools.gnu-tools-for-stm32.7-2018-q2-update.win32_1.0.0.201904181610/tools/bin/../lib/gcc/arm-none-eabi/7.3.1/thumb/v7e-m/fpv4-sp/hard/crtn.o
 *(.fini)
 .fini          0x0000000008007d7c        0x4 c:/st/stm32cubeide_1.0.2/stm32cubeide/plugins/com.st.stm32cube.ide.mcu.externaltools.gnu-tools-for-stm32.7-2018-q2-update.win32_1.0.0.201904181610/tools/bin/../lib/gcc/arm-none-eabi/7.3.1/thumb/v7e-m/fpv4-sp/hard/crti.o
                0x0000000008007d7c                _fini
 .fini          0x0000000008007d80        0x8 c:/st/stm32cubeide_1.0.2/stm32cubeide/plugins/com.st.stm32cube.ide.mcu.externaltools.gnu-tools-for-stm32.7-2018-q2-update.win32_1.0.0.201904181610/tools/bin/../lib/gcc/arm-none-eabi/7.3.1/thumb/v7e-m/fpv4-sp/hard/crtn.o
                0x0000000008007d88                . = ALIGN (0x4)
                0x0000000008007d88                _etext = .

.vfp11_veneer   0x0000000008007d88        0x0
 .vfp11_veneer  0x0000000008007d88        0x0 linker stubs

.v4_bx          0x0000000008007d88        0x0
 .v4_bx         0x0000000008007d88        0x0 linker stubs

.iplt           0x0000000008007d88        0x0
 .iplt          0x0000000008007d88        0x0 c:/st/stm32cubeide_1.0.2/stm32cubeide/plugins/com.st.stm32cube.ide.mcu.externaltools.gnu-tools-for-stm32.7-2018-q2-update.win32_1.0.0.201904181610/tools/bin/../lib/gcc/arm-none-eabi/7.3.1/thumb/v7e-m/fpv4-sp/hard/crtbegin.o

.rodata         0x0000000008007d88      0x118
                0x0000000008007d88                . = ALIGN (0x4)
 *(.rodata)
 .rodata        0x0000000008007d88       0xa0 Src/config.o
 *(.rodata*)
 .rodata.DLCtoBytes
                0x0000000008007e28       0x10 Drivers/STM32G4xx_HAL_Driver/Src/stm32g4xx_hal_fdcan.o
 .rodata.DIO3   0x0000000008007e38        0x8 Src/main.o
                0x0000000008007e38                DIO3
 .rodata.DIO4   0x0000000008007e40        0x8 Src/main.o
                0x0000000008007e40                DIO4
 .rodata.DIO5   0x0000000008007e48        0x8 Src/main.o
                0x0000000008007e48                DIO5
 .rodata.DIO6   0x0000000008007e50        0x8 Src/main.o
                0x0000000008007e50                DIO6
 .rodata.DIO15  0x0000000008007e58        0x8 Src/main.o
                0x0000000008007e58                DIO15
 .rodata.U5IN0  0x0000000008007e60        0x8 Src/main.o
                0x0000000008007e60                U5IN0
 .rodata.U5IN1  0x0000000008007e68        0x8 Src/main.o
                0x0000000008007e68                U5IN1
 .rodata.U6IN0  0x0000000008007e70        0x8 Src/main.o
                0x0000000008007e70                U6IN0
 .rodata.U6IN1  0x0000000008007e78        0x8 Src/main.o
                0x0000000008007e78                U6IN1
 .rodata.U7IN0  0x0000000008007e80        0x8 Src/main.o
                0x0000000008007e80                U7IN0
 .rodata.U7IN1  0x0000000008007e88        0x8 Src/main.o
                0x0000000008007e88                U7IN1
 .rodata.AHBPrescTable
                0x0000000008007e90       0x10 Src/system_stm32g4xx.o
                0x0000000008007e90                AHBPrescTable
                0x0000000008007ea0                . = ALIGN (0x4)

.rel.dyn        0x0000000008007ea0        0x0
 .rel.iplt      0x0000000008007ea0        0x0 c:/st/stm32cubeide_1.0.2/stm32cubeide/plugins/com.st.stm32cube.ide.mcu.externaltools.gnu-tools-for-stm32.7-2018-q2-update.win32_1.0.0.201904181610/tools/bin/../lib/gcc/arm-none-eabi/7.3.1/thumb/v7e-m/fpv4-sp/hard/crtbegin.o

.ARM.extab      0x0000000008007ea0        0x0
                0x0000000008007ea0                . = ALIGN (0x4)
 *(.ARM.extab* .gnu.linkonce.armextab.*)
                0x0000000008007ea0                . = ALIGN (0x4)

.ARM            0x0000000008007ea0        0x0
                0x0000000008007ea0                . = ALIGN (0x4)
                0x0000000008007ea0                __exidx_start = .
 *(.ARM.exidx*)
                0x0000000008007ea0                __exidx_end = .
                0x0000000008007ea0                . = ALIGN (0x4)

.preinit_array  0x0000000008007ea0        0x0
                0x0000000008007ea0                . = ALIGN (0x4)
                0x0000000008007ea0                PROVIDE (__preinit_array_start = .)
 *(.preinit_array*)
                0x0000000008007ea0                PROVIDE (__preinit_array_end = .)
                0x0000000008007ea0                . = ALIGN (0x4)

.init_array     0x0000000008007ea0        0x4
                0x0000000008007ea0                . = ALIGN (0x4)
                0x0000000008007ea0                PROVIDE (__init_array_start = .)
 *(SORT_BY_NAME(.init_array.*))
 *(.init_array*)
 .init_array    0x0000000008007ea0        0x4 c:/st/stm32cubeide_1.0.2/stm32cubeide/plugins/com.st.stm32cube.ide.mcu.externaltools.gnu-tools-for-stm32.7-2018-q2-update.win32_1.0.0.201904181610/tools/bin/../lib/gcc/arm-none-eabi/7.3.1/thumb/v7e-m/fpv4-sp/hard/crtbegin.o
                0x0000000008007ea4                PROVIDE (__init_array_end = .)
                0x0000000008007ea4                . = ALIGN (0x4)

.fini_array     0x0000000008007ea4        0x4
                0x0000000008007ea4                . = ALIGN (0x4)
                [!provide]                        PROVIDE (__fini_array_start = .)
 *(SORT_BY_NAME(.fini_array.*))
 *(.fini_array*)
 .fini_array    0x0000000008007ea4        0x4 c:/st/stm32cubeide_1.0.2/stm32cubeide/plugins/com.st.stm32cube.ide.mcu.externaltools.gnu-tools-for-stm32.7-2018-q2-update.win32_1.0.0.201904181610/tools/bin/../lib/gcc/arm-none-eabi/7.3.1/thumb/v7e-m/fpv4-sp/hard/crtbegin.o
                [!provide]                        PROVIDE (__fini_array_end = .)
                0x0000000008007ea8                . = ALIGN (0x4)
                0x0000000008007ea8                _sidata = LOADADDR (.data)

.data           0x0000000020000000       0x64 load address 0x0000000008007ea8
                0x0000000020000000                . = ALIGN (0x4)
                0x0000000020000000                _sdata = .
 *(.data)
 *(.data*)
 .data.uwTickPrio
                0x0000000020000000        0x4 Drivers/STM32G4xx_HAL_Driver/Src/stm32g4xx_hal.o
                0x0000000020000000                uwTickPrio
 .data.uwTickFreq
                0x0000000020000004        0x4 Drivers/STM32G4xx_HAL_Driver/Src/stm32g4xx_hal.o
                0x0000000020000004                uwTickFreq
 .data.pFlash   0x0000000020000008       0x20 Drivers/STM32G4xx_HAL_Driver/Src/stm32g4xx_hal_flash.o
                0x0000000020000008                pFlash
 .data.switches
                0x0000000020000028       0x18 Src/commands.o
                0x0000000020000028                switches
 .data.CanBuffer
                0x0000000020000040       0x1f Src/main.o
                0x0000000020000040                CanBuffer
 *fill*         0x000000002000005f        0x1 
 .data.SystemCoreClock
                0x0000000020000060        0x4 Src/system_stm32g4xx.o
                0x0000000020000060                SystemCoreClock
                0x0000000020000064                . = ALIGN (0x4)
                0x0000000020000064                _edata = .

.igot.plt       0x0000000020000064        0x0 load address 0x0000000008007f0c
 .igot.plt      0x0000000020000064        0x0 c:/st/stm32cubeide_1.0.2/stm32cubeide/plugins/com.st.stm32cube.ide.mcu.externaltools.gnu-tools-for-stm32.7-2018-q2-update.win32_1.0.0.201904181610/tools/bin/../lib/gcc/arm-none-eabi/7.3.1/thumb/v7e-m/fpv4-sp/hard/crtbegin.o
                0x0000000020000064                . = ALIGN (0x4)

.bss            0x0000000020000064      0x560 load address 0x0000000008007f0c
                0x0000000020000064                _sbss = .
                0x0000000020000064                __bss_start__ = _sbss
 *(.bss)
 .bss           0x0000000020000064       0x1c c:/st/stm32cubeide_1.0.2/stm32cubeide/plugins/com.st.stm32cube.ide.mcu.externaltools.gnu-tools-for-stm32.7-2018-q2-update.win32_1.0.0.201904181610/tools/bin/../lib/gcc/arm-none-eabi/7.3.1/thumb/v7e-m/fpv4-sp/hard/crtbegin.o
 *(.bss*)
 .bss.ack_k     0x0000000020000080        0x4 Src/commands.o
                0x0000000020000080                ack_k
 .bss.I0_rolling_average_position
                0x0000000020000084        0x4 Src/main.o
                0x0000000020000084                I0_rolling_average_position
 .bss.I1_rolling_average_position
                0x0000000020000088        0x4 Src/main.o
                0x0000000020000088                I1_rolling_average_position
 .bss.T_rolling_average_position
                0x000000002000008c        0x4 Src/main.o
                0x000000002000008c                T_rolling_average_position
 .bss.V_rolling_average_position
                0x0000000020000090        0x4 Src/main.o
                0x0000000020000090                V_rolling_average_position
 .bss.adc_selection
                0x0000000020000094        0x4 Src/main.o
                0x0000000020000094                adc_selection
 .bss.HAL_RCC_ADC12_CLK_ENABLED
                0x0000000020000098        0x4 Src/stm32g4xx_hal_msp.o
 *(COMMON)
 COMMON         0x000000002000009c        0x4 Drivers/STM32G4xx_HAL_Driver/Src/stm32g4xx_hal.o
                0x000000002000009c                uwTick
 COMMON         0x00000000200000a0      0x524 Src/main.o
                0x00000000200000a0                Digital_In_Interrupt_Can_Falling
                0x00000000200000a4                sample_voltage
                0x00000000200000a8                Digital_In_Interrupt_Can_Rising
                0x00000000200000ac                U6T
                0x00000000200000bc                Digital_In_Interrupt_PWM_Falling
                0x00000000200000be                warn_undervoltage_U7
                0x00000000200000c0                Digital_In_EN
                0x00000000200000c1                Can_Timed_Enable
                0x00000000200000c2                warn_undercurrent_U7I1
                0x00000000200000c4                Can_Interval
                0x00000000200000c8                U5GNDV
                0x00000000200000cc                Can_Config_Datas
                0x000000002000010c                CanBufferWritePos
                0x000000002000010e                warn_undercurrent_U5I0
                0x0000000020000110                canErrors
                0x0000000020000130                warn_overcurrent_U6I0
                0x0000000020000132                warn_overtemperature_U7
                0x0000000020000134                hadc2
                0x00000000200001a0                U7T
                0x00000000200001b0                Can_Config_Bytes
                0x00000000200001f0                htim15
                0x0000000020000230                cutoff_overcurrent_U7
                0x0000000020000234                U7I0_real
                0x0000000020000238                U7I1
                0x0000000020000248                cutoff_overcurrent_U6
                0x000000002000024c                U7GNDV
                0x0000000020000250                Can_Sync_Delay
                0x0000000020000254                hfdcan
                0x00000000200002b8                warn_overcurrent_U7I1
                0x00000000200002ba                Default_Switch_State
                0x00000000200002bb                Digital_In_Interrupt_PWM_Rising
                0x00000000200002bc                sample_temperature
                0x00000000200002c0                U6V
                0x00000000200002c4                Can_Sync_Enable
                0x00000000200002c8                U5V
                0x00000000200002cc                warn_overtemperature_U6
                0x00000000200002ce                cutoff_overcurrent_U5
                0x00000000200002d0                U7I1_real
                0x00000000200002d4                warn_overvoltage_U7
                0x00000000200002d6                warn_undervoltage_U6
                0x00000000200002d8                canErrorToTransmit
                0x00000000200002dc                U5I0_real
                0x00000000200002e0                U7I0
                0x00000000200002f0                warn_overcurrent_U5I0
                0x00000000200002f4                hadc1
                0x0000000020000360                warn_undertemperature_U7
                0x0000000020000362                warn_overcurrent_U7I0
                0x0000000020000364                U5I1_real
                0x0000000020000368                CanMessagesToSend
                0x000000002000036c                U5T_real
                0x0000000020000370                hdma_adc1
                0x00000000200003d0                Digital_In_Interrupt_EN
                0x00000000200003d4                U7V_real
                0x00000000200003d8                warn_overtemperature_U5
                0x00000000200003dc                ADCDualConvertedValues
                0x00000000200003e8                U5I1
                0x00000000200003f8                CanTimerFlag
                0x00000000200003fc                U7T_real
                0x0000000020000400                U6I0_real
                0x0000000020000404                U6GNDV
                0x0000000020000408                htim6
                0x0000000020000448                warn_overcurrent_U6I1
                0x000000002000044a                CanBufferReadPos
                0x000000002000044c                Can_IDs
                0x000000002000045c                U6I0
                0x000000002000046c                U6I1
                0x000000002000047c                warn_undercurrent_U6I1
                0x0000000020000480                CANTxData
                0x0000000020000488                warn_undervoltage_U5
                0x000000002000048c                Can_DLCs
                0x0000000020000494                U6V_real
                0x0000000020000498                warn_undercurrent_U7I0
                0x000000002000049c                U6T_real
                0x00000000200004a0                warn_undertemperature_U5
                0x00000000200004a2                warn_undercurrent_U5I1
                0x00000000200004a4                warn_overvoltage_U5
                0x00000000200004a6                warn_undertemperature_U6
                0x00000000200004a8                hdma_adc2
                0x0000000020000508                warn_overvoltage_U6
                0x000000002000050a                canSendErrorFlag
                0x000000002000050c                U5I0
                0x000000002000051c                U7V
                0x0000000020000520                warn_overcurrent_U5I1
                0x0000000020000524                htim16
                0x0000000020000564                htim7
                0x00000000200005a4                warn_undercurrent_U6I0
                0x00000000200005a6                Digital_In_Interrupt_Power_Falling
                0x00000000200005a8                U6I1_real
                0x00000000200005ac                Digital_In_Interrupt_Power_Rising
                0x00000000200005b0                U5V_real
                0x00000000200005b4                U5T
                0x00000000200005c4                . = ALIGN (0x4)
                0x00000000200005c4                _ebss = .
                0x00000000200005c4                __bss_end__ = _ebss

._user_heap_stack
                0x00000000200005c4      0x604 load address 0x0000000008007f0c
                0x00000000200005c8                . = ALIGN (0x8)
 *fill*         0x00000000200005c4        0x4 
                0x00000000200005c8                PROVIDE (end = .)
                [!provide]                        PROVIDE (_end = .)
                0x00000000200007c8                . = (. + _Min_Heap_Size)
 *fill*         0x00000000200005c8      0x200 
                0x0000000020000bc8                . = (. + _Min_Stack_Size)
 *fill*         0x00000000200007c8      0x400 
                0x0000000020000bc8                . = ALIGN (0x8)

/DISCARD/
 libc.a(*)
 libm.a(*)
 libgcc.a(*)

.ARM.attributes
                0x0000000000000000       0x30
 *(.ARM.attributes)
 .ARM.attributes
                0x0000000000000000       0x22 c:/st/stm32cubeide_1.0.2/stm32cubeide/plugins/com.st.stm32cube.ide.mcu.externaltools.gnu-tools-for-stm32.7-2018-q2-update.win32_1.0.0.201904181610/tools/bin/../lib/gcc/arm-none-eabi/7.3.1/thumb/v7e-m/fpv4-sp/hard/crti.o
 .ARM.attributes
                0x0000000000000022       0x34 c:/st/stm32cubeide_1.0.2/stm32cubeide/plugins/com.st.stm32cube.ide.mcu.externaltools.gnu-tools-for-stm32.7-2018-q2-update.win32_1.0.0.201904181610/tools/bin/../lib/gcc/arm-none-eabi/7.3.1/thumb/v7e-m/fpv4-sp/hard/crtbegin.o
 .ARM.attributes
                0x0000000000000056       0x39 Drivers/STM32G4xx_HAL_Driver/Src/stm32g4xx_hal.o
 .ARM.attributes
                0x000000000000008f       0x39 Drivers/STM32G4xx_HAL_Driver/Src/stm32g4xx_hal_adc.o
 .ARM.attributes
                0x00000000000000c8       0x39 Drivers/STM32G4xx_HAL_Driver/Src/stm32g4xx_hal_adc_ex.o
 .ARM.attributes
                0x0000000000000101       0x39 Drivers/STM32G4xx_HAL_Driver/Src/stm32g4xx_hal_cortex.o
 .ARM.attributes
                0x000000000000013a       0x39 Drivers/STM32G4xx_HAL_Driver/Src/stm32g4xx_hal_dma.o
 .ARM.attributes
                0x0000000000000173       0x39 Drivers/STM32G4xx_HAL_Driver/Src/stm32g4xx_hal_fdcan.o
 .ARM.attributes
                0x00000000000001ac       0x39 Drivers/STM32G4xx_HAL_Driver/Src/stm32g4xx_hal_flash.o
 .ARM.attributes
                0x00000000000001e5       0x39 Drivers/STM32G4xx_HAL_Driver/Src/stm32g4xx_hal_flash_ex.o
 .ARM.attributes
                0x000000000000021e       0x39 Drivers/STM32G4xx_HAL_Driver/Src/stm32g4xx_hal_gpio.o
 .ARM.attributes
                0x0000000000000257       0x39 Drivers/STM32G4xx_HAL_Driver/Src/stm32g4xx_hal_pwr_ex.o
 .ARM.attributes
                0x0000000000000290       0x39 Drivers/STM32G4xx_HAL_Driver/Src/stm32g4xx_hal_rcc.o
 .ARM.attributes
                0x00000000000002c9       0x39 Drivers/STM32G4xx_HAL_Driver/Src/stm32g4xx_hal_rcc_ex.o
 .ARM.attributes
                0x0000000000000302       0x39 Drivers/STM32G4xx_HAL_Driver/Src/stm32g4xx_hal_tim.o
 .ARM.attributes
                0x000000000000033b       0x39 Drivers/STM32G4xx_HAL_Driver/Src/stm32g4xx_hal_tim_ex.o
 .ARM.attributes
                0x0000000000000374       0x39 Src/canconfig.o
 .ARM.attributes
                0x00000000000003ad       0x39 Src/commands.o
 .ARM.attributes
                0x00000000000003e6       0x39 Src/config.o
 .ARM.attributes
                0x000000000000041f       0x39 Src/main.o
 .ARM.attributes
                0x0000000000000458       0x39 Src/parse.o
 .ARM.attributes
                0x0000000000000491       0x39 Src/stm32g4xx_hal_msp.o
 .ARM.attributes
                0x00000000000004ca       0x39 Src/stm32g4xx_it.o
 .ARM.attributes
                0x0000000000000503       0x39 Src/system_stm32g4xx.o
 .ARM.attributes
                0x000000000000053c       0x21 Startup/startup_stm32g441kbtx.o
 .ARM.attributes
                0x000000000000055d       0x34 c:/st/stm32cubeide_1.0.2/stm32cubeide/plugins/com.st.stm32cube.ide.mcu.externaltools.gnu-tools-for-stm32.7-2018-q2-update.win32_1.0.0.201904181610/tools/bin/../lib/gcc/arm-none-eabi/7.3.1/../../../../arm-none-eabi/lib/thumb/v7e-m/fpv4-sp/hard\libc_nano.a(lib_a-init.o)
 .ARM.attributes
                0x0000000000000591       0x34 c:/st/stm32cubeide_1.0.2/stm32cubeide/plugins/com.st.stm32cube.ide.mcu.externaltools.gnu-tools-for-stm32.7-2018-q2-update.win32_1.0.0.201904181610/tools/bin/../lib/gcc/arm-none-eabi/7.3.1/../../../../arm-none-eabi/lib/thumb/v7e-m/fpv4-sp/hard\libc_nano.a(lib_a-memset.o)
 .ARM.attributes
                0x00000000000005c5       0x22 c:/st/stm32cubeide_1.0.2/stm32cubeide/plugins/com.st.stm32cube.ide.mcu.externaltools.gnu-tools-for-stm32.7-2018-q2-update.win32_1.0.0.201904181610/tools/bin/../lib/gcc/arm-none-eabi/7.3.1/thumb/v7e-m/fpv4-sp/hard/crtn.o
OUTPUT(motorsport_PowerNode.elf elf32-littlearm)

.debug_info     0x0000000000000000    0x187dc
 .debug_info    0x0000000000000000      0xba1 Drivers/STM32G4xx_HAL_Driver/Src/stm32g4xx_hal.o
 .debug_info    0x0000000000000ba1     0x1ec4 Drivers/STM32G4xx_HAL_Driver/Src/stm32g4xx_hal_adc.o
 .debug_info    0x0000000000002a65     0x1c12 Drivers/STM32G4xx_HAL_Driver/Src/stm32g4xx_hal_adc_ex.o
 .debug_info    0x0000000000004677      0xec1 Drivers/STM32G4xx_HAL_Driver/Src/stm32g4xx_hal_cortex.o
 .debug_info    0x0000000000005538      0xa07 Drivers/STM32G4xx_HAL_Driver/Src/stm32g4xx_hal_dma.o
 .debug_info    0x0000000000005f3f     0x1958 Drivers/STM32G4xx_HAL_Driver/Src/stm32g4xx_hal_fdcan.o
 .debug_info    0x0000000000007897      0x748 Drivers/STM32G4xx_HAL_Driver/Src/stm32g4xx_hal_flash.o
 .debug_info    0x0000000000007fdf      0x95b Drivers/STM32G4xx_HAL_Driver/Src/stm32g4xx_hal_flash_ex.o
 .debug_info    0x000000000000893a      0x969 Drivers/STM32G4xx_HAL_Driver/Src/stm32g4xx_hal_gpio.o
 .debug_info    0x00000000000092a3      0xa9c Drivers/STM32G4xx_HAL_Driver/Src/stm32g4xx_hal_pwr_ex.o
 .debug_info    0x0000000000009d3f      0xca5 Drivers/STM32G4xx_HAL_Driver/Src/stm32g4xx_hal_rcc.o
 .debug_info    0x000000000000a9e4      0xd92 Drivers/STM32G4xx_HAL_Driver/Src/stm32g4xx_hal_rcc_ex.o
 .debug_info    0x000000000000b776     0x2884 Drivers/STM32G4xx_HAL_Driver/Src/stm32g4xx_hal_tim.o
 .debug_info    0x000000000000dffa     0x1a34 Drivers/STM32G4xx_HAL_Driver/Src/stm32g4xx_hal_tim_ex.o
 .debug_info    0x000000000000fa2e      0x71b Src/canconfig.o
 .debug_info    0x0000000000010149     0x13db Src/commands.o
 .debug_info    0x0000000000011524      0xafd Src/config.o
 .debug_info    0x0000000000012021     0x29d3 Src/main.o
 .debug_info    0x00000000000149f4      0x779 Src/parse.o
 .debug_info    0x000000000001516d     0x1d41 Src/stm32g4xx_hal_msp.o
 .debug_info    0x0000000000016eae     0x125d Src/stm32g4xx_it.o
 .debug_info    0x000000000001810b      0x6af Src/system_stm32g4xx.o
 .debug_info    0x00000000000187ba       0x22 Startup/startup_stm32g441kbtx.o

.debug_abbrev   0x0000000000000000     0x2d64
 .debug_abbrev  0x0000000000000000      0x1fb Drivers/STM32G4xx_HAL_Driver/Src/stm32g4xx_hal.o
 .debug_abbrev  0x00000000000001fb      0x24a Drivers/STM32G4xx_HAL_Driver/Src/stm32g4xx_hal_adc.o
 .debug_abbrev  0x0000000000000445      0x26a Drivers/STM32G4xx_HAL_Driver/Src/stm32g4xx_hal_adc_ex.o
 .debug_abbrev  0x00000000000006af      0x2f1 Drivers/STM32G4xx_HAL_Driver/Src/stm32g4xx_hal_cortex.o
 .debug_abbrev  0x00000000000009a0      0x1d9 Drivers/STM32G4xx_HAL_Driver/Src/stm32g4xx_hal_dma.o
 .debug_abbrev  0x0000000000000b79      0x1be Drivers/STM32G4xx_HAL_Driver/Src/stm32g4xx_hal_fdcan.o
 .debug_abbrev  0x0000000000000d37      0x2b6 Drivers/STM32G4xx_HAL_Driver/Src/stm32g4xx_hal_flash.o
 .debug_abbrev  0x0000000000000fed      0x24d Drivers/STM32G4xx_HAL_Driver/Src/stm32g4xx_hal_flash_ex.o
 .debug_abbrev  0x000000000000123a      0x1c0 Drivers/STM32G4xx_HAL_Driver/Src/stm32g4xx_hal_gpio.o
 .debug_abbrev  0x00000000000013fa      0x1fd Drivers/STM32G4xx_HAL_Driver/Src/stm32g4xx_hal_pwr_ex.o
 .debug_abbrev  0x00000000000015f7      0x245 Drivers/STM32G4xx_HAL_Driver/Src/stm32g4xx_hal_rcc.o
 .debug_abbrev  0x000000000000183c      0x204 Drivers/STM32G4xx_HAL_Driver/Src/stm32g4xx_hal_rcc_ex.o
 .debug_abbrev  0x0000000000001a40      0x25b Drivers/STM32G4xx_HAL_Driver/Src/stm32g4xx_hal_tim.o
 .debug_abbrev  0x0000000000001c9b      0x249 Drivers/STM32G4xx_HAL_Driver/Src/stm32g4xx_hal_tim_ex.o
 .debug_abbrev  0x0000000000001ee4      0x170 Src/canconfig.o
 .debug_abbrev  0x0000000000002054      0x202 Src/commands.o
 .debug_abbrev  0x0000000000002256      0x235 Src/config.o
 .debug_abbrev  0x000000000000248b      0x2a9 Src/main.o
 .debug_abbrev  0x0000000000002734      0x174 Src/parse.o
 .debug_abbrev  0x00000000000028a8      0x1cf Src/stm32g4xx_hal_msp.o
 .debug_abbrev  0x0000000000002a77      0x194 Src/stm32g4xx_it.o
 .debug_abbrev  0x0000000000002c0b      0x147 Src/system_stm32g4xx.o
 .debug_abbrev  0x0000000000002d52       0x12 Startup/startup_stm32g441kbtx.o

.debug_aranges  0x0000000000000000     0x15f8
 .debug_aranges
                0x0000000000000000      0x130 Drivers/STM32G4xx_HAL_Driver/Src/stm32g4xx_hal.o
 .debug_aranges
                0x0000000000000130      0x248 Drivers/STM32G4xx_HAL_Driver/Src/stm32g4xx_hal_adc.o
 .debug_aranges
                0x0000000000000378      0x1c0 Drivers/STM32G4xx_HAL_Driver/Src/stm32g4xx_hal_adc_ex.o
 .debug_aranges
                0x0000000000000538      0x118 Drivers/STM32G4xx_HAL_Driver/Src/stm32g4xx_hal_cortex.o
 .debug_aranges
                0x0000000000000650       0x90 Drivers/STM32G4xx_HAL_Driver/Src/stm32g4xx_hal_dma.o
 .debug_aranges
                0x00000000000006e0      0x208 Drivers/STM32G4xx_HAL_Driver/Src/stm32g4xx_hal_fdcan.o
 .debug_aranges
                0x00000000000008e8       0x88 Drivers/STM32G4xx_HAL_Driver/Src/stm32g4xx_hal_flash.o
 .debug_aranges
                0x0000000000000970       0xc8 Drivers/STM32G4xx_HAL_Driver/Src/stm32g4xx_hal_flash_ex.o
 .debug_aranges
                0x0000000000000a38       0x58 Drivers/STM32G4xx_HAL_Driver/Src/stm32g4xx_hal_gpio.o
 .debug_aranges
                0x0000000000000a90      0x140 Drivers/STM32G4xx_HAL_Driver/Src/stm32g4xx_hal_pwr_ex.o
 .debug_aranges
                0x0000000000000bd0       0x98 Drivers/STM32G4xx_HAL_Driver/Src/stm32g4xx_hal_rcc.o
 .debug_aranges
                0x0000000000000c68       0xb0 Drivers/STM32G4xx_HAL_Driver/Src/stm32g4xx_hal_rcc_ex.o
 .debug_aranges
                0x0000000000000d18      0x3c8 Drivers/STM32G4xx_HAL_Driver/Src/stm32g4xx_hal_tim.o
 .debug_aranges
                0x00000000000010e0      0x228 Drivers/STM32G4xx_HAL_Driver/Src/stm32g4xx_hal_tim_ex.o
 .debug_aranges
                0x0000000000001308       0x20 Src/canconfig.o
 .debug_aranges
                0x0000000000001328       0x60 Src/commands.o
 .debug_aranges
                0x0000000000001388       0x50 Src/config.o
 .debug_aranges
                0x00000000000013d8       0xb0 Src/main.o
 .debug_aranges
                0x0000000000001488       0x30 Src/parse.o
 .debug_aranges
                0x00000000000014b8       0x58 Src/stm32g4xx_hal_msp.o
 .debug_aranges
                0x0000000000001510       0x98 Src/stm32g4xx_it.o
 .debug_aranges
                0x00000000000015a8       0x28 Src/system_stm32g4xx.o
 .debug_aranges
                0x00000000000015d0       0x28 Startup/startup_stm32g441kbtx.o

.debug_ranges   0x0000000000000000     0x1490
 .debug_ranges  0x0000000000000000      0x120 Drivers/STM32G4xx_HAL_Driver/Src/stm32g4xx_hal.o
 .debug_ranges  0x0000000000000120      0x238 Drivers/STM32G4xx_HAL_Driver/Src/stm32g4xx_hal_adc.o
 .debug_ranges  0x0000000000000358      0x1b0 Drivers/STM32G4xx_HAL_Driver/Src/stm32g4xx_hal_adc_ex.o
 .debug_ranges  0x0000000000000508      0x108 Drivers/STM32G4xx_HAL_Driver/Src/stm32g4xx_hal_cortex.o
 .debug_ranges  0x0000000000000610       0x80 Drivers/STM32G4xx_HAL_Driver/Src/stm32g4xx_hal_dma.o
 .debug_ranges  0x0000000000000690      0x1f8 Drivers/STM32G4xx_HAL_Driver/Src/stm32g4xx_hal_fdcan.o
 .debug_ranges  0x0000000000000888       0x78 Drivers/STM32G4xx_HAL_Driver/Src/stm32g4xx_hal_flash.o
 .debug_ranges  0x0000000000000900       0xb8 Drivers/STM32G4xx_HAL_Driver/Src/stm32g4xx_hal_flash_ex.o
 .debug_ranges  0x00000000000009b8       0x48 Drivers/STM32G4xx_HAL_Driver/Src/stm32g4xx_hal_gpio.o
 .debug_ranges  0x0000000000000a00      0x130 Drivers/STM32G4xx_HAL_Driver/Src/stm32g4xx_hal_pwr_ex.o
 .debug_ranges  0x0000000000000b30       0x88 Drivers/STM32G4xx_HAL_Driver/Src/stm32g4xx_hal_rcc.o
 .debug_ranges  0x0000000000000bb8       0xa0 Drivers/STM32G4xx_HAL_Driver/Src/stm32g4xx_hal_rcc_ex.o
 .debug_ranges  0x0000000000000c58      0x3b8 Drivers/STM32G4xx_HAL_Driver/Src/stm32g4xx_hal_tim.o
 .debug_ranges  0x0000000000001010      0x218 Drivers/STM32G4xx_HAL_Driver/Src/stm32g4xx_hal_tim_ex.o
 .debug_ranges  0x0000000000001228       0x10 Src/canconfig.o
 .debug_ranges  0x0000000000001238       0x50 Src/commands.o
 .debug_ranges  0x0000000000001288       0x40 Src/config.o
 .debug_ranges  0x00000000000012c8       0xa0 Src/main.o
 .debug_ranges  0x0000000000001368       0x20 Src/parse.o
 .debug_ranges  0x0000000000001388       0x48 Src/stm32g4xx_hal_msp.o
 .debug_ranges  0x00000000000013d0       0x88 Src/stm32g4xx_it.o
 .debug_ranges  0x0000000000001458       0x18 Src/system_stm32g4xx.o
 .debug_ranges  0x0000000000001470       0x20 Startup/startup_stm32g441kbtx.o

.debug_macro    0x0000000000000000    0x20c48
 .debug_macro   0x0000000000000000      0x233 Drivers/STM32G4xx_HAL_Driver/Src/stm32g4xx_hal.o
 .debug_macro   0x0000000000000233      0xa5a Drivers/STM32G4xx_HAL_Driver/Src/stm32g4xx_hal.o
 .debug_macro   0x0000000000000c8d      0x154 Drivers/STM32G4xx_HAL_Driver/Src/stm32g4xx_hal.o
 .debug_macro   0x0000000000000de1       0x2e Drivers/STM32G4xx_HAL_Driver/Src/stm32g4xx_hal.o
 .debug_macro   0x0000000000000e0f       0x28 Drivers/STM32G4xx_HAL_Driver/Src/stm32g4xx_hal.o
 .debug_macro   0x0000000000000e37       0x22 Drivers/STM32G4xx_HAL_Driver/Src/stm32g4xx_hal.o
 .debug_macro   0x0000000000000e59       0x8e Drivers/STM32G4xx_HAL_Driver/Src/stm32g4xx_hal.o
 .debug_macro   0x0000000000000ee7       0x51 Drivers/STM32G4xx_HAL_Driver/Src/stm32g4xx_hal.o
 .debug_macro   0x0000000000000f38       0xef Drivers/STM32G4xx_HAL_Driver/Src/stm32g4xx_hal.o
 .debug_macro   0x0000000000001027       0x6a Drivers/STM32G4xx_HAL_Driver/Src/stm32g4xx_hal.o
 .debug_macro   0x0000000000001091      0x1df Drivers/STM32G4xx_HAL_Driver/Src/stm32g4xx_hal.o
 .debug_macro   0x0000000000001270       0x1c Drivers/STM32G4xx_HAL_Driver/Src/stm32g4xx_hal.o
 .debug_macro   0x000000000000128c       0x22 Drivers/STM32G4xx_HAL_Driver/Src/stm32g4xx_hal.o
 .debug_macro   0x00000000000012ae       0xdf Drivers/STM32G4xx_HAL_Driver/Src/stm32g4xx_hal.o
 .debug_macro   0x000000000000138d     0x102d Drivers/STM32G4xx_HAL_Driver/Src/stm32g4xx_hal.o
 .debug_macro   0x00000000000023ba      0x11f Drivers/STM32G4xx_HAL_Driver/Src/stm32g4xx_hal.o
 .debug_macro   0x00000000000024d9    0x1178d Drivers/STM32G4xx_HAL_Driver/Src/stm32g4xx_hal.o
 .debug_macro   0x0000000000013c66       0x43 Drivers/STM32G4xx_HAL_Driver/Src/stm32g4xx_hal.o
 .debug_macro   0x0000000000013ca9     0x34ae Drivers/STM32G4xx_HAL_Driver/Src/stm32g4xx_hal.o
 .debug_macro   0x0000000000017157      0x174 Drivers/STM32G4xx_HAL_Driver/Src/stm32g4xx_hal.o
 .debug_macro   0x00000000000172cb       0x5a Drivers/STM32G4xx_HAL_Driver/Src/stm32g4xx_hal.o
 .debug_macro   0x0000000000017325     0x1424 Drivers/STM32G4xx_HAL_Driver/Src/stm32g4xx_hal.o
 .debug_macro   0x0000000000018749      0x535 Drivers/STM32G4xx_HAL_Driver/Src/stm32g4xx_hal.o
 .debug_macro   0x0000000000018c7e      0x137 Drivers/STM32G4xx_HAL_Driver/Src/stm32g4xx_hal.o
 .debug_macro   0x0000000000018db5      0x26d Drivers/STM32G4xx_HAL_Driver/Src/stm32g4xx_hal.o
 .debug_macro   0x0000000000019022      0x41d Drivers/STM32G4xx_HAL_Driver/Src/stm32g4xx_hal.o
 .debug_macro   0x000000000001943f      0x18b Drivers/STM32G4xx_HAL_Driver/Src/stm32g4xx_hal.o
 .debug_macro   0x00000000000195ca       0x43 Drivers/STM32G4xx_HAL_Driver/Src/stm32g4xx_hal.o
 .debug_macro   0x000000000001960d      0x23d Drivers/STM32G4xx_HAL_Driver/Src/stm32g4xx_hal.o
 .debug_macro   0x000000000001984a     0x10fd Drivers/STM32G4xx_HAL_Driver/Src/stm32g4xx_hal.o
 .debug_macro   0x000000000001a947      0x72e Drivers/STM32G4xx_HAL_Driver/Src/stm32g4xx_hal.o
 .debug_macro   0x000000000001b075      0x391 Drivers/STM32G4xx_HAL_Driver/Src/stm32g4xx_hal.o
 .debug_macro   0x000000000001b406      0x212 Drivers/STM32G4xx_HAL_Driver/Src/stm32g4xx_hal.o
 .debug_macro   0x000000000001b618      0x6af Drivers/STM32G4xx_HAL_Driver/Src/stm32g4xx_hal.o
 .debug_macro   0x000000000001bcc7      0x401 Drivers/STM32G4xx_HAL_Driver/Src/stm32g4xx_hal.o
 .debug_macro   0x000000000001c0c8      0x107 Drivers/STM32G4xx_HAL_Driver/Src/stm32g4xx_hal.o
 .debug_macro   0x000000000001c1cf      0x122 Drivers/STM32G4xx_HAL_Driver/Src/stm32g4xx_hal.o
 .debug_macro   0x000000000001c2f1      0x3d1 Drivers/STM32G4xx_HAL_Driver/Src/stm32g4xx_hal.o
 .debug_macro   0x000000000001c6c2      0xb5c Drivers/STM32G4xx_HAL_Driver/Src/stm32g4xx_hal.o
 .debug_macro   0x000000000001d21e      0x47e Drivers/STM32G4xx_HAL_Driver/Src/stm32g4xx_hal.o
 .debug_macro   0x000000000001d69c      0x307 Drivers/STM32G4xx_HAL_Driver/Src/stm32g4xx_hal.o
 .debug_macro   0x000000000001d9a3      0x202 Drivers/STM32G4xx_HAL_Driver/Src/stm32g4xx_hal_adc.o
 .debug_macro   0x000000000001dba5      0x1f1 Drivers/STM32G4xx_HAL_Driver/Src/stm32g4xx_hal_adc_ex.o
 .debug_macro   0x000000000001dd96      0x1e5 Drivers/STM32G4xx_HAL_Driver/Src/stm32g4xx_hal_cortex.o
 .debug_macro   0x000000000001df7b      0x1e5 Drivers/STM32G4xx_HAL_Driver/Src/stm32g4xx_hal_dma.o
 .debug_macro   0x000000000001e160      0x2f7 Drivers/STM32G4xx_HAL_Driver/Src/stm32g4xx_hal_fdcan.o
 .debug_macro   0x000000000001e457      0x1eb Drivers/STM32G4xx_HAL_Driver/Src/stm32g4xx_hal_flash.o
 .debug_macro   0x000000000001e642      0x1e5 Drivers/STM32G4xx_HAL_Driver/Src/stm32g4xx_hal_flash_ex.o
 .debug_macro   0x000000000001e827      0x21d Drivers/STM32G4xx_HAL_Driver/Src/stm32g4xx_hal_gpio.o
 .debug_macro   0x000000000001ea44      0x20f Drivers/STM32G4xx_HAL_Driver/Src/stm32g4xx_hal_pwr_ex.o
 .debug_macro   0x000000000001ec53      0x221 Drivers/STM32G4xx_HAL_Driver/Src/stm32g4xx_hal_rcc.o
 .debug_macro   0x000000000001ee74      0x20f Drivers/STM32G4xx_HAL_Driver/Src/stm32g4xx_hal_rcc_ex.o
 .debug_macro   0x000000000001f083      0x1ed Drivers/STM32G4xx_HAL_Driver/Src/stm32g4xx_hal_tim.o
 .debug_macro   0x000000000001f270      0x1eb Drivers/STM32G4xx_HAL_Driver/Src/stm32g4xx_hal_tim_ex.o
 .debug_macro   0x000000000001f45b      0x227 Src/canconfig.o
 .debug_macro   0x000000000001f682      0x1eb Src/canconfig.o
 .debug_macro   0x000000000001f86d       0x16 Src/canconfig.o
 .debug_macro   0x000000000001f883       0x58 Src/canconfig.o
 .debug_macro   0x000000000001f8db      0x49a Src/canconfig.o
 .debug_macro   0x000000000001fd75      0x227 Src/commands.o
 .debug_macro   0x000000000001ff9c      0x227 Src/config.o
 .debug_macro   0x00000000000201c3      0x223 Src/main.o
 .debug_macro   0x00000000000203e6      0x227 Src/parse.o
 .debug_macro   0x000000000002060d      0x223 Src/stm32g4xx_hal_msp.o
 .debug_macro   0x0000000000020830      0x22d Src/stm32g4xx_it.o
 .debug_macro   0x0000000000020a5d      0x1eb Src/system_stm32g4xx.o

.debug_line     0x0000000000000000    0x1010d
 .debug_line    0x0000000000000000      0x9a2 Drivers/STM32G4xx_HAL_Driver/Src/stm32g4xx_hal.o
 .debug_line    0x00000000000009a2     0x14e6 Drivers/STM32G4xx_HAL_Driver/Src/stm32g4xx_hal_adc.o
 .debug_line    0x0000000000001e88     0x1202 Drivers/STM32G4xx_HAL_Driver/Src/stm32g4xx_hal_adc_ex.o
 .debug_line    0x000000000000308a      0xa2a Drivers/STM32G4xx_HAL_Driver/Src/stm32g4xx_hal_cortex.o
 .debug_line    0x0000000000003ab4      0x96d Drivers/STM32G4xx_HAL_Driver/Src/stm32g4xx_hal_dma.o
 .debug_line    0x0000000000004421      0xeed Drivers/STM32G4xx_HAL_Driver/Src/stm32g4xx_hal_fdcan.o
 .debug_line    0x000000000000530e      0x92e Drivers/STM32G4xx_HAL_Driver/Src/stm32g4xx_hal_flash.o
 .debug_line    0x0000000000005c3c      0x9f5 Drivers/STM32G4xx_HAL_Driver/Src/stm32g4xx_hal_flash_ex.o
 .debug_line    0x0000000000006631      0x8a8 Drivers/STM32G4xx_HAL_Driver/Src/stm32g4xx_hal_gpio.o
 .debug_line    0x0000000000006ed9      0xa8f Drivers/STM32G4xx_HAL_Driver/Src/stm32g4xx_hal_pwr_ex.o
 .debug_line    0x0000000000007968      0x9e3 Drivers/STM32G4xx_HAL_Driver/Src/stm32g4xx_hal_rcc.o
 .debug_line    0x000000000000834b      0xb8d Drivers/STM32G4xx_HAL_Driver/Src/stm32g4xx_hal_rcc_ex.o
 .debug_line    0x0000000000008ed8     0x1c6a Drivers/STM32G4xx_HAL_Driver/Src/stm32g4xx_hal_tim.o
 .debug_line    0x000000000000ab42     0x10db Drivers/STM32G4xx_HAL_Driver/Src/stm32g4xx_hal_tim_ex.o
 .debug_line    0x000000000000bc1d      0x794 Src/canconfig.o
 .debug_line    0x000000000000c3b1      0x848 Src/commands.o
 .debug_line    0x000000000000cbf9      0x93b Src/config.o
 .debug_line    0x000000000000d534      0xc1d Src/main.o
 .debug_line    0x000000000000e151      0x764 Src/parse.o
 .debug_line    0x000000000000e8b5      0x857 Src/stm32g4xx_hal_msp.o
 .debug_line    0x000000000000f10c      0x863 Src/stm32g4xx_it.o
 .debug_line    0x000000000000f96f      0x71a Src/system_stm32g4xx.o
 .debug_line    0x0000000000010089       0x84 Startup/startup_stm32g441kbtx.o

.debug_str      0x0000000000000000    0xd995f
 .debug_str     0x0000000000000000    0xd023a Drivers/STM32G4xx_HAL_Driver/Src/stm32g4xx_hal.o
                                      0xd0900 (size before relaxing)
 .debug_str     0x00000000000d023a      0xf34 Drivers/STM32G4xx_HAL_Driver/Src/stm32g4xx_hal_adc.o
                                      0xd0d7b (size before relaxing)
 .debug_str     0x00000000000d116e      0x76f Drivers/STM32G4xx_HAL_Driver/Src/stm32g4xx_hal_adc_ex.o
                                      0xd0d4f (size before relaxing)
 .debug_str     0x00000000000d18dd      0x3e6 Drivers/STM32G4xx_HAL_Driver/Src/stm32g4xx_hal_cortex.o
                                      0xd0614 (size before relaxing)
 .debug_str     0x00000000000d1cc3      0x2d3 Drivers/STM32G4xx_HAL_Driver/Src/stm32g4xx_hal_dma.o
                                      0xd0204 (size before relaxing)
 .debug_str     0x00000000000d1f96     0x161b Drivers/STM32G4xx_HAL_Driver/Src/stm32g4xx_hal_fdcan.o
                                      0xd13b1 (size before relaxing)
 .debug_str     0x00000000000d35b1      0x27f Drivers/STM32G4xx_HAL_Driver/Src/stm32g4xx_hal_flash.o
                                      0xcff38 (size before relaxing)
 .debug_str     0x00000000000d3830      0x358 Drivers/STM32G4xx_HAL_Driver/Src/stm32g4xx_hal_flash_ex.o
                                      0xd005b (size before relaxing)
 .debug_str     0x00000000000d3b88      0x28e Drivers/STM32G4xx_HAL_Driver/Src/stm32g4xx_hal_gpio.o
                                      0xd00b3 (size before relaxing)
 .debug_str     0x00000000000d3e16      0x4c6 Drivers/STM32G4xx_HAL_Driver/Src/stm32g4xx_hal_pwr_ex.o
                                      0xd0329 (size before relaxing)
 .debug_str     0x00000000000d42dc      0x498 Drivers/STM32G4xx_HAL_Driver/Src/stm32g4xx_hal_rcc.o
                                      0xd03bf (size before relaxing)
 .debug_str     0x00000000000d4774      0x568 Drivers/STM32G4xx_HAL_Driver/Src/stm32g4xx_hal_rcc_ex.o
                                      0xd04d8 (size before relaxing)
 .debug_str     0x00000000000d4cdc      0xff4 Drivers/STM32G4xx_HAL_Driver/Src/stm32g4xx_hal_tim.o
                                      0xd1040 (size before relaxing)
 .debug_str     0x00000000000d5cd0      0xa17 Drivers/STM32G4xx_HAL_Driver/Src/stm32g4xx_hal_tim_ex.o
                                      0xd0cde (size before relaxing)
 .debug_str     0x00000000000d66e7     0x2ac3 Src/canconfig.o
                                      0xd278a (size before relaxing)
 .debug_str     0x00000000000d91aa      0x106 Src/commands.o
                                      0xd3116 (size before relaxing)
 .debug_str     0x00000000000d92b0      0x120 Src/config.o
                                      0xd295c (size before relaxing)
 .debug_str     0x00000000000d93d0      0x311 Src/main.o
                                      0xd3fce (size before relaxing)
 .debug_str     0x00000000000d96e1       0x59 Src/parse.o
                                      0xd27a8 (size before relaxing)
 .debug_str     0x00000000000d973a       0x5b Src/stm32g4xx_hal_msp.o
                                      0xd38e3 (size before relaxing)
 .debug_str     0x00000000000d9795      0x147 Src/stm32g4xx_it.o
                                      0xd30d3 (size before relaxing)
 .debug_str     0x00000000000d98dc       0x52 Src/system_stm32g4xx.o
                                      0xcfe41 (size before relaxing)
 .debug_str     0x00000000000d992e       0x31 Startup/startup_stm32g441kbtx.o
                                         0x78 (size before relaxing)

.comment        0x0000000000000000       0x7b
 .comment       0x0000000000000000       0x7b Drivers/STM32G4xx_HAL_Driver/Src/stm32g4xx_hal.o
                                         0x7c (size before relaxing)
 .comment       0x000000000000007b       0x7c Drivers/STM32G4xx_HAL_Driver/Src/stm32g4xx_hal_adc.o
 .comment       0x000000000000007b       0x7c Drivers/STM32G4xx_HAL_Driver/Src/stm32g4xx_hal_adc_ex.o
 .comment       0x000000000000007b       0x7c Drivers/STM32G4xx_HAL_Driver/Src/stm32g4xx_hal_cortex.o
 .comment       0x000000000000007b       0x7c Drivers/STM32G4xx_HAL_Driver/Src/stm32g4xx_hal_dma.o
 .comment       0x000000000000007b       0x7c Drivers/STM32G4xx_HAL_Driver/Src/stm32g4xx_hal_fdcan.o
 .comment       0x000000000000007b       0x7c Drivers/STM32G4xx_HAL_Driver/Src/stm32g4xx_hal_flash.o
 .comment       0x000000000000007b       0x7c Drivers/STM32G4xx_HAL_Driver/Src/stm32g4xx_hal_flash_ex.o
 .comment       0x000000000000007b       0x7c Drivers/STM32G4xx_HAL_Driver/Src/stm32g4xx_hal_gpio.o
 .comment       0x000000000000007b       0x7c Drivers/STM32G4xx_HAL_Driver/Src/stm32g4xx_hal_pwr_ex.o
 .comment       0x000000000000007b       0x7c Drivers/STM32G4xx_HAL_Driver/Src/stm32g4xx_hal_rcc.o
 .comment       0x000000000000007b       0x7c Drivers/STM32G4xx_HAL_Driver/Src/stm32g4xx_hal_rcc_ex.o
 .comment       0x000000000000007b       0x7c Drivers/STM32G4xx_HAL_Driver/Src/stm32g4xx_hal_tim.o
 .comment       0x000000000000007b       0x7c Drivers/STM32G4xx_HAL_Driver/Src/stm32g4xx_hal_tim_ex.o
 .comment       0x000000000000007b       0x7c Src/canconfig.o
 .comment       0x000000000000007b       0x7c Src/commands.o
 .comment       0x000000000000007b       0x7c Src/config.o
 .comment       0x000000000000007b       0x7c Src/main.o
 .comment       0x000000000000007b       0x7c Src/parse.o
 .comment       0x000000000000007b       0x7c Src/stm32g4xx_hal_msp.o
 .comment       0x000000000000007b       0x7c Src/stm32g4xx_it.o
 .comment       0x000000000000007b       0x7c Src/system_stm32g4xx.o

.debug_frame    0x0000000000000000     0x5d9c
 .debug_frame   0x0000000000000000      0x4a0 Drivers/STM32G4xx_HAL_Driver/Src/stm32g4xx_hal.o
 .debug_frame   0x00000000000004a0      0xacc Drivers/STM32G4xx_HAL_Driver/Src/stm32g4xx_hal_adc.o
 .debug_frame   0x0000000000000f6c      0x81c Drivers/STM32G4xx_HAL_Driver/Src/stm32g4xx_hal_adc_ex.o
 .debug_frame   0x0000000000001788      0x498 Drivers/STM32G4xx_HAL_Driver/Src/stm32g4xx_hal_cortex.o
 .debug_frame   0x0000000000001c20      0x24c Drivers/STM32G4xx_HAL_Driver/Src/stm32g4xx_hal_dma.o
 .debug_frame   0x0000000000001e6c      0x9b0 Drivers/STM32G4xx_HAL_Driver/Src/stm32g4xx_hal_fdcan.o
 .debug_frame   0x000000000000281c      0x21c Drivers/STM32G4xx_HAL_Driver/Src/stm32g4xx_hal_flash.o
 .debug_frame   0x0000000000002a38      0x344 Drivers/STM32G4xx_HAL_Driver/Src/stm32g4xx_hal_flash_ex.o
 .debug_frame   0x0000000000002d7c      0x14c Drivers/STM32G4xx_HAL_Driver/Src/stm32g4xx_hal_gpio.o
 .debug_frame   0x0000000000002ec8      0x4fc Drivers/STM32G4xx_HAL_Driver/Src/stm32g4xx_hal_pwr_ex.o
 .debug_frame   0x00000000000033c4      0x23c Drivers/STM32G4xx_HAL_Driver/Src/stm32g4xx_hal_rcc.o
 .debug_frame   0x0000000000003600      0x2ac Drivers/STM32G4xx_HAL_Driver/Src/stm32g4xx_hal_rcc_ex.o
 .debug_frame   0x00000000000038ac     0x1190 Drivers/STM32G4xx_HAL_Driver/Src/stm32g4xx_hal_tim.o
 .debug_frame   0x0000000000004a3c      0x9f0 Drivers/STM32G4xx_HAL_Driver/Src/stm32g4xx_hal_tim_ex.o
 .debug_frame   0x000000000000542c       0x38 Src/canconfig.o
 .debug_frame   0x0000000000005464      0x14c Src/commands.o
 .debug_frame   0x00000000000055b0      0x120 Src/config.o
 .debug_frame   0x00000000000056d0      0x2a4 Src/main.o
 .debug_frame   0x0000000000005974       0x88 Src/parse.o
 .debug_frame   0x00000000000059fc      0x12c Src/stm32g4xx_hal_msp.o
 .debug_frame   0x0000000000005b28      0x1d0 Src/stm32g4xx_it.o
 .debug_frame   0x0000000000005cf8       0x58 Src/system_stm32g4xx.o
 .debug_frame   0x0000000000005d50       0x2c c:/st/stm32cubeide_1.0.2/stm32cubeide/plugins/com.st.stm32cube.ide.mcu.externaltools.gnu-tools-for-stm32.7-2018-q2-update.win32_1.0.0.201904181610/tools/bin/../lib/gcc/arm-none-eabi/7.3.1/../../../../arm-none-eabi/lib/thumb/v7e-m/fpv4-sp/hard\libc_nano.a(lib_a-init.o)
 .debug_frame   0x0000000000005d7c       0x20 c:/st/stm32cubeide_1.0.2/stm32cubeide/plugins/com.st.stm32cube.ide.mcu.externaltools.gnu-tools-for-stm32.7-2018-q2-update.win32_1.0.0.201904181610/tools/bin/../lib/gcc/arm-none-eabi/7.3.1/../../../../arm-none-eabi/lib/thumb/v7e-m/fpv4-sp/hard\libc_nano.a(lib_a-memset.o)
