commands.c:12:6:Acknowledge	56	static
commands.c:58:6:Save_Config	8	static
commands.c:72:6:Switch_Power	24	static
commands.c:86:6:Switch_DC	24	static
commands.c:106:6:Buffer_Can_Message	16	static
commands.c:129:6:Sample_Temperature_Voltage	16	static
commands.c:136:6:Clear_Error	16	static
commands.c:167:6:Config_Message	16	static
commands.c:200:6:Config_Switch_Defaults	24	static
commands.c:220:6:Config_Can_Sync	24	static
commands.c:240:6:Config_Can_Timed	24	static
commands.c:260:6:Config_Can_Interval	16	static
commands.c:267:6:Config_Can_Sync_Delay	16	static
commands.c:274:6:Config_Temperature_Voltage_Reading	16	static
commands.c:303:6:Config_Default_DC	24	static
commands.c:318:6:Config_PWM_Prescalers	24	static
commands.c:333:6:Config_DIO_Pins	32	static
commands.c:370:6:Config_Interrupt_Power	24	static
commands.c:381:6:Config_Interrupt_Can	16	static
