main.c:157:5:main	16	static
main.c:247:6:HAL_TIM_PeriodElapsedCallback	16	static
main.c:293:6:HAL_ADC_ConvCpltCallback	136	static
main.c:600:6:Can_Send	64	static
main.c:661:6:Can_Sync	16	static
main.c:675:6:HAL_FDCAN_RxFifo0Callback	72	static
main.c:760:6:Set_Error	16	static
main.c:766:6:Send_Error	48	static
main.c:811:6:SystemClock_Config	152	static
main.c:853:13:MX_ADC1_Init	56	static
main.c:919:13:MX_ADC2_Init	40	static
main.c:972:13:MX_FDCAN_Init	40	static
main.c:1046:13:MX_DMA_Init	16	static
main.c:1057:13:MX_GPIO_Init	40	static
main.c:1159:13:MX_TIM1_Init	8	static
main.c:1171:13:MX_TIM6_Init	8	static
main.c:1184:13:MX_TIM7_Init	8	static
main.c:1197:13:MX_TIM15_Init	8	static
main.c:1209:13:MX_TIM16_Init	8	static
main.c:1224:6:Error_Handler	8	static
