main.c:113:5:main	16	static
main.c:194:6:HAL_TIM_PeriodElapsedCallback	16	static
main.c:203:6:HAL_ADC_ConvCpltCallback	104	static
main.c:383:6:Can_Send	64	static
main.c:446:6:HAL_FDCAN_RxFifo0Callback	72	static
main.c:510:6:SystemClock_Config	152	static
main.c:552:13:MX_ADC1_Init	56	static
main.c:618:13:MX_ADC2_Init	40	static
main.c:671:13:MX_FDCAN_Init	40	static
main.c:745:13:MX_DMA_Init	16	static
main.c:756:13:MX_GPIO_Init	40	static
main.c:859:13:MX_TIM6_Init	8	static
main.c:875:6:Error_Handler	8	static
