main.c:118:5:main	16	static
main.c:228:6:HAL_TIM_PeriodElapsedCallback	16	static
main.c:241:6:HAL_ADC_ConvCpltCallback	104	static
main.c:421:6:Can_Send	64	static
main.c:484:6:HAL_FDCAN_RxFifo0Callback	72	static
main.c:553:6:SystemClock_Config	152	static
main.c:595:13:MX_ADC1_Init	56	static
main.c:661:13:MX_ADC2_Init	40	static
main.c:714:13:MX_FDCAN_Init	40	static
main.c:788:13:MX_DMA_Init	16	static
main.c:799:13:MX_GPIO_Init	40	static
main.c:902:13:MX_TIM6_Init	8	static
main.c:915:13:MX_TIM7_Init	8	static
main.c:929:6:Error_Handler	8	static
