main.c:147:5:main	16	static
main.c:265:6:HAL_TIM_PeriodElapsedCallback	16	static
main.c:278:6:HAL_ADC_ConvCpltCallback	136	static
main.c:585:6:Can_Send	64	static
main.c:645:6:HAL_FDCAN_RxFifo0Callback	72	static
main.c:716:6:Set_Error	16	static
main.c:722:6:Send_Error	48	static
main.c:767:6:SystemClock_Config	152	static
main.c:809:13:MX_ADC1_Init	56	static
main.c:875:13:MX_ADC2_Init	40	static
main.c:928:13:MX_FDCAN_Init	40	static
main.c:1002:13:MX_DMA_Init	16	static
main.c:1013:13:MX_GPIO_Init	40	static
main.c:1114:13:MX_TIM6_Init	8	static
main.c:1127:13:MX_TIM7_Init	8	static
main.c:1141:6:Error_Handler	8	static
