main.c:211:5:main	16	static
main.c:339:6:HAL_TIM_PeriodElapsedCallback	16	static
main.c:386:6:HAL_LPTIM_CompareMatchCallback	40	static
main.c:502:6:HAL_GPIO_EXTI_Callback	24	static
main.c:594:6:HAL_ADC_ConvCpltCallback	96	static
main.c:821:6:Can_Send	64	static
main.c:882:6:Can_Sync	16	static
main.c:896:6:HAL_FDCAN_RxFifo0Callback	88	static
main.c:1036:6:Set_Error	16	static
main.c:1042:6:Send_Error	48	static
main.c:1086:6:Write_PWM	120	static
main.c:1149:6:SystemClock_Config	152	static
main.c:1190:13:MX_ADC1_Init	56	static
main.c:1256:13:MX_ADC2_Init	40	static
main.c:1309:13:MX_FDCAN_Init	40	static
main.c:1383:13:MX_DMA_Init	16	static
main.c:1394:13:MX_GPIO_Init	40	static
main.c:1500:13:MX_TIM1_Init	8	static
main.c:1512:13:MX_TIM6_Init	8	static
main.c:1525:13:MX_TIM7_Init	8	static
main.c:1538:13:MX_TIM15_Init	8	static
main.c:1550:13:MX_TIM16_Init	8	static
main.c:1564:13:MX_TIM17_Init	40	static
main.c:1607:13:MX_TIM2_Init	88	static
main.c:1695:13:MX_TIM3_Init	40	static
main.c:1730:13:MX_TIM4_Init	88	static
main.c:1818:13:MX_TIM8_Init	136	static
main.c:1920:13:MX_LPTIM1_Init	8	static
main.c:1938:6:Error_Handler	8	static
