main.c:152:5:main	16	static
main.c:240:6:HAL_TIM_PeriodElapsedCallback	16	static
main.c:270:6:HAL_ADC_ConvCpltCallback	136	static
main.c:577:6:Can_Send	64	static
main.c:638:6:Can_Sync	16	static
main.c:652:6:HAL_FDCAN_RxFifo0Callback	72	static
main.c:734:6:Set_Error	16	static
main.c:740:6:Send_Error	48	static
main.c:785:6:SystemClock_Config	152	static
main.c:827:13:MX_ADC1_Init	56	static
main.c:893:13:MX_ADC2_Init	40	static
main.c:946:13:MX_FDCAN_Init	40	static
main.c:1020:13:MX_DMA_Init	16	static
main.c:1031:13:MX_GPIO_Init	40	static
main.c:1132:13:MX_TIM6_Init	8	static
main.c:1145:13:MX_TIM7_Init	8	static
main.c:1158:13:MX_TIM15_Init	8	static
main.c:1170:13:MX_TIM16_Init	8	static
main.c:1185:6:Error_Handler	8	static
