main.c:175:5:main	16	static
main.c:264:6:HAL_TIM_PeriodElapsedCallback	16	static
main.c:308:6:HAL_ADC_ConvCpltCallback	136	static
main.c:615:6:Can_Send	64	static
main.c:676:6:Can_Sync	16	static
main.c:690:6:HAL_FDCAN_RxFifo0Callback	72	static
main.c:818:6:Set_Error	16	static
main.c:824:6:Send_Error	48	static
main.c:868:6:Write_PWM	120	static
main.c:927:6:SystemClock_Config	152	static
main.c:968:13:MX_ADC1_Init	56	static
main.c:1034:13:MX_ADC2_Init	40	static
main.c:1087:13:MX_FDCAN_Init	40	static
main.c:1161:13:MX_DMA_Init	16	static
main.c:1172:13:MX_GPIO_Init	40	static
main.c:1254:13:MX_TIM1_Init	8	static
main.c:1266:13:MX_TIM6_Init	8	static
main.c:1279:13:MX_TIM7_Init	8	static
main.c:1292:13:MX_TIM15_Init	8	static
main.c:1304:13:MX_TIM16_Init	8	static
main.c:1318:13:MX_TIM17_Init	40	static
main.c:1361:13:MX_TIM2_Init	88	static
main.c:1449:13:MX_TIM3_Init	40	static
main.c:1484:13:MX_TIM4_Init	88	static
main.c:1572:13:MX_TIM8_Init	136	static
main.c:1675:6:Error_Handler	8	static
