main.c:149:5:main	16	static
main.c:267:6:HAL_TIM_PeriodElapsedCallback	16	static
main.c:295:6:HAL_ADC_ConvCpltCallback	136	static
main.c:605:6:Can_Send	64	static
main.c:665:6:HAL_FDCAN_RxFifo0Callback	72	static
main.c:736:6:Set_Error	16	static
main.c:742:6:Send_Error	48	static
main.c:787:6:SystemClock_Config	152	static
main.c:829:13:MX_ADC1_Init	56	static
main.c:895:13:MX_ADC2_Init	40	static
main.c:948:13:MX_FDCAN_Init	40	static
main.c:1022:13:MX_DMA_Init	16	static
main.c:1033:13:MX_GPIO_Init	40	static
main.c:1134:13:MX_TIM6_Init	8	static
main.c:1147:13:MX_TIM7_Init	8	static
main.c:1160:13:MX_TIM15_Init	8	static
main.c:1173:6:Error_Handler	8	static
