main.c:152:5:main	16	static
main.c:271:6:HAL_TIM_PeriodElapsedCallback	16	static
main.c:301:6:HAL_ADC_ConvCpltCallback	136	static
main.c:608:6:Can_Send	64	static
main.c:668:6:HAL_FDCAN_RxFifo0Callback	72	static
main.c:748:6:Set_Error	16	static
main.c:754:6:Send_Error	48	static
main.c:799:6:SystemClock_Config	152	static
main.c:841:13:MX_ADC1_Init	56	static
main.c:907:13:MX_ADC2_Init	40	static
main.c:960:13:MX_FDCAN_Init	40	static
main.c:1034:13:MX_DMA_Init	16	static
main.c:1045:13:MX_GPIO_Init	40	static
main.c:1146:13:MX_TIM6_Init	8	static
main.c:1159:13:MX_TIM7_Init	8	static
main.c:1172:13:MX_TIM15_Init	8	static
main.c:1184:13:MX_TIM16_Init	8	static
main.c:1199:6:Error_Handler	8	static
