main.c:199:5:main	16	static
main.c:314:6:HAL_TIM_PeriodElapsedCallback	16	static
main.c:361:6:HAL_LPTIM_CompareMatchCallback	40	static
main.c:477:6:HAL_GPIO_EXTI_Callback	24	static
main.c:569:6:HAL_ADC_ConvCpltCallback	96	static
main.c:752:6:Can_Send	64	static
main.c:813:6:Can_Sync	16	static
main.c:827:6:HAL_FDCAN_RxFifo0Callback	88	static
main.c:963:6:Set_Error	16	static
main.c:969:6:Send_Error	48	static
main.c:1013:6:Write_PWM	120	static
main.c:1076:6:SystemClock_Config	152	static
main.c:1117:13:MX_ADC1_Init	56	static
main.c:1183:13:MX_ADC2_Init	40	static
main.c:1236:13:MX_FDCAN_Init	40	static
main.c:1310:13:MX_DMA_Init	16	static
main.c:1321:13:MX_GPIO_Init	40	static
main.c:1419:13:MX_TIM1_Init	8	static
main.c:1431:13:MX_TIM6_Init	8	static
main.c:1444:13:MX_TIM7_Init	8	static
main.c:1457:13:MX_TIM15_Init	8	static
main.c:1469:13:MX_TIM16_Init	8	static
main.c:1483:13:MX_TIM17_Init	40	static
main.c:1526:13:MX_TIM2_Init	88	static
main.c:1614:13:MX_TIM3_Init	40	static
main.c:1649:13:MX_TIM4_Init	88	static
main.c:1737:13:MX_TIM8_Init	136	static
main.c:1839:13:MX_LPTIM1_Init	8	static
main.c:1857:6:Error_Handler	8	static
