main.c:116:5:main	16	static
main.c:224:6:HAL_TIM_PeriodElapsedCallback	16	static
main.c:233:6:HAL_ADC_ConvCpltCallback	104	static
main.c:413:6:Can_Send	64	static
main.c:476:6:HAL_FDCAN_RxFifo0Callback	72	static
main.c:545:6:SystemClock_Config	152	static
main.c:587:13:MX_ADC1_Init	56	static
main.c:653:13:MX_ADC2_Init	40	static
main.c:706:13:MX_FDCAN_Init	40	static
main.c:780:13:MX_DMA_Init	16	static
main.c:791:13:MX_GPIO_Init	40	static
main.c:894:13:MX_TIM6_Init	8	static
main.c:910:6:Error_Handler	8	static
