main.c:157:5:main	16	static
main.c:247:6:HAL_TIM_PeriodElapsedCallback	16	static
main.c:294:6:HAL_ADC_ConvCpltCallback	136	static
main.c:601:6:Can_Send	64	static
main.c:662:6:Can_Sync	16	static
main.c:676:6:HAL_FDCAN_RxFifo0Callback	72	static
main.c:761:6:Set_Error	16	static
main.c:767:6:Send_Error	48	static
main.c:812:6:SystemClock_Config	152	static
main.c:854:13:MX_ADC1_Init	56	static
main.c:920:13:MX_ADC2_Init	40	static
main.c:973:13:MX_FDCAN_Init	40	static
main.c:1047:13:MX_DMA_Init	16	static
main.c:1058:13:MX_GPIO_Init	40	static
main.c:1160:13:MX_TIM1_Init	8	static
main.c:1172:13:MX_TIM6_Init	8	static
main.c:1185:13:MX_TIM7_Init	8	static
main.c:1198:13:MX_TIM15_Init	8	static
main.c:1210:13:MX_TIM16_Init	8	static
main.c:1225:6:Error_Handler	8	static
