main.c:187:5:main	16	static
main.c:277:6:HAL_TIM_PeriodElapsedCallback	16	static
main.c:323:6:HAL_LPTIM_CompareMatchCallback	40	static
main.c:435:6:HAL_GPIO_EXTI_Callback	24	static
main.c:527:6:HAL_ADC_ConvCpltCallback	136	static
main.c:834:6:Can_Send	64	static
main.c:895:6:Can_Sync	16	static
main.c:909:6:HAL_FDCAN_RxFifo0Callback	88	static
main.c:1045:6:Set_Error	16	static
main.c:1051:6:Send_Error	48	static
main.c:1095:6:Write_PWM	120	static
main.c:1158:6:SystemClock_Config	152	static
main.c:1199:13:MX_ADC1_Init	56	static
main.c:1265:13:MX_ADC2_Init	40	static
main.c:1318:13:MX_FDCAN_Init	40	static
main.c:1392:13:MX_DMA_Init	16	static
main.c:1403:13:MX_GPIO_Init	40	static
main.c:1501:13:MX_TIM1_Init	8	static
main.c:1513:13:MX_TIM6_Init	8	static
main.c:1526:13:MX_TIM7_Init	8	static
main.c:1539:13:MX_TIM15_Init	8	static
main.c:1551:13:MX_TIM16_Init	8	static
main.c:1565:13:MX_TIM17_Init	40	static
main.c:1608:13:MX_TIM2_Init	88	static
main.c:1696:13:MX_TIM3_Init	40	static
main.c:1731:13:MX_TIM4_Init	88	static
main.c:1819:13:MX_TIM8_Init	136	static
main.c:1921:13:MX_LPTIM1_Init	8	static
main.c:1939:6:Error_Handler	8	static
