main.c:187:5:main	16	static
main.c:277:6:HAL_TIM_PeriodElapsedCallback	16	static
main.c:323:6:HAL_LPTIM_CompareMatchCallback	40	static
main.c:435:6:HAL_GPIO_EXTI_Callback	24	static
main.c:527:6:HAL_ADC_ConvCpltCallback	136	static
main.c:834:6:Can_Send	64	static
main.c:895:6:Can_Sync	16	static
main.c:909:6:HAL_FDCAN_RxFifo0Callback	72	static
main.c:1037:6:Set_Error	16	static
main.c:1043:6:Send_Error	48	static
main.c:1087:6:Write_PWM	120	static
main.c:1146:6:SystemClock_Config	152	static
main.c:1187:13:MX_ADC1_Init	56	static
main.c:1253:13:MX_ADC2_Init	40	static
main.c:1306:13:MX_FDCAN_Init	40	static
main.c:1380:13:MX_DMA_Init	16	static
main.c:1391:13:MX_GPIO_Init	40	static
main.c:1489:13:MX_TIM1_Init	8	static
main.c:1501:13:MX_TIM6_Init	8	static
main.c:1514:13:MX_TIM7_Init	8	static
main.c:1527:13:MX_TIM15_Init	8	static
main.c:1539:13:MX_TIM16_Init	8	static
main.c:1553:13:MX_TIM17_Init	40	static
main.c:1596:13:MX_TIM2_Init	88	static
main.c:1684:13:MX_TIM3_Init	40	static
main.c:1719:13:MX_TIM4_Init	88	static
main.c:1807:13:MX_TIM8_Init	136	static
main.c:1909:13:MX_LPTIM1_Init	8	static
main.c:1927:6:Error_Handler	8	static
