main.c:151:5:main	16	static
main.c:239:6:HAL_TIM_PeriodElapsedCallback	16	static
main.c:271:6:HAL_ADC_ConvCpltCallback	136	static
main.c:578:6:Can_Send	64	static
main.c:639:6:Can_Sync	16	static
main.c:653:6:HAL_FDCAN_RxFifo0Callback	72	static
main.c:733:6:Set_Error	16	static
main.c:739:6:Send_Error	48	static
main.c:784:6:SystemClock_Config	152	static
main.c:826:13:MX_ADC1_Init	56	static
main.c:892:13:MX_ADC2_Init	40	static
main.c:945:13:MX_FDCAN_Init	40	static
main.c:1019:13:MX_DMA_Init	16	static
main.c:1030:13:MX_GPIO_Init	40	static
main.c:1131:13:MX_TIM6_Init	8	static
main.c:1144:13:MX_TIM7_Init	8	static
main.c:1157:13:MX_TIM15_Init	8	static
main.c:1169:13:MX_TIM16_Init	8	static
main.c:1184:6:Error_Handler	8	static
