main.c:161:5:main	80	static
main.c:269:6:HAL_TIM_PeriodElapsedCallback	16	static
main.c:315:6:HAL_ADC_ConvCpltCallback	136	static
main.c:622:6:Can_Send	64	static
main.c:683:6:Can_Sync	16	static
main.c:697:6:HAL_FDCAN_RxFifo0Callback	72	static
main.c:782:6:Set_Error	16	static
main.c:788:6:Send_Error	48	static
main.c:832:6:Write_PWM	40	static
main.c:860:6:SystemClock_Config	152	static
main.c:901:13:MX_ADC1_Init	56	static
main.c:967:13:MX_ADC2_Init	40	static
main.c:1020:13:MX_FDCAN_Init	40	static
main.c:1094:13:MX_DMA_Init	16	static
main.c:1105:13:MX_GPIO_Init	40	static
main.c:1207:13:MX_TIM1_Init	8	static
main.c:1219:13:MX_TIM6_Init	8	static
main.c:1232:13:MX_TIM7_Init	8	static
main.c:1245:13:MX_TIM15_Init	8	static
main.c:1257:13:MX_TIM16_Init	8	static
main.c:1271:13:MX_TIM17_Init	88	static
main.c:1322:6:Error_Handler	8	static
