main.c:122:5:main	16	static
main.c:240:6:HAL_TIM_PeriodElapsedCallback	16	static
main.c:253:6:HAL_ADC_ConvCpltCallback	104	static
main.c:433:6:Can_Send	64	static
main.c:493:6:HAL_FDCAN_RxFifo0Callback	72	static
main.c:564:6:Set_Error	16	static
main.c:570:6:Send_Error	48	static
main.c:615:6:SystemClock_Config	152	static
main.c:657:13:MX_ADC1_Init	56	static
main.c:723:13:MX_ADC2_Init	40	static
main.c:776:13:MX_FDCAN_Init	40	static
main.c:850:13:MX_DMA_Init	16	static
main.c:861:13:MX_GPIO_Init	40	static
main.c:962:13:MX_TIM6_Init	8	static
main.c:975:13:MX_TIM7_Init	8	static
main.c:989:6:Error_Handler	8	static
