main.c:121:5:main	16	static
main.c:236:6:HAL_TIM_PeriodElapsedCallback	16	static
main.c:249:6:HAL_ADC_ConvCpltCallback	104	static
main.c:429:6:Can_Send	64	static
main.c:489:6:HAL_FDCAN_RxFifo0Callback	72	static
main.c:560:6:Set_Error	16	static
main.c:566:6:Send_Error	48	static
main.c:611:6:SystemClock_Config	152	static
main.c:653:13:MX_ADC1_Init	56	static
main.c:719:13:MX_ADC2_Init	40	static
main.c:772:13:MX_FDCAN_Init	40	static
main.c:846:13:MX_DMA_Init	16	static
main.c:857:13:MX_GPIO_Init	40	static
main.c:958:13:MX_TIM6_Init	8	static
main.c:971:13:MX_TIM7_Init	8	static
main.c:985:6:Error_Handler	8	static
