main.c:173:5:main	16	static
main.c:273:6:HAL_TIM_PeriodElapsedCallback	16	static
main.c:319:6:HAL_ADC_ConvCpltCallback	136	static
main.c:626:6:Can_Send	64	static
main.c:687:6:Can_Sync	16	static
main.c:701:6:HAL_FDCAN_RxFifo0Callback	72	static
main.c:798:6:Set_Error	16	static
main.c:804:6:Send_Error	48	static
main.c:848:6:Write_PWM	120	static
main.c:907:6:SystemClock_Config	152	static
main.c:948:13:MX_ADC1_Init	56	static
main.c:1014:13:MX_ADC2_Init	40	static
main.c:1067:13:MX_FDCAN_Init	40	static
main.c:1141:13:MX_DMA_Init	16	static
main.c:1152:13:MX_GPIO_Init	40	static
main.c:1234:13:MX_TIM1_Init	8	static
main.c:1246:13:MX_TIM6_Init	8	static
main.c:1259:13:MX_TIM7_Init	8	static
main.c:1272:13:MX_TIM15_Init	8	static
main.c:1284:13:MX_TIM16_Init	8	static
main.c:1298:13:MX_TIM17_Init	40	static
main.c:1341:13:MX_TIM2_Init	40	static
main.c:1376:13:MX_TIM3_Init	40	static
main.c:1411:13:MX_TIM4_Init	40	static
main.c:1446:13:MX_TIM8_Init	40	static
main.c:1486:6:Error_Handler	8	static
