main.c:151:5:main	16	static
main.c:240:6:HAL_TIM_PeriodElapsedCallback	16	static
main.c:271:6:HAL_ADC_ConvCpltCallback	136	static
main.c:578:6:Can_Send	64	static
main.c:639:6:Can_Sync	16	static
main.c:657:6:HAL_FDCAN_RxFifo0Callback	72	static
main.c:739:6:Set_Error	16	static
main.c:745:6:Send_Error	48	static
main.c:790:6:SystemClock_Config	152	static
main.c:832:13:MX_ADC1_Init	56	static
main.c:898:13:MX_ADC2_Init	40	static
main.c:951:13:MX_FDCAN_Init	40	static
main.c:1025:13:MX_DMA_Init	16	static
main.c:1036:13:MX_GPIO_Init	40	static
main.c:1137:13:MX_TIM6_Init	8	static
main.c:1150:13:MX_TIM7_Init	8	static
main.c:1163:13:MX_TIM15_Init	8	static
main.c:1175:13:MX_TIM16_Init	8	static
main.c:1190:6:Error_Handler	8	static
