main.c:115:5:main	16	static
main.c:223:6:HAL_TIM_PeriodElapsedCallback	16	static
main.c:232:6:HAL_ADC_ConvCpltCallback	104	static
main.c:412:6:Can_Send	64	static
main.c:475:6:HAL_FDCAN_RxFifo0Callback	72	static
main.c:539:6:SystemClock_Config	152	static
main.c:581:13:MX_ADC1_Init	56	static
main.c:647:13:MX_ADC2_Init	40	static
main.c:700:13:MX_FDCAN_Init	40	static
main.c:774:13:MX_DMA_Init	16	static
main.c:785:13:MX_GPIO_Init	40	static
main.c:888:13:MX_TIM6_Init	8	static
main.c:904:6:Error_Handler	8	static
