main.c:211:5:main	16	static
main.c:337:6:HAL_TIM_PeriodElapsedCallback	16	static
main.c:384:6:HAL_LPTIM_CompareMatchCallback	40	static
main.c:500:6:HAL_GPIO_EXTI_Callback	24	static
main.c:592:6:HAL_ADC_ConvCpltCallback	96	static
main.c:819:6:Can_Send	64	static
main.c:880:6:Can_Sync	16	static
main.c:894:6:HAL_FDCAN_RxFifo0Callback	88	static
main.c:1034:6:Set_Error	16	static
main.c:1040:6:Send_Error	48	static
main.c:1084:6:Write_PWM	120	static
main.c:1147:6:SystemClock_Config	152	static
main.c:1188:13:MX_ADC1_Init	56	static
main.c:1254:13:MX_ADC2_Init	40	static
main.c:1307:13:MX_FDCAN_Init	40	static
main.c:1381:13:MX_DMA_Init	16	static
main.c:1392:13:MX_GPIO_Init	40	static
main.c:1498:13:MX_TIM1_Init	8	static
main.c:1510:13:MX_TIM6_Init	8	static
main.c:1523:13:MX_TIM7_Init	8	static
main.c:1536:13:MX_TIM15_Init	8	static
main.c:1548:13:MX_TIM16_Init	8	static
main.c:1562:13:MX_TIM17_Init	40	static
main.c:1605:13:MX_TIM2_Init	88	static
main.c:1693:13:MX_TIM3_Init	40	static
main.c:1728:13:MX_TIM4_Init	88	static
main.c:1816:13:MX_TIM8_Init	136	static
main.c:1918:13:MX_LPTIM1_Init	8	static
main.c:1936:6:Error_Handler	8	static
