main.c:173:5:main	16	static
main.c:273:6:HAL_TIM_PeriodElapsedCallback	16	static
main.c:319:6:HAL_ADC_ConvCpltCallback	136	static
main.c:626:6:Can_Send	64	static
main.c:687:6:Can_Sync	16	static
main.c:701:6:HAL_FDCAN_RxFifo0Callback	72	static
main.c:790:6:Set_Error	16	static
main.c:796:6:Send_Error	48	static
main.c:840:6:Write_PWM	120	static
main.c:899:6:SystemClock_Config	152	static
main.c:940:13:MX_ADC1_Init	56	static
main.c:1006:13:MX_ADC2_Init	40	static
main.c:1059:13:MX_FDCAN_Init	40	static
main.c:1133:13:MX_DMA_Init	16	static
main.c:1144:13:MX_GPIO_Init	40	static
main.c:1226:13:MX_TIM1_Init	8	static
main.c:1238:13:MX_TIM6_Init	8	static
main.c:1251:13:MX_TIM7_Init	8	static
main.c:1264:13:MX_TIM15_Init	8	static
main.c:1276:13:MX_TIM16_Init	8	static
main.c:1290:13:MX_TIM17_Init	40	static
main.c:1333:13:MX_TIM2_Init	40	static
main.c:1368:13:MX_TIM3_Init	40	static
main.c:1403:13:MX_TIM4_Init	40	static
main.c:1438:13:MX_TIM8_Init	40	static
main.c:1478:6:Error_Handler	8	static
