main.c:185:5:main	16	static
main.c:275:6:HAL_TIM_PeriodElapsedCallback	16	static
main.c:320:6:HAL_LPTIM_CompareMatchCallback	24	static
main.c:400:6:HAL_GPIO_EXTI_Callback	24	static
main.c:492:6:HAL_ADC_ConvCpltCallback	136	static
main.c:799:6:Can_Send	64	static
main.c:860:6:Can_Sync	16	static
main.c:874:6:HAL_FDCAN_RxFifo0Callback	72	static
main.c:1002:6:Set_Error	16	static
main.c:1008:6:Send_Error	48	static
main.c:1052:6:Write_PWM	120	static
main.c:1111:6:SystemClock_Config	152	static
main.c:1152:13:MX_ADC1_Init	56	static
main.c:1218:13:MX_ADC2_Init	40	static
main.c:1271:13:MX_FDCAN_Init	40	static
main.c:1345:13:MX_DMA_Init	16	static
main.c:1356:13:MX_GPIO_Init	40	static
main.c:1454:13:MX_TIM1_Init	8	static
main.c:1466:13:MX_TIM6_Init	8	static
main.c:1479:13:MX_TIM7_Init	8	static
main.c:1492:13:MX_TIM15_Init	8	static
main.c:1504:13:MX_TIM16_Init	8	static
main.c:1518:13:MX_TIM17_Init	40	static
main.c:1561:13:MX_TIM2_Init	88	static
main.c:1649:13:MX_TIM3_Init	40	static
main.c:1684:13:MX_TIM4_Init	88	static
main.c:1772:13:MX_TIM8_Init	136	static
main.c:1874:13:MX_LPTIM1_Init	8	static
main.c:1892:6:Error_Handler	8	static
