stm32g4xx_it.c:12:6:NMI_Handler	4	static
stm32g4xx_it.c:17:6:HardFault_Handler	4	static
stm32g4xx_it.c:25:6:MemManage_Handler	4	static
stm32g4xx_it.c:33:6:BusFault_Handler	4	static
stm32g4xx_it.c:41:6:UsageFault_Handler	4	static
stm32g4xx_it.c:49:6:SVC_Handler	4	static
stm32g4xx_it.c:54:6:DebugMon_Handler	4	static
stm32g4xx_it.c:59:6:PendSV_Handler	4	static
stm32g4xx_it.c:64:6:SysTick_Handler	8	static
stm32g4xx_it.c:70:6:DMA1_Channel1_IRQHandler	8	static
stm32g4xx_it.c:75:6:DMA1_Channel2_IRQHandler	8	static
stm32g4xx_it.c:81:6:FDCAN1_IT0_IRQHandler	8	static
stm32g4xx_it.c:86:6:TIM6_DAC_IRQHandler	8	static
stm32g4xx_it.c:91:6:TIM7_IRQHandler	8	static
stm32g4xx_it.c:96:6:TIM1_BRK_TIM15_IRQHandler	8	static
