stm32g4xx_it.c:14:6:NMI_Handler	4	static
stm32g4xx_it.c:19:6:HardFault_Handler	4	static
stm32g4xx_it.c:27:6:MemManage_Handler	4	static
stm32g4xx_it.c:35:6:BusFault_Handler	4	static
stm32g4xx_it.c:43:6:UsageFault_Handler	4	static
stm32g4xx_it.c:51:6:SVC_Handler	4	static
stm32g4xx_it.c:56:6:DebugMon_Handler	4	static
stm32g4xx_it.c:61:6:PendSV_Handler	4	static
stm32g4xx_it.c:66:6:SysTick_Handler	8	static
stm32g4xx_it.c:72:6:DMA1_Channel1_IRQHandler	8	static
stm32g4xx_it.c:77:6:DMA1_Channel2_IRQHandler	8	static
stm32g4xx_it.c:83:6:FDCAN1_IT0_IRQHandler	8	static
stm32g4xx_it.c:88:6:TIM6_DAC_IRQHandler	8	static
stm32g4xx_it.c:93:6:TIM7_IRQHandler	8	static
stm32g4xx_it.c:98:6:TIM1_BRK_TIM15_IRQHandler	8	static
stm32g4xx_it.c:104:6:TIM1_UP_TIM16_IRQHandler	8	static
